../Core/Inc/jsmn.h:106:19:jsmn_alloc_token	32	static
../Core/Inc/jsmn.h:124:13:jsmn_fill_token	24	static
../Core/Inc/jsmn.h:135:12:jsmn_parse_primitive	32	static
../Core/Inc/jsmn.h:193:12:jsmn_parse_string	40	static
../Core/Inc/jsmn.h:268:14:jsmn_parse	56	static
../Core/Inc/jsmn.h:459:15:jsmn_init	16	static
../Core/Src/main.c:102:5:main	8	static
../Core/Src/main.c:211:6:SystemClock_Config	88	static
../Core/Src/main.c:257:13:MX_SPI1_Init	8	static
../Core/Src/main.c:295:13:MX_SPI2_Init	8	static
../Core/Src/main.c:333:13:MX_USART2_UART_Init	8	static
../Core/Src/main.c:366:13:MX_USART3_UART_Init	8	static
../Core/Src/main.c:399:13:MX_GPIO_Init	56	static
../Core/Src/main.c:532:6:apply_mask	32	static
../Core/Src/main.c:538:6:send_websocket_message	96	dynamic
../Core/Src/main.c:560:5:jsoneq	24	static
../Core/Src/main.c:569:6:process_received_data	2104	static
../Core/Src/main.c:600:6:print_hex	24	static
../Core/Src/main.c:617:6:StartAliveTask	16	static
../Core/Src/main.c:643:6:StartNetworkTask	72	static
../Core/Src/main.c:821:6:HAL_TIM_PeriodElapsedCallback	16	static
../Core/Src/main.c:838:6:Error_Handler	4	static,ignoring_inline_asm
