Archive member included to satisfy reference by file (symbol)

C:/ST/STM32CubeIDE_1.15.0/STM32CubeIDE/plugins/com.st.stm32cube.ide.mcu.externaltools.gnu-tools-for-stm32.12.3.rel1.win32_1.0.100.202403111256/tools/bin/../lib/gcc/arm-none-eabi/12.3.1/../../../../arm-none-eabi/lib/thumb/v7e-m+fp/hard\libc_nano.a(libc_a-exit.o)
                              C:/ST/STM32CubeIDE_1.15.0/STM32CubeIDE/plugins/com.st.stm32cube.ide.mcu.externaltools.gnu-tools-for-stm32.12.3.rel1.win32_1.0.100.202403111256/tools/bin/../lib/gcc/arm-none-eabi/12.3.1/../../../../arm-none-eabi/lib/thumb/v7e-m+fp/hard/crt0.o (exit)
C:/ST/STM32CubeIDE_1.15.0/STM32CubeIDE/plugins/com.st.stm32cube.ide.mcu.externaltools.gnu-tools-for-stm32.12.3.rel1.win32_1.0.100.202403111256/tools/bin/../lib/gcc/arm-none-eabi/12.3.1/../../../../arm-none-eabi/lib/thumb/v7e-m+fp/hard\libc_nano.a(libc_a-malloc.o)
                              ./Core/Src/main.o (malloc)
C:/ST/STM32CubeIDE_1.15.0/STM32CubeIDE/plugins/com.st.stm32cube.ide.mcu.externaltools.gnu-tools-for-stm32.12.3.rel1.win32_1.0.100.202403111256/tools/bin/../lib/gcc/arm-none-eabi/12.3.1/../../../../arm-none-eabi/lib/thumb/v7e-m+fp/hard\libc_nano.a(libc_a-mallocr.o)
                              C:/ST/STM32CubeIDE_1.15.0/STM32CubeIDE/plugins/com.st.stm32cube.ide.mcu.externaltools.gnu-tools-for-stm32.12.3.rel1.win32_1.0.100.202403111256/tools/bin/../lib/gcc/arm-none-eabi/12.3.1/../../../../arm-none-eabi/lib/thumb/v7e-m+fp/hard\libc_nano.a(libc_a-malloc.o) (_malloc_r)
C:/ST/STM32CubeIDE_1.15.0/STM32CubeIDE/plugins/com.st.stm32cube.ide.mcu.externaltools.gnu-tools-for-stm32.12.3.rel1.win32_1.0.100.202403111256/tools/bin/../lib/gcc/arm-none-eabi/12.3.1/../../../../arm-none-eabi/lib/thumb/v7e-m+fp/hard\libc_nano.a(libc_a-mlock.o)
                              C:/ST/STM32CubeIDE_1.15.0/STM32CubeIDE/plugins/com.st.stm32cube.ide.mcu.externaltools.gnu-tools-for-stm32.12.3.rel1.win32_1.0.100.202403111256/tools/bin/../lib/gcc/arm-none-eabi/12.3.1/../../../../arm-none-eabi/lib/thumb/v7e-m+fp/hard\libc_nano.a(libc_a-mallocr.o) (__malloc_lock)
C:/ST/STM32CubeIDE_1.15.0/STM32CubeIDE/plugins/com.st.stm32cube.ide.mcu.externaltools.gnu-tools-for-stm32.12.3.rel1.win32_1.0.100.202403111256/tools/bin/../lib/gcc/arm-none-eabi/12.3.1/../../../../arm-none-eabi/lib/thumb/v7e-m+fp/hard\libc_nano.a(libc_a-rand.o)
                              ./Core/Src/main.o (rand)
C:/ST/STM32CubeIDE_1.15.0/STM32CubeIDE/plugins/com.st.stm32cube.ide.mcu.externaltools.gnu-tools-for-stm32.12.3.rel1.win32_1.0.100.202403111256/tools/bin/../lib/gcc/arm-none-eabi/12.3.1/../../../../arm-none-eabi/lib/thumb/v7e-m+fp/hard\libc_nano.a(libc_a-findfp.o)
                              ./Middlewares/Third_Party/FreeRTOS/Source/tasks.o (__sf)
C:/ST/STM32CubeIDE_1.15.0/STM32CubeIDE/plugins/com.st.stm32cube.ide.mcu.externaltools.gnu-tools-for-stm32.12.3.rel1.win32_1.0.100.202403111256/tools/bin/../lib/gcc/arm-none-eabi/12.3.1/../../../../arm-none-eabi/lib/thumb/v7e-m+fp/hard\libc_nano.a(libc_a-fwalk.o)
                              C:/ST/STM32CubeIDE_1.15.0/STM32CubeIDE/plugins/com.st.stm32cube.ide.mcu.externaltools.gnu-tools-for-stm32.12.3.rel1.win32_1.0.100.202403111256/tools/bin/../lib/gcc/arm-none-eabi/12.3.1/../../../../arm-none-eabi/lib/thumb/v7e-m+fp/hard\libc_nano.a(libc_a-findfp.o) (_fwalk_sglue)
C:/ST/STM32CubeIDE_1.15.0/STM32CubeIDE/plugins/com.st.stm32cube.ide.mcu.externaltools.gnu-tools-for-stm32.12.3.rel1.win32_1.0.100.202403111256/tools/bin/../lib/gcc/arm-none-eabi/12.3.1/../../../../arm-none-eabi/lib/thumb/v7e-m+fp/hard\libc_nano.a(libc_a-printf.o)
                              ./Core/Src/main.o (printf)
C:/ST/STM32CubeIDE_1.15.0/STM32CubeIDE/plugins/com.st.stm32cube.ide.mcu.externaltools.gnu-tools-for-stm32.12.3.rel1.win32_1.0.100.202403111256/tools/bin/../lib/gcc/arm-none-eabi/12.3.1/../../../../arm-none-eabi/lib/thumb/v7e-m+fp/hard\libc_nano.a(libc_a-putchar.o)
                              ./Core/Src/main.o (putchar)
C:/ST/STM32CubeIDE_1.15.0/STM32CubeIDE/plugins/com.st.stm32cube.ide.mcu.externaltools.gnu-tools-for-stm32.12.3.rel1.win32_1.0.100.202403111256/tools/bin/../lib/gcc/arm-none-eabi/12.3.1/../../../../arm-none-eabi/lib/thumb/v7e-m+fp/hard\libc_nano.a(libc_a-puts.o)
                              ./Core/Src/main.o (puts)
C:/ST/STM32CubeIDE_1.15.0/STM32CubeIDE/plugins/com.st.stm32cube.ide.mcu.externaltools.gnu-tools-for-stm32.12.3.rel1.win32_1.0.100.202403111256/tools/bin/../lib/gcc/arm-none-eabi/12.3.1/../../../../arm-none-eabi/lib/thumb/v7e-m+fp/hard\libc_nano.a(libc_a-snprintf.o)
                              ./Core/Src/w5500/MQTT/MQTTPacket/src/MQTTFormat.o (snprintf)
C:/ST/STM32CubeIDE_1.15.0/STM32CubeIDE/plugins/com.st.stm32cube.ide.mcu.externaltools.gnu-tools-for-stm32.12.3.rel1.win32_1.0.100.202403111256/tools/bin/../lib/gcc/arm-none-eabi/12.3.1/../../../../arm-none-eabi/lib/thumb/v7e-m+fp/hard\libc_nano.a(libc_a-sprintf.o)
                              ./Core/Src/network.o (sprintf)
[...]
Memory Configuration

Name             Origin             Length             Attributes
CCMRAM           0x10000000         0x00010000         xrw
RAM              0x20000000         0x00020000         xrw
FLASH            0x08000000         0x00100000         xr
*default*        0x00000000         0xffffffff

Linker script and memory map

LOAD C:/ST/STM32CubeIDE_1.15.0/STM32CubeIDE/plugins/com.st.stm32cube.ide.mcu.externaltools.gnu-tools-for-stm32.12.3.rel1.win32_1.0.100.202403111256/tools/bin/../lib/gcc/arm-none-eabi/12.3.1/thumb/v7e-m+fp/hard/crti.o
LOAD C:/ST/STM32CubeIDE_1.15.0/STM32CubeIDE/plugins/com.st.stm32cube.ide.mcu.externaltools.gnu-tools-for-stm32.12.3.rel1.win32_1.0.100.202403111256/tools/bin/../lib/gcc/arm-none-eabi/12.3.1/thumb/v7e-m+fp/hard/crtbegin.o
LOAD C:/ST/STM32CubeIDE_1.15.0/STM32CubeIDE/plugins/com.st.stm32cube.ide.mcu.externaltools.gnu-tools-for-stm32.12.3.rel1.win32_1.0.100.202403111256/tools/bin/../lib/gcc/arm-none-eabi/12.3.1/../../../../arm-none-eabi/lib/thumb/v7e-m+fp/hard/crt0.o
LOAD ./Core/Src/freertos.o
LOAD ./Core/Src/main.o
LOAD ./Core/Src/network.o
LOAD ./Core/Src/stm32f4xx_hal_msp.o
LOAD ./Core/Src/stm32f4xx_hal_timebase_tim.o
LOAD ./Core/Src/stm32f4xx_it.o
LOAD ./Core/Src/syscalls.o
LOAD ./Core/Src/sysmem.o
LOAD ./Core/Src/system_stm32f4xx.o
LOAD ./Core/Src/uart_redirect.o
LOAD ./Core/Src/wizchip_init.o
LOAD ./Core/Src/w5500/DHCP/dhcp.o
LOAD ./Core/Src/w5500/DNS/dns.o
LOAD ./Core/Src/w5500/MQTT/MQTTClient.o
LOAD ./Core/Src/w5500/MQTT/mqtt_interface.o
LOAD ./Core/Src/w5500/MQTT/MQTTPacket/src/MQTTConnectClient.o
LOAD ./Core/Src/w5500/MQTT/MQTTPacket/src/MQTTConnectServer.o
LOAD ./Core/Src/w5500/MQTT/MQTTPacket/src/MQTTDeserializePublish.o
LOAD ./Core/Src/w5500/MQTT/MQTTPacket/src/MQTTFormat.o
LOAD ./Core/Src/w5500/MQTT/MQTTPacket/src/MQTTPacket.o
LOAD ./Core/Src/w5500/MQTT/MQTTPacket/src/MQTTSerializePublish.o
LOAD ./Core/Src/w5500/MQTT/MQTTPacket/src/MQTTSubscribeClient.o
LOAD ./Core/Src/w5500/MQTT/MQTTPacket/src/MQTTSubscribeServer.o
LOAD ./Core/Src/w5500/MQTT/MQTTPacket/src/MQTTUnsubscribeClient.o
LOAD ./Core/Src/w5500/MQTT/MQTTPacket/src/MQTTUnsubscribeServer.o
LOAD ./Core/Src/w5500/W5500/w5500.o
LOAD ./Core/Src/w5500/socket.o
LOAD ./Core/Src/w5500/wizchip_conf.o
LOAD ./Core/Startup/startup_stm32f407vgtx.o
LOAD ./Drivers/STM32F4xx_HAL_Driver/Src/stm32f4xx_hal.o
LOAD ./Drivers/STM32F4xx_HAL_Driver/Src/stm32f4xx_hal_cortex.o
LOAD ./Drivers/STM32F4xx_HAL_Driver/Src/stm32f4xx_hal_dma.o
LOAD ./Drivers/STM32F4xx_HAL_Driver/Src/stm32f4xx_hal_dma_ex.o
LOAD ./Drivers/STM32F4xx_HAL_Driver/Src/stm32f4xx_hal_exti.o
LOAD ./Drivers/STM32F4xx_HAL_Driver/Src/stm32f4xx_hal_flash.o
LOAD ./Drivers/STM32F4xx_HAL_Driver/Src/stm32f4xx_hal_flash_ex.o
LOAD ./Drivers/STM32F4xx_HAL_Driver/Src/stm32f4xx_hal_flash_ramfunc.o
LOAD ./Drivers/STM32F4xx_HAL_Driver/Src/stm32f4xx_hal_gpio.o
LOAD ./Drivers/STM32F4xx_HAL_Driver/Src/stm32f4xx_hal_pwr.o
LOAD ./Drivers/STM32F4xx_HAL_Driver/Src/stm32f4xx_hal_pwr_ex.o
LOAD ./Drivers/STM32F4xx_HAL_Driver/Src/stm32f4xx_hal_rcc.o
LOAD ./Drivers/STM32F4xx_HAL_Driver/Src/stm32f4xx_hal_rcc_ex.o
LOAD ./Drivers/STM32F4xx_HAL_Driver/Src/stm32f4xx_hal_spi.o
LOAD ./Drivers/STM32F4xx_HAL_Driver/Src/stm32f4xx_hal_tim.o
LOAD ./Drivers/STM32F4xx_HAL_Driver/Src/stm32f4xx_hal_tim_ex.o
LOAD ./Drivers/STM32F4xx_HAL_Driver/Src/stm32f4xx_hal_uart.o
LOAD ./Middlewares/Third_Party/FreeRTOS/Source/CMSIS_RTOS_V2/cmsis_os2.o
LOAD ./Middlewares/Third_Party/FreeRTOS/Source/croutine.o
LOAD ./Middlewares/Third_Party/FreeRTOS/Source/event_groups.o
LOAD ./Middlewares/Third_Party/FreeRTOS/Source/list.o
LOAD ./Middlewares/Third_Party/FreeRTOS/Source/queue.o
LOAD ./Middlewares/Third_Party/FreeRTOS/Source/stream_buffer.o
LOAD ./Middlewares/Third_Party/FreeRTOS/Source/tasks.o
LOAD ./Middlewares/Third_Party/FreeRTOS/Source/timers.o
LOAD ./Middlewares/Third_Party/FreeRTOS/Source/portable/GCC/ARM_CM4F/port.o
LOAD ./Middlewares/Third_Party/FreeRTOS/Source/portable/MemMang/heap_4.o
START GROUP
LOAD C:/ST/STM32CubeIDE_1.15.0/STM32CubeIDE/plugins/com.st.stm32cube.ide.mcu.externaltools.gnu-tools-for-stm32.12.3.rel1.win32_1.0.100.202403111256/tools/bin/../lib/gcc/arm-none-eabi/12.3.1/../../../../arm-none-eabi/lib/thumb/v7e-m+fp/hard\libc_nano.a
LOAD C:/ST/STM32CubeIDE_1.15.0/STM32CubeIDE/plugins/com.st.stm32cube.ide.mcu.externaltools.gnu-tools-for-stm32.12.3.rel1.win32_1.0.100.202403111256/tools/bin/../lib/gcc/arm-none-eabi/12.3.1/../../../../arm-none-eabi/lib/thumb/v7e-m+fp/hard\libm.a
END GROUP
START GROUP
LOAD C:/ST/STM32CubeIDE_1.15.0/STM32CubeIDE/plugins/com.st.stm32cube.ide.mcu.externaltools.gnu-tools-for-stm32.12.3.rel1.win32_1.0.100.202403111256/tools/bin/../lib/gcc/arm-none-eabi/12.3.1/thumb/v7e-m+fp/hard\libgcc.a
LOAD C:/ST/STM32CubeIDE_1.15.0/STM32CubeIDE/plugins/com.st.stm32cube.ide.mcu.externaltools.gnu-tools-for-stm32.12.3.rel1.win32_1.0.100.202403111256/tools/bin/../lib/gcc/arm-none-eabi/12.3.1/../../../../arm-none-eabi/lib/thumb/v7e-m+fp/hard\libc_nano.a
END GROUP
START GROUP
LOAD C:/ST/STM32CubeIDE_1.15.0/STM32CubeIDE/plugins/com.st.stm32cube.ide.mcu.externaltools.gnu-tools-for-stm32.12.3.rel1.win32_1.0.100.202403111256/tools/bin/../lib/gcc/arm-none-eabi/12.3.1/thumb/v7e-m+fp/hard\libgcc.a
LOAD C:/ST/STM32CubeIDE_1.15.0/STM32CubeIDE/plugins/com.st.stm32cube.ide.mcu.externaltools.gnu-tools-for-stm32.12.3.rel1.win32_1.0.100.202403111256/tools/bin/../lib/gcc/arm-none-eabi/12.3.1/../../../../arm-none-eabi/lib/thumb/v7e-m+fp/hard\libc_nano.a
LOAD C:/ST/STM32CubeIDE_1.15.0/STM32CubeIDE/plugins/com.st.stm32cube.ide.mcu.externaltools.gnu-tools-for-stm32.12.3.rel1.win32_1.0.100.202403111256/tools/bin/../lib/gcc/arm-none-eabi/12.3.1/../../../../arm-none-eabi/lib/thumb/v7e-m+fp/hard\libnosys.a
END GROUP
START GROUP
LOAD C:/ST/STM32CubeIDE_1.15.0/STM32CubeIDE/plugins/com.st.stm32cube.ide.mcu.externaltools.gnu-tools-for-stm32.12.3.rel1.win32_1.0.100.202403111256/tools/bin/../lib/gcc/arm-none-eabi/12.3.1/thumb/v7e-m+fp/hard\libgcc.a
LOAD C:/ST/STM32CubeIDE_1.15.0/STM32CubeIDE/plugins/com.st.stm32cube.ide.mcu.externaltools.gnu-tools-for-stm32.12.3.rel1.win32_1.0.100.202403111256/tools/bin/../lib/gcc/arm-none-eabi/12.3.1/../../../../arm-none-eabi/lib/thumb/v7e-m+fp/hard\libc_nano.a
LOAD C:/ST/STM32CubeIDE_1.15.0/STM32CubeIDE/plugins/com.st.stm32cube.ide.mcu.externaltools.gnu-tools-for-stm32.12.3.rel1.win32_1.0.100.202403111256/tools/bin/../lib/gcc/arm-none-eabi/12.3.1/../../../../arm-none-eabi/lib/thumb/v7e-m+fp/hard\libnosys.a
END GROUP
LOAD C:/ST/STM32CubeIDE_1.15.0/STM32CubeIDE/plugins/com.st.stm32cube.ide.mcu.externaltools.gnu-tools-for-stm32.12.3.rel1.win32_1.0.100.202403111256/tools/bin/../lib/gcc/arm-none-eabi/12.3.1/thumb/v7e-m+fp/hard/crtend.o
LOAD C:/ST/STM32CubeIDE_1.15.0/STM32CubeIDE/plugins/com.st.stm32cube.ide.mcu.externaltools.gnu-tools-for-stm32.12.3.rel1.win32_1.0.100.202403111256/tools/bin/../lib/gcc/arm-none-eabi/12.3.1/thumb/v7e-m+fp/hard/crtn.o
                0x20020000                        _estack = (ORIGIN (RAM) + LENGTH (RAM))
                0x00000200                        _Min_Heap_Size = 0x200
                0x00000400                        _Min_Stack_Size = 0x400

.isr_vector     0x08000000      0x188
                0x08000000                        . = ALIGN (0x4)
 *(.isr_vector)
 .isr_vector    0x08000000      0x188 ./Core/Startup/startup_stm32f407vgtx.o
                0x08000000                g_pfnVectors
                0x08000188                        . = ALIGN (0x4)

.text           0x08000190     0xc41c
                0x08000190                        . = ALIGN (0x4)
 *(.text)
 .text          0x08000190       0x40 C:/ST/STM32CubeIDE_1.15.0/STM32CubeIDE/plugins/com.st.stm32cube.ide.mcu.externaltools.gnu-tools-for-stm32.12.3.rel1.win32_1.0.100.202403111256/tools/bin/../lib/gcc/arm-none-eabi/12.3.1/thumb/v7e-m+fp/hard/crtbegin.o
 .text          0x080001d0       0x10 C:/ST/STM32CubeIDE_1.15.0/STM32CubeIDE/plugins/com.st.stm32cube.ide.mcu.externaltools.gnu-tools-for-stm32.12.3.rel1.win32_1.0.100.202403111256/tools/bin/../lib/gcc/arm-none-eabi/12.3.1/../../../../arm-none-eabi/lib/thumb/v7e-m+fp/hard\libc_nano.a(libc_a-strlen.o)
                0x080001d0                strlen
 .text          0x080001e0       0xa0 C:/ST/STM32CubeIDE_1.15.0/STM32CubeIDE/plugins/com.st.stm32cube.ide.mcu.externaltools.gnu-tools-for-stm32.12.3.rel1.win32_1.0.100.202403111256/tools/bin/../lib/gcc/arm-none-eabi/12.3.1/../../../../arm-none-eabi/lib/thumb/v7e-m+fp/hard\libc_nano.a(libc_a-memchr.o)
                0x080001e0                memchr
 .text          0x08000280       0x30 C:/ST/STM32CubeIDE_1.15.0/STM32CubeIDE/plugins/com.st.stm32cube.ide.mcu.externaltools.gnu-tools-for-stm32.12.3.rel1.win32_1.0.100.202403111256/tools/bin/../lib/gcc/arm-none-eabi/12.3.1/thumb/v7e-m+fp/hard\libgcc.a(_aeabi_uldivmod.o)
                0x08000280                __aeabi_uldivmod
 .text          0x080002b0      0x2bc C:/ST/STM32CubeIDE_1.15.0/STM32CubeIDE/plugins/com.st.stm32cube.ide.mcu.externaltools.gnu-tools-for-stm32.12.3.rel1.win32_1.0.100.202403111256/tools/bin/../lib/gcc/arm-none-eabi/12.3.1/thumb/v7e-m+fp/hard\libgcc.a(_udivmoddi4.o)
                0x080002b0                __udivmoddi4
 .text          0x0800056c        0x4 C:/ST/STM32CubeIDE_1.15.0/STM32CubeIDE/plugins/com.st.stm32cube.ide.mcu.externaltools.gnu-tools-for-stm32.12.3.rel1.win32_1.0.100.202403111256/tools/bin/../lib/gcc/arm-none-eabi/12.3.1/thumb/v7e-m+fp/hard\libgcc.a(_dvmd_tls.o)
                0x0800056c                __aeabi_idiv0
                0x0800056c                __aeabi_ldiv0
 *(.text*)
 .text.jsmn_alloc_token
                0x08000570       0x50 ./Core/Src/main.o
 .text.jsmn_fill_token
                0x080005c0       0x34 ./Core/Src/main.o
 .text.jsmn_parse_primitive
                0x080005f4      0x110 ./Core/Src/main.o
 .text.jsmn_parse_string
                0x08000704      0x1c8 ./Core/Src/main.o
 .text.jsmn_parse
                0x080008cc      0x36c ./Core/Src/main.o
                0x080008cc                jsmn_parse
 .text.jsmn_init
                0x08000c38       0x28 ./Core/Src/main.o
                0x08000c38                jsmn_init
 .text.main     0x08000c60       0xc8 ./Core/Src/main.o
                0x08000c60                main
 .text.SystemClock_Config
                0x08000d28       0xd4 ./Core/Src/main.o
                0x08000d28                SystemClock_Config
 .text.MX_SPI1_Init
                0x08000dfc       0x6c ./Core/Src/main.o
 .text.MX_SPI2_Init
                0x08000e68       0x6c ./Core/Src/main.o
 .text.MX_USART2_UART_Init
                0x08000ed4       0x54 ./Core/Src/main.o
 .text.MX_USART3_UART_Init
                0x08000f28       0x54 ./Core/Src/main.o
 .text.MX_GPIO_Init
                0x08000f7c      0x2a4 ./Core/Src/main.o
 .text.jsoneq   0x08001220       0x5e ./Core/Src/main.o
                0x08001220                jsoneq
 *fill*         0x0800127e        0x2 
 .text.process_received_data
                0x08001280      0x150 ./Core/Src/main.o
                0x08001280                process_received_data
 .text.print_hex
                0x080013d0       0x44 ./Core/Src/main.o
                0x080013d0                print_hex
 .text.StartAliveTask
                0x08001414       0x4c ./Core/Src/main.o
                0x08001414                StartAliveTask
 .text.StartNetworkTask
                0x08001460      0x358 ./Core/Src/main.o
                0x08001460                StartNetworkTask
 .text.HAL_TIM_PeriodElapsedCallback
                0x080017b8       0x24 ./Core/Src/main.o
                0x080017b8                HAL_TIM_PeriodElapsedCallback
 .text.Error_Handler
                0x080017dc        0xc ./Core/Src/main.o
                0x080017dc                Error_Handler
 .text.GetSTM32UID
                0x080017e8       0x44 ./Core/Src/network.o
                0x080017e8                GetSTM32UID
 .text.print_network_information
                0x0800182c       0xe0 ./Core/Src/network.o
                0x0800182c                print_network_information
 .text.process_dhcp
                0x0800190c       0x90 ./Core/Src/network.o
                0x0800190c                process_dhcp
 .text.process_dns
                0x0800199c       0x88 ./Core/Src/network.o
                0x0800199c                process_dns
 .text.initialize_network
                0x08001a24      0x104 ./Core/Src/network.o
                0x08001a24                initialize_network
 .text.upgrade_to_websocket
                0x08001b28      0x108 ./Core/Src/network.o
                0x08001b28                upgrade_to_websocket
 .text.HAL_MspInit
                0x08001c30       0x58 ./Core/Src/stm32f4xx_hal_msp.o
                0x08001c30                HAL_MspInit
 .text.HAL_SPI_MspInit
                0x08001c88      0x13c ./Core/Src/stm32f4xx_hal_msp.o
                0x08001c88                HAL_SPI_MspInit
 .text.HAL_UART_MspInit
                0x08001dc4      0x140 ./Core/Src/stm32f4xx_hal_msp.o
                0x08001dc4                HAL_UART_MspInit
 .text.HAL_InitTick
                0x08001f04       0xe8 ./Core/Src/stm32f4xx_hal_timebase_tim.o
                0x08001f04                HAL_InitTick
 .text.NMI_Handler
                0x08001fec        0x8 ./Core/Src/stm32f4xx_it.o
                0x08001fec                NMI_Handler
 .text.HardFault_Handler
                0x08001ff4        0x8 ./Core/Src/stm32f4xx_it.o
                0x08001ff4                HardFault_Handler
 .text.MemManage_Handler
                0x08001ffc        0x8 ./Core/Src/stm32f4xx_it.o
                0x08001ffc                MemManage_Handler
 .text.BusFault_Handler
                0x08002004        0x8 ./Core/Src/stm32f4xx_it.o
                0x08002004                BusFault_Handler
 .text.UsageFault_Handler
                0x0800200c        0x8 ./Core/Src/stm32f4xx_it.o
                0x0800200c                UsageFault_Handler
 .text.DebugMon_Handler
                0x08002014        0xe ./Core/Src/stm32f4xx_it.o
                0x08002014                DebugMon_Handler
 *fill*         0x08002022        0x2 
 .text.TIM1_UP_TIM10_IRQHandler
                0x08002024       0x14 ./Core/Src/stm32f4xx_it.o
                0x08002024                TIM1_UP_TIM10_IRQHandler
 .text._read    0x08002038       0x3a ./Core/Src/syscalls.o
                0x08002038                _read
 .text._close   0x08002072       0x18 ./Core/Src/syscalls.o
                0x08002072                _close
 .text._fstat   0x0800208a       0x20 ./Core/Src/syscalls.o
                0x0800208a                _fstat
 .text._isatty  0x080020aa       0x16 ./Core/Src/syscalls.o
                0x080020aa                _isatty
 .text._lseek   0x080020c0       0x1a ./Core/Src/syscalls.o
                0x080020c0                _lseek
 *fill*         0x080020da        0x2 
 .text._sbrk    0x080020dc       0x6c ./Core/Src/sysmem.o
                0x080020dc                _sbrk
 .text.SystemInit
                0x08002148       0x24 ./Core/Src/system_stm32f4xx.o
                0x08002148                SystemInit
 .text._write   0x0800216c       0x40 ./Core/Src/uart_redirect.o
                0x0800216c                _write
 .text.WIZCHIPInitialize
                0x080021ac       0xb4 ./Core/Src/wizchip_init.o
                0x080021ac                WIZCHIPInitialize
 .text.resetAssert
                0x08002260       0x18 ./Core/Src/wizchip_init.o
                0x08002260                resetAssert
 .text.resetDeassert
                0x08002278       0x18 ./Core/Src/wizchip_init.o
                0x08002278                resetDeassert
 .text.csEnable
                0x08002290       0x18 ./Core/Src/wizchip_init.o
                0x08002290                csEnable
 .text.csDisable
                0x080022a8       0x18 ./Core/Src/wizchip_init.o
                0x080022a8                csDisable
 .text.spiWriteByte
                0x080022c0       0x28 ./Core/Src/wizchip_init.o
                0x080022c0                spiWriteByte
 .text.spiReadByte
                0x080022e8       0x2c ./Core/Src/wizchip_init.o
                0x080022e8                spiReadByte
 .text.default_ip_assign
                0x08002314       0x38 ./Core/Src/w5500/DHCP/dhcp.o
                0x08002314                default_ip_assign
 .text.default_ip_update
                0x0800234c       0x2c ./Core/Src/w5500/DHCP/dhcp.o
                0x0800234c                default_ip_update
 .text.default_ip_conflict
                0x08002378       0x28 ./Core/Src/w5500/DHCP/dhcp.o
                0x08002378                default_ip_conflict
 .text.makeDHCPMSG
                0x080023a0      0x1ec ./Core/Src/w5500/DHCP/dhcp.o
                0x080023a0                makeDHCPMSG
 .text.send_DHCP_DISCOVER
                0x0800258c      0x38c ./Core/Src/w5500/DHCP/dhcp.o
                0x0800258c                send_DHCP_DISCOVER
 .text.send_DHCP_REQUEST
                0x08002918      0x514 ./Core/Src/w5500/DHCP/dhcp.o
                0x08002918                send_DHCP_REQUEST
 .text.send_DHCP_DECLINE
                0x08002e2c      0x2a4 ./Core/Src/w5500/DHCP/dhcp.o
                0x08002e2c                send_DHCP_DECLINE
 .text.parseDHCPMSG
                0x080030d0      0x43c ./Core/Src/w5500/DHCP/dhcp.o
                0x080030d0                parseDHCPMSG
 .text.DHCP_run
                0x0800350c      0x234 ./Core/Src/w5500/DHCP/dhcp.o
                0x0800350c                DHCP_run
 .text.DHCP_stop
                0x08003740       0x20 ./Core/Src/w5500/DHCP/dhcp.o
                0x08003740                DHCP_stop
 .text.check_DHCP_timeout
                0x08003760       0xc0 ./Core/Src/w5500/DHCP/dhcp.o
                0x08003760                check_DHCP_timeout
 .text.check_DHCP_leasedIP
                0x08003820       0x7c ./Core/Src/w5500/DHCP/dhcp.o
                0x08003820                check_DHCP_leasedIP
 .text.DHCP_init
                0x0800389c      0x128 ./Core/Src/w5500/DHCP/dhcp.o
                0x0800389c                DHCP_init
 .text.reset_DHCP_timeout
                0x080039c4       0x2c ./Core/Src/w5500/DHCP/dhcp.o
                0x080039c4                reset_DHCP_timeout
 .text.getDHCPLeasetime
                0x080039f0       0x18 ./Core/Src/w5500/DHCP/dhcp.o
                0x080039f0                getDHCPLeasetime
 .text.NibbleToHex
                0x08003a08       0x32 ./Core/Src/w5500/DHCP/dhcp.o
                0x08003a08                NibbleToHex
 .text.get16    0x08003a3a       0x2e ./Core/Src/w5500/DNS/dns.o
                0x08003a3a                get16
 .text.put16    0x08003a68       0x36 ./Core/Src/w5500/DNS/dns.o
                0x08003a68                put16
 .text.parse_name
                0x08003a9e      0x10e ./Core/Src/w5500/DNS/dns.o
                0x08003a9e                parse_name
 .text.dns_question
                0x08003bac       0x4a ./Core/Src/w5500/DNS/dns.o
                0x08003bac                dns_question
 .text.dns_answer
                0x08003bf6      0x228 ./Core/Src/w5500/DNS/dns.o
                0x08003bf6                dns_answer
 .text.parseDNSMSG
                0x08003e1e      0x18e ./Core/Src/w5500/DNS/dns.o
                0x08003e1e                parseDNSMSG
 .text.dns_makequery
                0x08003fac      0x17c ./Core/Src/w5500/DNS/dns.o
                0x08003fac                dns_makequery
 .text.check_DNS_timeout
                0x08004128       0x4c ./Core/Src/w5500/DNS/dns.o
                0x08004128                check_DNS_timeout
 .text.DNS_init
                0x08004174       0x38 ./Core/Src/w5500/DNS/dns.o
                0x08004174                DNS_init
 .text.DNS_run  0x080041ac      0x10c ./Core/Src/w5500/DNS/dns.o
                0x080041ac                DNS_run
 .text.WIZCHIP_READ
                0x080042b8       0x98 ./Core/Src/w5500/W5500/w5500.o
                0x080042b8                WIZCHIP_READ
 .text.WIZCHIP_WRITE
                0x08004350       0x9c ./Core/Src/w5500/W5500/w5500.o
                0x08004350                WIZCHIP_WRITE
 .text.WIZCHIP_READ_BUF
                0x080043ec       0xc0 ./Core/Src/w5500/W5500/w5500.o
                0x080043ec                WIZCHIP_READ_BUF
 .text.WIZCHIP_WRITE_BUF
                0x080044ac       0xc0 ./Core/Src/w5500/W5500/w5500.o
                0x080044ac                WIZCHIP_WRITE_BUF
 .text.getSn_TX_FSR
                0x0800456c       0x92 ./Core/Src/w5500/W5500/w5500.o
                0x0800456c                getSn_TX_FSR
 .text.getSn_RX_RSR
                0x080045fe       0x92 ./Core/Src/w5500/W5500/w5500.o
                0x080045fe                getSn_RX_RSR
 .text.wiz_send_data
                0x08004690       0xb4 ./Core/Src/w5500/W5500/w5500.o
                0x08004690                wiz_send_data
 .text.wiz_recv_data
                0x08004744       0xb4 ./Core/Src/w5500/W5500/w5500.o
                0x08004744                wiz_recv_data
 .text.wiz_recv_ignore
                0x080047f8       0x8c ./Core/Src/w5500/W5500/w5500.o
                0x080047f8                wiz_recv_ignore
 .text.socket   0x08004884      0x228 ./Core/Src/w5500/socket.o
                0x08004884                socket
 .text.close    0x08004aac       0xdc ./Core/Src/w5500/socket.o
                0x08004aac                close
 .text.connect  0x08004b88      0x1b8 ./Core/Src/w5500/socket.o
                0x08004b88                connect
 .text.send     0x08004d40      0x1f0 ./Core/Src/w5500/socket.o
                0x08004d40                send
 .text.recv     0x08004f30      0x168 ./Core/Src/w5500/socket.o
                0x08004f30                recv
 .text.sendto   0x08005098      0x268 ./Core/Src/w5500/socket.o
                0x08005098                sendto
 .text.recvfrom
                0x08005300      0x3d8 ./Core/Src/w5500/socket.o
                0x08005300                recvfrom
 .text.wizchip_cris_enter
                0x080056d8        0xe ./Core/Src/w5500/wizchip_conf.o
                0x080056d8                wizchip_cris_enter
 .text.wizchip_cris_exit
                0x080056e6        0xe ./Core/Src/w5500/wizchip_conf.o
                0x080056e6                wizchip_cris_exit
 .text.wizchip_cs_select
                0x080056f4        0xe ./Core/Src/w5500/wizchip_conf.o
                0x080056f4                wizchip_cs_select
 .text.wizchip_cs_deselect
                0x08005702        0xe ./Core/Src/w5500/wizchip_conf.o
                0x08005702                wizchip_cs_deselect
 .text.wizchip_bus_readdata
                0x08005710       0x1a ./Core/Src/w5500/wizchip_conf.o
                0x08005710                wizchip_bus_readdata
 .text.wizchip_bus_writedata
                0x0800572a       0x1e ./Core/Src/w5500/wizchip_conf.o
                0x0800572a                wizchip_bus_writedata
 .text.wizchip_spi_readbyte
                0x08005748       0x10 ./Core/Src/w5500/wizchip_conf.o
                0x08005748                wizchip_spi_readbyte
 .text.wizchip_spi_writebyte
                0x08005758       0x16 ./Core/Src/w5500/wizchip_conf.o
                0x08005758                wizchip_spi_writebyte
 *fill*         0x0800576e        0x2 
 .text.reg_wizchip_cs_cbfunc
                0x08005770       0x4c ./Core/Src/w5500/wizchip_conf.o
                0x08005770                reg_wizchip_cs_cbfunc
 .text.reg_wizchip_spi_cbfunc
                0x080057bc       0x58 ./Core/Src/w5500/wizchip_conf.o
                0x080057bc                reg_wizchip_spi_cbfunc
 .text.ctlwizchip
                0x08005814      0x1c0 ./Core/Src/w5500/wizchip_conf.o
                0x08005814                ctlwizchip
 .text.ctlnetwork
                0x080059d4       0x7c ./Core/Src/w5500/wizchip_conf.o
                0x080059d4                ctlnetwork
 .text.wizchip_sw_reset
                0x08005a50       0x98 ./Core/Src/w5500/wizchip_conf.o
                0x08005a50                wizchip_sw_reset
 .text.wizchip_init
                0x08005ae8      0x118 ./Core/Src/w5500/wizchip_conf.o
                0x08005ae8                wizchip_init
 .text.wizchip_clrinterrupt
                0x08005c00       0x68 ./Core/Src/w5500/wizchip_conf.o
                0x08005c00                wizchip_clrinterrupt
 .text.wizchip_getinterrupt
                0x08005c68       0x4a ./Core/Src/w5500/wizchip_conf.o
                0x08005c68                wizchip_getinterrupt
 .text.wizchip_setinterruptmask
                0x08005cb2       0x36 ./Core/Src/w5500/wizchip_conf.o
                0x08005cb2                wizchip_setinterruptmask
 .text.wizchip_getinterruptmask
                0x08005ce8       0x46 ./Core/Src/w5500/wizchip_conf.o
                0x08005ce8                wizchip_getinterruptmask
 .text.wizphy_getphylink
                0x08005d2e       0x2c ./Core/Src/w5500/wizchip_conf.o
                0x08005d2e                wizphy_getphylink
 .text.wizphy_getphypmode
                0x08005d5a       0x32 ./Core/Src/w5500/wizchip_conf.o
                0x08005d5a                wizphy_getphypmode
 .text.wizphy_reset
                0x08005d8c       0x4e ./Core/Src/w5500/wizchip_conf.o
                0x08005d8c                wizphy_reset
 .text.wizphy_setphyconf
                0x08005dda       0x84 ./Core/Src/w5500/wizchip_conf.o
                0x08005dda                wizphy_setphyconf
 *fill*         0x08005e5e        0x2 
 .text.wizphy_getphyconf
                0x08005e60       0xd4 ./Core/Src/w5500/wizchip_conf.o
                0x08005e60                wizphy_getphyconf
 .text.wizphy_setphypmode
                0x08005f34       0x94 ./Core/Src/w5500/wizchip_conf.o
                0x08005f34                wizphy_setphypmode
 .text.wizchip_setnetinfo
                0x08005fc8       0x80 ./Core/Src/w5500/wizchip_conf.o
                0x08005fc8                wizchip_setnetinfo
 .text.wizchip_getnetinfo
                0x08006048       0x80 ./Core/Src/w5500/wizchip_conf.o
                0x08006048                wizchip_getnetinfo
 .text.wizchip_setnetmode
                0x080060c8       0x44 ./Core/Src/w5500/wizchip_conf.o
                0x080060c8                wizchip_setnetmode
 .text.wizchip_getnetmode
                0x0800610c       0x10 ./Core/Src/w5500/wizchip_conf.o
                0x0800610c                wizchip_getnetmode
 .text.wizchip_settimeout
                0x0800611c       0x42 ./Core/Src/w5500/wizchip_conf.o
                0x0800611c                wizchip_settimeout
 .text.wizchip_gettimeout
                0x0800615e       0x40 ./Core/Src/w5500/wizchip_conf.o
                0x0800615e                wizchip_gettimeout
 *fill*         0x0800619e        0x2 
 .text.Reset_Handler
                0x080061a0       0x50 ./Core/Startup/startup_stm32f407vgtx.o
                0x080061a0                Reset_Handler
 .text.Default_Handler
                0x080061f0        0x2 ./Core/Startup/startup_stm32f407vgtx.o
                0x080061f0                RTC_Alarm_IRQHandler
                0x080061f0                HASH_RNG_IRQHandler
                0x080061f0                EXTI2_IRQHandler
                0x080061f0                TIM8_CC_IRQHandler
                0x080061f0                TIM1_CC_IRQHandler
                0x080061f0                DMA2_Stream5_IRQHandler
                0x080061f0                DMA1_Stream5_IRQHandler
                0x080061f0                PVD_IRQHandler
                0x080061f0                SDIO_IRQHandler
                0x080061f0                TAMP_STAMP_IRQHandler
                0x080061f0                CAN2_RX1_IRQHandler
                0x080061f0                EXTI3_IRQHandler
                0x080061f0                TIM8_TRG_COM_TIM14_IRQHandler
                0x080061f0                TIM8_UP_TIM13_IRQHandler
                0x080061f0                I2C3_ER_IRQHandler
                0x080061f0                EXTI0_IRQHandler
                0x080061f0                I2C2_EV_IRQHandler
                0x080061f0                DMA1_Stream2_IRQHandler
                0x080061f0                CAN1_RX0_IRQHandler
                0x080061f0                FPU_IRQHandler
                0x080061f0                OTG_HS_WKUP_IRQHandler
                0x080061f0                CAN2_SCE_IRQHandler
                0x080061f0                DMA2_Stream2_IRQHandler
                0x080061f0                SPI1_IRQHandler
                0x080061f0                TIM6_DAC_IRQHandler
                0x080061f0                TIM1_BRK_TIM9_IRQHandler
                0x080061f0                DCMI_IRQHandler
                0x080061f0                CAN2_RX0_IRQHandler
                0x080061f0                DMA2_Stream3_IRQHandler
                0x080061f0                USART6_IRQHandler
                0x080061f0                USART3_IRQHandler
                0x080061f0                CAN1_RX1_IRQHandler
                0x080061f0                UART5_IRQHandler
                0x080061f0                DMA2_Stream0_IRQHandler
                0x080061f0                TIM4_IRQHandler
                0x080061f0                I2C1_EV_IRQHandler
                0x080061f0                DMA1_Stream6_IRQHandler
                0x080061f0                DMA1_Stream1_IRQHandler
                0x080061f0                UART4_IRQHandler
                0x080061f0                TIM3_IRQHandler
                0x080061f0                RCC_IRQHandler
                0x080061f0                TIM8_BRK_TIM12_IRQHandler
                0x080061f0                Default_Handler
                0x080061f0                EXTI15_10_IRQHandler
                0x080061f0                ADC_IRQHandler
                0x080061f0                DMA1_Stream7_IRQHandler
                0x080061f0                TIM7_IRQHandler
                0x080061f0                CAN2_TX_IRQHandler
                0x080061f0                TIM5_IRQHandler
                0x080061f0                DMA2_Stream7_IRQHandler
                0x080061f0                I2C3_EV_IRQHandler
                0x080061f0                EXTI9_5_IRQHandler
                0x080061f0                RTC_WKUP_IRQHandler
                0x080061f0                ETH_WKUP_IRQHandler
                0x080061f0                SPI2_IRQHandler
                0x080061f0                OTG_HS_EP1_IN_IRQHandler
                0x080061f0                DMA1_Stream0_IRQHandler
                0x080061f0                CAN1_TX_IRQHandler
                0x080061f0                EXTI4_IRQHandler
                0x080061f0                FSMC_IRQHandler
                0x080061f0                ETH_IRQHandler
                0x080061f0                OTG_HS_EP1_OUT_IRQHandler
                0x080061f0                WWDG_IRQHandler
                0x080061f0                TIM2_IRQHandler
                0x080061f0                OTG_FS_WKUP_IRQHandler
                0x080061f0                TIM1_TRG_COM_TIM11_IRQHandler
                0x080061f0                OTG_HS_IRQHandler
                0x080061f0                EXTI1_IRQHandler
                0x080061f0                USART2_IRQHandler
                0x080061f0                I2C2_ER_IRQHandler
                0x080061f0                DMA2_Stream1_IRQHandler
                0x080061f0                CAN1_SCE_IRQHandler
                0x080061f0                FLASH_IRQHandler
                0x080061f0                DMA2_Stream4_IRQHandler
                0x080061f0                USART1_IRQHandler
                0x080061f0                OTG_FS_IRQHandler
                0x080061f0                SPI3_IRQHandler
                0x080061f0                DMA1_Stream4_IRQHandler
                0x080061f0                I2C1_ER_IRQHandler
                0x080061f0                DMA2_Stream6_IRQHandler
                0x080061f0                DMA1_Stream3_IRQHandler
 *fill*         0x080061f2        0x2 
 .text.HAL_Init
                0x080061f4       0x44 ./Drivers/STM32F4xx_HAL_Driver/Src/stm32f4xx_hal.o
                0x080061f4                HAL_Init
 .text.HAL_IncTick
                0x08006238       0x28 ./Drivers/STM32F4xx_HAL_Driver/Src/stm32f4xx_hal.o
                0x08006238                HAL_IncTick
 .text.HAL_GetTick
                0x08006260       0x18 ./Drivers/STM32F4xx_HAL_Driver/Src/stm32f4xx_hal.o
                0x08006260                HAL_GetTick
 .text.HAL_Delay
                0x08006278       0x48 ./Drivers/STM32F4xx_HAL_Driver/Src/stm32f4xx_hal.o
                0x08006278                HAL_Delay
 .text.__NVIC_SetPriorityGrouping
                0x080062c0       0x48 ./Drivers/STM32F4xx_HAL_Driver/Src/stm32f4xx_hal_cortex.o
 .text.__NVIC_GetPriorityGrouping
                0x08006308       0x1c ./Drivers/STM32F4xx_HAL_Driver/Src/stm32f4xx_hal_cortex.o
 .text.__NVIC_EnableIRQ
                0x08006324       0x3c ./Drivers/STM32F4xx_HAL_Driver/Src/stm32f4xx_hal_cortex.o
 .text.__NVIC_SetPriority
                0x08006360       0x54 ./Drivers/STM32F4xx_HAL_Driver/Src/stm32f4xx_hal_cortex.o
 .text.NVIC_EncodePriority
                0x080063b4       0x66 ./Drivers/STM32F4xx_HAL_Driver/Src/stm32f4xx_hal_cortex.o
 .text.HAL_NVIC_SetPriorityGrouping
                0x0800641a       0x16 ./Drivers/STM32F4xx_HAL_Driver/Src/stm32f4xx_hal_cortex.o
                0x0800641a                HAL_NVIC_SetPriorityGrouping
 .text.HAL_NVIC_SetPriority
                0x08006430       0x38 ./Drivers/STM32F4xx_HAL_Driver/Src/stm32f4xx_hal_cortex.o
                0x08006430                HAL_NVIC_SetPriority
 .text.HAL_NVIC_EnableIRQ
                0x08006468       0x1c ./Drivers/STM32F4xx_HAL_Driver/Src/stm32f4xx_hal_cortex.o
                0x08006468                HAL_NVIC_EnableIRQ
 .text.HAL_GPIO_Init
                0x08006484      0x338 ./Drivers/STM32F4xx_HAL_Driver/Src/stm32f4xx_hal_gpio.o
                0x08006484                HAL_GPIO_Init
 .text.HAL_GPIO_WritePin
                0x080067bc       0x32 ./Drivers/STM32F4xx_HAL_Driver/Src/stm32f4xx_hal_gpio.o
                0x080067bc                HAL_GPIO_WritePin
 .text.HAL_GPIO_TogglePin
                0x080067ee       0x34 ./Drivers/STM32F4xx_HAL_Driver/Src/stm32f4xx_hal_gpio.o
                0x080067ee                HAL_GPIO_TogglePin
 *fill*         0x08006822        0x2 
 .text.HAL_RCC_OscConfig
                0x08006824      0x4f0 ./Drivers/STM32F4xx_HAL_Driver/Src/stm32f4xx_hal_rcc.o
                0x08006824                HAL_RCC_OscConfig
 .text.HAL_RCC_ClockConfig
                0x08006d14      0x1cc ./Drivers/STM32F4xx_HAL_Driver/Src/stm32f4xx_hal_rcc.o
                0x08006d14                HAL_RCC_ClockConfig
 .text.HAL_RCC_GetSysClockFreq
                0x08006ee0      0x20c ./Drivers/STM32F4xx_HAL_Driver/Src/stm32f4xx_hal_rcc.o
                0x08006ee0                HAL_RCC_GetSysClockFreq
 .text.HAL_RCC_GetHCLKFreq
                0x080070ec       0x18 ./Drivers/STM32F4xx_HAL_Driver/Src/stm32f4xx_hal_rcc.o
                0x080070ec                HAL_RCC_GetHCLKFreq
 .text.HAL_RCC_GetPCLK1Freq
                0x08007104       0x28 ./Drivers/STM32F4xx_HAL_Driver/Src/stm32f4xx_hal_rcc.o
                0x08007104                HAL_RCC_GetPCLK1Freq
 .text.HAL_RCC_GetPCLK2Freq
                0x0800712c       0x28 ./Drivers/STM32F4xx_HAL_Driver/Src/stm32f4xx_hal_rcc.o
                0x0800712c                HAL_RCC_GetPCLK2Freq
 .text.HAL_RCC_GetClockConfig
                0x08007154       0x64 ./Drivers/STM32F4xx_HAL_Driver/Src/stm32f4xx_hal_rcc.o
                0x08007154                HAL_RCC_GetClockConfig
 .text.HAL_SPI_Init
                0x080071b8      0x112 ./Drivers/STM32F4xx_HAL_Driver/Src/stm32f4xx_hal_spi.o
                0x080071b8                HAL_SPI_Init
 .text.HAL_SPI_TransmitReceive
                0x080072ca      0x360 ./Drivers/STM32F4xx_HAL_Driver/Src/stm32f4xx_hal_spi.o
                0x080072ca                HAL_SPI_TransmitReceive
 *fill*         0x0800762a        0x2 
 .text.SPI_WaitFlagStateUntilTimeout
                0x0800762c      0x110 ./Drivers/STM32F4xx_HAL_Driver/Src/stm32f4xx_hal_spi.o
 .text.SPI_EndRxTxTransaction
                0x0800773c       0xa8 ./Drivers/STM32F4xx_HAL_Driver/Src/stm32f4xx_hal_spi.o
 .text.HAL_TIM_Base_Init
                0x080077e4       0x9e ./Drivers/STM32F4xx_HAL_Driver/Src/stm32f4xx_hal_tim.o
                0x080077e4                HAL_TIM_Base_Init
 .text.HAL_TIM_Base_MspInit
                0x08007882       0x14 ./Drivers/STM32F4xx_HAL_Driver/Src/stm32f4xx_hal_tim.o
                0x08007882                HAL_TIM_Base_MspInit
 *fill*         0x08007896        0x2 
 .text.HAL_TIM_Base_Start_IT
                0x08007898       0xe0 ./Drivers/STM32F4xx_HAL_Driver/Src/stm32f4xx_hal_tim.o
                0x08007898                HAL_TIM_Base_Start_IT
 .text.HAL_TIM_IRQHandler
                0x08007978      0x1e0 ./Drivers/STM32F4xx_HAL_Driver/Src/stm32f4xx_hal_tim.o
                0x08007978                HAL_TIM_IRQHandler
 .text.HAL_TIM_OC_DelayElapsedCallback
                0x08007b58       0x14 ./Drivers/STM32F4xx_HAL_Driver/Src/stm32f4xx_hal_tim.o
                0x08007b58                HAL_TIM_OC_DelayElapsedCallback
 .text.HAL_TIM_IC_CaptureCallback
                0x08007b6c       0x14 ./Drivers/STM32F4xx_HAL_Driver/Src/stm32f4xx_hal_tim.o
                0x08007b6c                HAL_TIM_IC_CaptureCallback
 .text.HAL_TIM_PWM_PulseFinishedCallback
                0x08007b80       0x14 ./Drivers/STM32F4xx_HAL_Driver/Src/stm32f4xx_hal_tim.o
                0x08007b80                HAL_TIM_PWM_PulseFinishedCallback
 .text.HAL_TIM_TriggerCallback
                0x08007b94       0x14 ./Drivers/STM32F4xx_HAL_Driver/Src/stm32f4xx_hal_tim.o
                0x08007b94                HAL_TIM_TriggerCallback
 .text.TIM_Base_SetConfig
                0x08007ba8      0x158 ./Drivers/STM32F4xx_HAL_Driver/Src/stm32f4xx_hal_tim.o
                0x08007ba8                TIM_Base_SetConfig
 .text.HAL_TIMEx_CommutCallback
                0x08007d00       0x14 ./Drivers/STM32F4xx_HAL_Driver/Src/stm32f4xx_hal_tim_ex.o
                0x08007d00                HAL_TIMEx_CommutCallback
 .text.HAL_TIMEx_BreakCallback
                0x08007d14       0x14 ./Drivers/STM32F4xx_HAL_Driver/Src/stm32f4xx_hal_tim_ex.o
                0x08007d14                HAL_TIMEx_BreakCallback
 .text.HAL_UART_Init
                0x08007d28       0xa0 ./Drivers/STM32F4xx_HAL_Driver/Src/stm32f4xx_hal_uart.o
                0x08007d28                HAL_UART_Init
 .text.HAL_UART_Transmit
                0x08007dc8      0x116 ./Drivers/STM32F4xx_HAL_Driver/Src/stm32f4xx_hal_uart.o
                0x08007dc8                HAL_UART_Transmit
 .text.UART_WaitOnFlagUntilTimeout
                0x08007ede       0xb2 ./Drivers/STM32F4xx_HAL_Driver/Src/stm32f4xx_hal_uart.o
 .text.UART_EndRxTransfer
                0x08007f90       0xc6 ./Drivers/STM32F4xx_HAL_Driver/Src/stm32f4xx_hal_uart.o
 *fill*         0x08008056        0x2 
 .text.UART_SetConfig
                0x08008058      0x4e8 ./Drivers/STM32F4xx_HAL_Driver/Src/stm32f4xx_hal_uart.o
 .text.__NVIC_SetPriority
                0x08008540       0x54 ./Middlewares/Third_Party/FreeRTOS/Source/CMSIS_RTOS_V2/cmsis_os2.o
 .text.SysTick_Handler
                0x08008594       0x20 ./Middlewares/Third_Party/FreeRTOS/Source/CMSIS_RTOS_V2/cmsis_os2.o
                0x08008594                SysTick_Handler
 .text.SVC_Setup
                0x080085b4       0x12 ./Middlewares/Third_Party/FreeRTOS/Source/CMSIS_RTOS_V2/cmsis_os2.o
 *fill*         0x080085c6        0x2 
 .text.osKernelInitialize
                0x080085c8       0x48 ./Middlewares/Third_Party/FreeRTOS/Source/CMSIS_RTOS_V2/cmsis_os2.o
                0x080085c8                osKernelInitialize
 .text.osKernelStart
                0x08008610       0x4c ./Middlewares/Third_Party/FreeRTOS/Source/CMSIS_RTOS_V2/cmsis_os2.o
                0x08008610                osKernelStart
 .text.osThreadNew
                0x0800865c      0x124 ./Middlewares/Third_Party/FreeRTOS/Source/CMSIS_RTOS_V2/cmsis_os2.o
                0x0800865c                osThreadNew
 .text.vApplicationGetIdleTaskMemory
                0x08008780       0x34 ./Middlewares/Third_Party/FreeRTOS/Source/CMSIS_RTOS_V2/cmsis_os2.o
                0x08008780                vApplicationGetIdleTaskMemory
 .text.vApplicationGetTimerTaskMemory
                0x080087b4       0x34 ./Middlewares/Third_Party/FreeRTOS/Source/CMSIS_RTOS_V2/cmsis_os2.o
                0x080087b4                vApplicationGetTimerTaskMemory
 .text.vListInitialise
                0x080087e8       0x40 ./Middlewares/Third_Party/FreeRTOS/Source/list.o
                0x080087e8                vListInitialise
 .text.vListInitialiseItem
                0x08008828       0x1a ./Middlewares/Third_Party/FreeRTOS/Source/list.o
                0x08008828                vListInitialiseItem
 .text.vListInsertEnd
                0x08008842       0x48 ./Middlewares/Third_Party/FreeRTOS/Source/list.o
                0x08008842                vListInsertEnd
 .text.vListInsert
                0x0800888a       0x72 ./Middlewares/Third_Party/FreeRTOS/Source/list.o
                0x0800888a                vListInsert
 .text.uxListRemove
                0x080088fc       0x54 ./Middlewares/Third_Party/FreeRTOS/Source/list.o
                0x080088fc                uxListRemove
 .text.xQueueGenericReset
                0x08008950       0xd4 ./Middlewares/Third_Party/FreeRTOS/Source/queue.o
                0x08008950                xQueueGenericReset
 .text.xQueueGenericCreateStatic
                0x08008a24       0xfa ./Middlewares/Third_Party/FreeRTOS/Source/queue.o
                0x08008a24                xQueueGenericCreateStatic
 .text.prvInitialiseNewQueue
                0x08008b1e       0x46 ./Middlewares/Third_Party/FreeRTOS/Source/queue.o
 .text.xQueueGenericSend
                0x08008b64      0x204 ./Middlewares/Third_Party/FreeRTOS/Source/queue.o
                0x08008b64                xQueueGenericSend
 .text.xQueueGenericSendFromISR
                0x08008d68      0x13c ./Middlewares/Third_Party/FreeRTOS/Source/queue.o
                0x08008d68                xQueueGenericSendFromISR
 .text.xQueueReceive
                0x08008ea4      0x1c4 ./Middlewares/Third_Party/FreeRTOS/Source/queue.o
                0x08008ea4                xQueueReceive
 .text.prvCopyDataToQueue
                0x08009068       0xd4 ./Middlewares/Third_Party/FreeRTOS/Source/queue.o
 .text.prvCopyDataFromQueue
                0x0800913c       0x4c ./Middlewares/Third_Party/FreeRTOS/Source/queue.o
 .text.prvUnlockQueue
                0x08009188       0xa4 ./Middlewares/Third_Party/FreeRTOS/Source/queue.o
 .text.prvIsQueueEmpty
                0x0800922c       0x2c ./Middlewares/Third_Party/FreeRTOS/Source/queue.o
 .text.prvIsQueueFull
                0x08009258       0x30 ./Middlewares/Third_Party/FreeRTOS/Source/queue.o
 .text.vQueueAddToRegistry
                0x08009288       0x54 ./Middlewares/Third_Party/FreeRTOS/Source/queue.o
                0x08009288                vQueueAddToRegistry
 .text.vQueueWaitForMessageRestricted
                0x080092dc       0x68 ./Middlewares/Third_Party/FreeRTOS/Source/queue.o
                0x080092dc                vQueueWaitForMessageRestricted
 .text.xTaskCreateStatic
                0x08009344       0xc0 ./Middlewares/Third_Party/FreeRTOS/Source/tasks.o
                0x08009344                xTaskCreateStatic
 .text.xTaskCreate
                0x08009404       0x8a ./Middlewares/Third_Party/FreeRTOS/Source/tasks.o
                0x08009404                xTaskCreate
 *fill*         0x0800948e        0x2 
 .text.prvInitialiseNewTask
                0x08009490      0x150 ./Middlewares/Third_Party/FreeRTOS/Source/tasks.o
 .text.prvAddNewTaskToReadyList
                0x080095e0       0xe0 ./Middlewares/Third_Party/FreeRTOS/Source/tasks.o
 .text.vTaskDelay
                0x080096c0       0x6c ./Middlewares/Third_Party/FreeRTOS/Source/tasks.o
                0x080096c0                vTaskDelay
 .text.vTaskStartScheduler
                0x0800972c       0xe0 ./Middlewares/Third_Party/FreeRTOS/Source/tasks.o
                0x0800972c                vTaskStartScheduler
 .text.vTaskSuspendAll
                0x0800980c       0x1c ./Middlewares/Third_Party/FreeRTOS/Source/tasks.o
                0x0800980c                vTaskSuspendAll
 .text.xTaskResumeAll
                0x08009828      0x13c ./Middlewares/Third_Party/FreeRTOS/Source/tasks.o
                0x08009828                xTaskResumeAll
 .text.xTaskGetTickCount
                0x08009964       0x20 ./Middlewares/Third_Party/FreeRTOS/Source/tasks.o
                0x08009964                xTaskGetTickCount
 .text.xTaskIncrementTick
                0x08009984      0x174 ./Middlewares/Third_Party/FreeRTOS/Source/tasks.o
                0x08009984                xTaskIncrementTick
 .text.vTaskSwitchContext
                0x08009af8       0xcc ./Middlewares/Third_Party/FreeRTOS/Source/tasks.o
                0x08009af8                vTaskSwitchContext
 .text.vTaskPlaceOnEventList
                0x08009bc4       0x4c ./Middlewares/Third_Party/FreeRTOS/Source/tasks.o
                0x08009bc4                vTaskPlaceOnEventList
 .text.vTaskPlaceOnEventListRestricted
                0x08009c10       0x58 ./Middlewares/Third_Party/FreeRTOS/Source/tasks.o
                0x08009c10                vTaskPlaceOnEventListRestricted
 .text.xTaskRemoveFromEventList
                0x08009c68       0xc8 ./Middlewares/Third_Party/FreeRTOS/Source/tasks.o
                0x08009c68                xTaskRemoveFromEventList
 .text.vTaskInternalSetTimeOutState
                0x08009d30       0x2c ./Middlewares/Third_Party/FreeRTOS/Source/tasks.o
                0x08009d30                vTaskInternalSetTimeOutState
 .text.xTaskCheckForTimeOut
                0x08009d5c       0xc8 ./Middlewares/Third_Party/FreeRTOS/Source/tasks.o
                0x08009d5c                xTaskCheckForTimeOut
 .text.vTaskMissedYield
                0x08009e24       0x18 ./Middlewares/Third_Party/FreeRTOS/Source/tasks.o
                0x08009e24                vTaskMissedYield
 .text.prvIdleTask
                0x08009e3c       0x30 ./Middlewares/Third_Party/FreeRTOS/Source/tasks.o
 .text.prvInitialiseTaskLists
                0x08009e6c       0x80 ./Middlewares/Third_Party/FreeRTOS/Source/tasks.o
 .text.prvCheckTasksWaitingTermination
                0x08009eec       0x5c ./Middlewares/Third_Party/FreeRTOS/Source/tasks.o
 .text.prvDeleteTCB
                0x08009f48       0x6a ./Middlewares/Third_Party/FreeRTOS/Source/tasks.o
 *fill*         0x08009fb2        0x2 
 .text.prvResetNextTaskUnblockTime
                0x08009fb4       0x40 ./Middlewares/Third_Party/FreeRTOS/Source/tasks.o
 .text.xTaskGetSchedulerState
                0x08009ff4       0x3c ./Middlewares/Third_Party/FreeRTOS/Source/tasks.o
                0x08009ff4                xTaskGetSchedulerState
 .text.xTaskPriorityDisinherit
                0x0800a030       0xe0 ./Middlewares/Third_Party/FreeRTOS/Source/tasks.o
                0x0800a030                xTaskPriorityDisinherit
 .text.prvAddCurrentTaskToDelayedList
                0x0800a110       0xa8 ./Middlewares/Third_Party/FreeRTOS/Source/tasks.o
 .text.xTimerCreateTimerTask
                0x0800a1b8       0x94 ./Middlewares/Third_Party/FreeRTOS/Source/timers.o
                0x0800a1b8                xTimerCreateTimerTask
 .text.xTimerGenericCommand
                0x0800a24c       0x9c ./Middlewares/Third_Party/FreeRTOS/Source/timers.o
                0x0800a24c                xTimerGenericCommand
 .text.prvProcessExpiredTimer
                0x0800a2e8       0x9c ./Middlewares/Third_Party/FreeRTOS/Source/timers.o
 .text.prvTimerTask
                0x0800a384       0x26 ./Middlewares/Third_Party/FreeRTOS/Source/timers.o
 *fill*         0x0800a3aa        0x2 
 .text.prvProcessTimerOrBlockTask
                0x0800a3ac       0x9c ./Middlewares/Third_Party/FreeRTOS/Source/timers.o
 .text.prvGetNextExpireTime
                0x0800a448       0x48 ./Middlewares/Third_Party/FreeRTOS/Source/timers.o
 .text.prvSampleTimeNow
                0x0800a490       0x40 ./Middlewares/Third_Party/FreeRTOS/Source/timers.o
 .text.prvInsertTimerInActiveList
                0x0800a4d0       0x84 ./Middlewares/Third_Party/FreeRTOS/Source/timers.o
 .text.prvProcessReceivedCommands
                0x0800a554      0x1cc ./Middlewares/Third_Party/FreeRTOS/Source/timers.o
 .text.prvSwitchTimerLists
                0x0800a720       0xcc ./Middlewares/Third_Party/FreeRTOS/Source/timers.o
 .text.prvCheckForValidListAndQueue
                0x0800a7ec       0x80 ./Middlewares/Third_Party/FreeRTOS/Source/timers.o
 .text.pxPortInitialiseStack
                0x0800a86c       0x68 ./Middlewares/Third_Party/FreeRTOS/Source/portable/GCC/ARM_CM4F/port.o
                0x0800a86c                pxPortInitialiseStack
 .text.prvTaskExitError
                0x0800a8d4       0x5c ./Middlewares/Third_Party/FreeRTOS/Source/portable/GCC/ARM_CM4F/port.o
 .text.SVC_Handler
                0x0800a930       0x28 ./Middlewares/Third_Party/FreeRTOS/Source/portable/GCC/ARM_CM4F/port.o
                0x0800a930                SVC_Handler
 .text.prvPortStartFirstTask
                0x0800a958       0x28 ./Middlewares/Third_Party/FreeRTOS/Source/portable/GCC/ARM_CM4F/port.o
 .text.xPortStartScheduler
                0x0800a980      0x148 ./Middlewares/Third_Party/FreeRTOS/Source/portable/GCC/ARM_CM4F/port.o
                0x0800a980                xPortStartScheduler
 .text.vPortEnterCritical
                0x0800aac8       0x64 ./Middlewares/Third_Party/FreeRTOS/Source/portable/GCC/ARM_CM4F/port.o
                0x0800aac8                vPortEnterCritical
 .text.vPortExitCritical
                0x0800ab2c       0x54 ./Middlewares/Third_Party/FreeRTOS/Source/portable/GCC/ARM_CM4F/port.o
                0x0800ab2c                vPortExitCritical
 .text.PendSV_Handler
                0x0800ab80       0x68 ./Middlewares/Third_Party/FreeRTOS/Source/portable/GCC/ARM_CM4F/port.o
                0x0800ab80                PendSV_Handler
 .text.xPortSysTickHandler
                0x0800abe8       0x44 ./Middlewares/Third_Party/FreeRTOS/Source/portable/GCC/ARM_CM4F/port.o
                0x0800abe8                xPortSysTickHandler
 .text.vPortSetupTimerInterrupt
                0x0800ac2c       0x48 ./Middlewares/Third_Party/FreeRTOS/Source/portable/GCC/ARM_CM4F/port.o
                0x0800ac2c                vPortSetupTimerInterrupt
 .text.vPortEnableVFP
                0x0800ac74       0x14 ./Middlewares/Third_Party/FreeRTOS/Source/portable/GCC/ARM_CM4F/port.o
 .text.vPortValidateInterruptPriority
                0x0800ac88       0x84 ./Middlewares/Third_Party/FreeRTOS/Source/portable/GCC/ARM_CM4F/port.o
                0x0800ac88                vPortValidateInterruptPriority
 .text.pvPortMalloc
                0x0800ad0c      0x19c ./Middlewares/Third_Party/FreeRTOS/Source/portable/MemMang/heap_4.o
                0x0800ad0c                pvPortMalloc
 .text.vPortFree
                0x0800aea8       0xc8 ./Middlewares/Third_Party/FreeRTOS/Source/portable/MemMang/heap_4.o
                0x0800aea8                vPortFree
 .text.prvHeapInit
                0x0800af70       0xc4 ./Middlewares/Third_Party/FreeRTOS/Source/portable/MemMang/heap_4.o
 .text.prvInsertBlockIntoFreeList
                0x0800b034       0xb4 ./Middlewares/Third_Party/FreeRTOS/Source/portable/MemMang/heap_4.o
 .text.malloc   0x0800b0e8       0x10 C:/ST/STM32CubeIDE_1.15.0/STM32CubeIDE/plugins/com.st.stm32cube.ide.mcu.externaltools.gnu-tools-for-stm32.12.3.rel1.win32_1.0.100.202403111256/tools/bin/../lib/gcc/arm-none-eabi/12.3.1/../../../../arm-none-eabi/lib/thumb/v7e-m+fp/hard\libc_nano.a(libc_a-malloc.o)
                0x0800b0e8                malloc
 .text.free     0x0800b0f8       0x10 C:/ST/STM32CubeIDE_1.15.0/STM32CubeIDE/plugins/com.st.stm32cube.ide.mcu.externaltools.gnu-tools-for-stm32.12.3.rel1.win32_1.0.100.202403111256/tools/bin/../lib/gcc/arm-none-eabi/12.3.1/../../../../arm-none-eabi/lib/thumb/v7e-m+fp/hard\libc_nano.a(libc_a-malloc.o)
                0x0800b0f8                free
 .text.sbrk_aligned
                0x0800b108       0x44 C:/ST/STM32CubeIDE_1.15.0/STM32CubeIDE/plugins/com.st.stm32cube.ide.mcu.externaltools.gnu-tools-for-stm32.12.3.rel1.win32_1.0.100.202403111256/tools/bin/../lib/gcc/arm-none-eabi/12.3.1/../../../../arm-none-eabi/lib/thumb/v7e-m+fp/hard\libc_nano.a(libc_a-mallocr.o)
 .text._malloc_r
                0x0800b14c      0x100 C:/ST/STM32CubeIDE_1.15.0/STM32CubeIDE/plugins/com.st.stm32cube.ide.mcu.externaltools.gnu-tools-for-stm32.12.3.rel1.win32_1.0.100.202403111256/tools/bin/../lib/gcc/arm-none-eabi/12.3.1/../../../../arm-none-eabi/lib/thumb/v7e-m+fp/hard\libc_nano.a(libc_a-mallocr.o)
                0x0800b14c                _malloc_r
 .text.__malloc_lock
                0x0800b24c        0xc C:/ST/STM32CubeIDE_1.15.0/STM32CubeIDE/plugins/com.st.stm32cube.ide.mcu.externaltools.gnu-tools-for-stm32.12.3.rel1.win32_1.0.100.202403111256/tools/bin/../lib/gcc/arm-none-eabi/12.3.1/../../../../arm-none-eabi/lib/thumb/v7e-m+fp/hard\libc_nano.a(libc_a-mlock.o)
                0x0800b24c                __malloc_lock
 .text.__malloc_unlock
                0x0800b258        0xc C:/ST/STM32CubeIDE_1.15.0/STM32CubeIDE/plugins/com.st.stm32cube.ide.mcu.externaltools.gnu-tools-for-stm32.12.3.rel1.win32_1.0.100.202403111256/tools/bin/../lib/gcc/arm-none-eabi/12.3.1/../../../../arm-none-eabi/lib/thumb/v7e-m+fp/hard\libc_nano.a(libc_a-mlock.o)
                0x0800b258                __malloc_unlock
 .text.std      0x0800b264       0x6c C:/ST/STM32CubeIDE_1.15.0/STM32CubeIDE/plugins/com.st.stm32cube.ide.mcu.externaltools.gnu-tools-for-stm32.12.3.rel1.win32_1.0.100.202403111256/tools/bin/../lib/gcc/arm-none-eabi/12.3.1/../../../../arm-none-eabi/lib/thumb/v7e-m+fp/hard\libc_nano.a(libc_a-findfp.o)
 .text.stdio_exit_handler
                0x0800b2d0       0x18 C:/ST/STM32CubeIDE_1.15.0/STM32CubeIDE/plugins/com.st.stm32cube.ide.mcu.externaltools.gnu-tools-for-stm32.12.3.rel1.win32_1.0.100.202403111256/tools/bin/../lib/gcc/arm-none-eabi/12.3.1/../../../../arm-none-eabi/lib/thumb/v7e-m+fp/hard\libc_nano.a(libc_a-findfp.o)
 .text.cleanup_stdio
                0x0800b2e8       0x40 C:/ST/STM32CubeIDE_1.15.0/STM32CubeIDE/plugins/com.st.stm32cube.ide.mcu.externaltools.gnu-tools-for-stm32.12.3.rel1.win32_1.0.100.202403111256/tools/bin/../lib/gcc/arm-none-eabi/12.3.1/../../../../arm-none-eabi/lib/thumb/v7e-m+fp/hard\libc_nano.a(libc_a-findfp.o)
 .text.global_stdio_init.part.0
                0x0800b328       0x3c C:/ST/STM32CubeIDE_1.15.0/STM32CubeIDE/plugins/com.st.stm32cube.ide.mcu.externaltools.gnu-tools-for-stm32.12.3.rel1.win32_1.0.100.202403111256/tools/bin/../lib/gcc/arm-none-eabi/12.3.1/../../../../arm-none-eabi/lib/thumb/v7e-m+fp/hard\libc_nano.a(libc_a-findfp.o)
 .text.__sfp_lock_acquire
                0x0800b364        0xc C:/ST/STM32CubeIDE_1.15.0/STM32CubeIDE/plugins/com.st.stm32cube.ide.mcu.externaltools.gnu-tools-for-stm32.12.3.rel1.win32_1.0.100.202403111256/tools/bin/../lib/gcc/arm-none-eabi/12.3.1/../../../../arm-none-eabi/lib/thumb/v7e-m+fp/hard\libc_nano.a(libc_a-findfp.o)
                0x0800b364                __sfp_lock_acquire
 .text.__sfp_lock_release
                0x0800b370        0xc C:/ST/STM32CubeIDE_1.15.0/STM32CubeIDE/plugins/com.st.stm32cube.ide.mcu.externaltools.gnu-tools-for-stm32.12.3.rel1.win32_1.0.100.202403111256/tools/bin/../lib/gcc/arm-none-eabi/12.3.1/../../../../arm-none-eabi/lib/thumb/v7e-m+fp/hard\libc_nano.a(libc_a-findfp.o)
                0x0800b370                __sfp_lock_release
 .text.__sinit  0x0800b37c       0x30 C:/ST/STM32CubeIDE_1.15.0/STM32CubeIDE/plugins/com.st.stm32cube.ide.mcu.externaltools.gnu-tools-for-stm32.12.3.rel1.win32_1.0.100.202403111256/tools/bin/../lib/gcc/arm-none-eabi/12.3.1/../../../../arm-none-eabi/lib/thumb/v7e-m+fp/hard\libc_nano.a(libc_a-findfp.o)
                0x0800b37c                __sinit
 .text._fwalk_sglue
                0x0800b3ac       0x3c C:/ST/STM32CubeIDE_1.15.0/STM32CubeIDE/plugins/com.st.stm32cube.ide.mcu.externaltools.gnu-tools-for-stm32.12.3.rel1.win32_1.0.100.202403111256/tools/bin/../lib/gcc/arm-none-eabi/12.3.1/../../../../arm-none-eabi/lib/thumb/v7e-m+fp/hard\libc_nano.a(libc_a-fwalk.o)
                0x0800b3ac                _fwalk_sglue
 .text.printf   0x0800b3e8       0x24 C:/ST/STM32CubeIDE_1.15.0/STM32CubeIDE/plugins/com.st.stm32cube.ide.mcu.externaltools.gnu-tools-for-stm32.12.3.rel1.win32_1.0.100.202403111256/tools/bin/../lib/gcc/arm-none-eabi/12.3.1/../../../../arm-none-eabi/lib/thumb/v7e-m+fp/hard\libc_nano.a(libc_a-printf.o)
                0x0800b3e8                iprintf
                0x0800b3e8                printf
 .text.putchar  0x0800b40c       0x10 C:/ST/STM32CubeIDE_1.15.0/STM32CubeIDE/plugins/com.st.stm32cube.ide.mcu.externaltools.gnu-tools-for-stm32.12.3.rel1.win32_1.0.100.202403111256/tools/bin/../lib/gcc/arm-none-eabi/12.3.1/../../../../arm-none-eabi/lib/thumb/v7e-m+fp/hard\libc_nano.a(libc_a-putchar.o)
                0x0800b40c                putchar
 .text._puts_r  0x0800b41c       0xaa C:/ST/STM32CubeIDE_1.15.0/STM32CubeIDE/plugins/com.st.stm32cube.ide.mcu.externaltools.gnu-tools-for-stm32.12.3.rel1.win32_1.0.100.202403111256/tools/bin/../lib/gcc/arm-none-eabi/12.3.1/../../../../arm-none-eabi/lib/thumb/v7e-m+fp/hard\libc_nano.a(libc_a-puts.o)
                0x0800b41c                _puts_r
 *fill*         0x0800b4c6        0x2 
 .text.puts     0x0800b4c8       0x10 C:/ST/STM32CubeIDE_1.15.0/STM32CubeIDE/plugins/com.st.stm32cube.ide.mcu.externaltools.gnu-tools-for-stm32.12.3.rel1.win32_1.0.100.202403111256/tools/bin/../lib/gcc/arm-none-eabi/12.3.1/../../../../arm-none-eabi/lib/thumb/v7e-m+fp/hard\libc_nano.a(libc_a-puts.o)
                0x0800b4c8                puts
 .text.sprintf  0x0800b4d8       0x40 C:/ST/STM32CubeIDE_1.15.0/STM32CubeIDE/plugins/com.st.stm32cube.ide.mcu.externaltools.gnu-tools-for-stm32.12.3.rel1.win32_1.0.100.202403111256/tools/bin/../lib/gcc/arm-none-eabi/12.3.1/../../../../arm-none-eabi/lib/thumb/v7e-m+fp/hard\libc_nano.a(libc_a-sprintf.o)
                0x0800b4d8                siprintf
                0x0800b4d8                sprintf
 .text.__sread  0x0800b518       0x22 C:/ST/STM32CubeIDE_1.15.0/STM32CubeIDE/plugins/com.st.stm32cube.ide.mcu.externaltools.gnu-tools-for-stm32.12.3.rel1.win32_1.0.100.202403111256/tools/bin/../lib/gcc/arm-none-eabi/12.3.1/../../../../arm-none-eabi/lib/thumb/v7e-m+fp/hard\libc_nano.a(libc_a-stdio.o)
                0x0800b518                __sread
 .text.__swrite
                0x0800b53a       0x38 C:/ST/STM32CubeIDE_1.15.0/STM32CubeIDE/plugins/com.st.stm32cube.ide.mcu.externaltools.gnu-tools-for-stm32.12.3.rel1.win32_1.0.100.202403111256/tools/bin/../lib/gcc/arm-none-eabi/12.3.1/../../../../arm-none-eabi/lib/thumb/v7e-m+fp/hard\libc_nano.a(libc_a-stdio.o)
                0x0800b53a                __swrite
 .text.__sseek  0x0800b572       0x24 C:/ST/STM32CubeIDE_1.15.0/STM32CubeIDE/plugins/com.st.stm32cube.ide.mcu.externaltools.gnu-tools-for-stm32.12.3.rel1.win32_1.0.100.202403111256/tools/bin/../lib/gcc/arm-none-eabi/12.3.1/../../../../arm-none-eabi/lib/thumb/v7e-m+fp/hard\libc_nano.a(libc_a-stdio.o)
                0x0800b572                __sseek
 .text.__sclose
                0x0800b596        0x8 C:/ST/STM32CubeIDE_1.15.0/STM32CubeIDE/plugins/com.st.stm32cube.ide.mcu.externaltools.gnu-tools-for-stm32.12.3.rel1.win32_1.0.100.202403111256/tools/bin/../lib/gcc/arm-none-eabi/12.3.1/../../../../arm-none-eabi/lib/thumb/v7e-m+fp/hard\libc_nano.a(libc_a-stdio.o)
                0x0800b596                __sclose
 .text.__swbuf_r
                0x0800b59e       0x7c C:/ST/STM32CubeIDE_1.15.0/STM32CubeIDE/plugins/com.st.stm32cube.ide.mcu.externaltools.gnu-tools-for-stm32.12.3.rel1.win32_1.0.100.202403111256/tools/bin/../lib/gcc/arm-none-eabi/12.3.1/../../../../arm-none-eabi/lib/thumb/v7e-m+fp/hard\libc_nano.a(libc_a-wbuf.o)
                0x0800b59e                __swbuf_r
 *fill*         0x0800b61a        0x2 
 .text.__swsetup_r
                0x0800b61c       0xac C:/ST/STM32CubeIDE_1.15.0/STM32CubeIDE/plugins/com.st.stm32cube.ide.mcu.externaltools.gnu-tools-for-stm32.12.3.rel1.win32_1.0.100.202403111256/tools/bin/../lib/gcc/arm-none-eabi/12.3.1/../../../../arm-none-eabi/lib/thumb/v7e-m+fp/hard\libc_nano.a(libc_a-wsetup.o)
                0x0800b61c                __swsetup_r
 .text.memset   0x0800b6c8       0x10 C:/ST/STM32CubeIDE_1.15.0/STM32CubeIDE/plugins/com.st.stm32cube.ide.mcu.externaltools.gnu-tools-for-stm32.12.3.rel1.win32_1.0.100.202403111256/tools/bin/../lib/gcc/arm-none-eabi/12.3.1/../../../../arm-none-eabi/lib/thumb/v7e-m+fp/hard\libc_nano.a(libc_a-memset.o)
                0x0800b6c8                memset
 .text.strchr   0x0800b6d8       0x1a C:/ST/STM32CubeIDE_1.15.0/STM32CubeIDE/plugins/com.st.stm32cube.ide.mcu.externaltools.gnu-tools-for-stm32.12.3.rel1.win32_1.0.100.202403111256/tools/bin/../lib/gcc/arm-none-eabi/12.3.1/../../../../arm-none-eabi/lib/thumb/v7e-m+fp/hard\libc_nano.a(libc_a-strchr.o)
                0x0800b6d8                strchr
 .text.strncmp  0x0800b6f2       0x24 C:/ST/STM32CubeIDE_1.15.0/STM32CubeIDE/plugins/com.st.stm32cube.ide.mcu.externaltools.gnu-tools-for-stm32.12.3.rel1.win32_1.0.100.202403111256/tools/bin/../lib/gcc/arm-none-eabi/12.3.1/../../../../arm-none-eabi/lib/thumb/v7e-m+fp/hard\libc_nano.a(libc_a-strncmp.o)
                0x0800b6f2                strncmp
 .text.strncpy  0x0800b716       0x26 C:/ST/STM32CubeIDE_1.15.0/STM32CubeIDE/plugins/com.st.stm32cube.ide.mcu.externaltools.gnu-tools-for-stm32.12.3.rel1.win32_1.0.100.202403111256/tools/bin/../lib/gcc/arm-none-eabi/12.3.1/../../../../arm-none-eabi/lib/thumb/v7e-m+fp/hard\libc_nano.a(libc_a-strncpy.o)
                0x0800b716                strncpy
 .text.strstr   0x0800b73c       0x2c C:/ST/STM32CubeIDE_1.15.0/STM32CubeIDE/plugins/com.st.stm32cube.ide.mcu.externaltools.gnu-tools-for-stm32.12.3.rel1.win32_1.0.100.202403111256/tools/bin/../lib/gcc/arm-none-eabi/12.3.1/../../../../arm-none-eabi/lib/thumb/v7e-m+fp/hard\libc_nano.a(libc_a-strstr.o)
                0x0800b73c                strstr
 .text._close_r
                0x0800b768       0x20 C:/ST/STM32CubeIDE_1.15.0/STM32CubeIDE/plugins/com.st.stm32cube.ide.mcu.externaltools.gnu-tools-for-stm32.12.3.rel1.win32_1.0.100.202403111256/tools/bin/../lib/gcc/arm-none-eabi/12.3.1/../../../../arm-none-eabi/lib/thumb/v7e-m+fp/hard\libc_nano.a(libc_a-closer.o)
                0x0800b768                _close_r
 .text._reclaim_reent
                0x0800b788       0xac C:/ST/STM32CubeIDE_1.15.0/STM32CubeIDE/plugins/com.st.stm32cube.ide.mcu.externaltools.gnu-tools-for-stm32.12.3.rel1.win32_1.0.100.202403111256/tools/bin/../lib/gcc/arm-none-eabi/12.3.1/../../../../arm-none-eabi/lib/thumb/v7e-m+fp/hard\libc_nano.a(libc_a-reent.o)
                0x0800b788                _reclaim_reent
 .text._lseek_r
                0x0800b834       0x24 C:/ST/STM32CubeIDE_1.15.0/STM32CubeIDE/plugins/com.st.stm32cube.ide.mcu.externaltools.gnu-tools-for-stm32.12.3.rel1.win32_1.0.100.202403111256/tools/bin/../lib/gcc/arm-none-eabi/12.3.1/../../../../arm-none-eabi/lib/thumb/v7e-m+fp/hard\libc_nano.a(libc_a-lseekr.o)
                0x0800b834                _lseek_r
 .text._read_r  0x0800b858       0x24 C:/ST/STM32CubeIDE_1.15.0/STM32CubeIDE/plugins/com.st.stm32cube.ide.mcu.externaltools.gnu-tools-for-stm32.12.3.rel1.win32_1.0.100.202403111256/tools/bin/../lib/gcc/arm-none-eabi/12.3.1/../../../../arm-none-eabi/lib/thumb/v7e-m+fp/hard\libc_nano.a(libc_a-readr.o)
                0x0800b858                _read_r
 .text._sbrk_r  0x0800b87c       0x20 C:/ST/STM32CubeIDE_1.15.0/STM32CubeIDE/plugins/com.st.stm32cube.ide.mcu.externaltools.gnu-tools-for-stm32.12.3.rel1.win32_1.0.100.202403111256/tools/bin/../lib/gcc/arm-none-eabi/12.3.1/../../../../arm-none-eabi/lib/thumb/v7e-m+fp/hard\libc_nano.a(libc_a-sbrkr.o)
                0x0800b87c                _sbrk_r
 .text._write_r
                0x0800b89c       0x24 C:/ST/STM32CubeIDE_1.15.0/STM32CubeIDE/plugins/com.st.stm32cube.ide.mcu.externaltools.gnu-tools-for-stm32.12.3.rel1.win32_1.0.100.202403111256/tools/bin/../lib/gcc/arm-none-eabi/12.3.1/../../../../arm-none-eabi/lib/thumb/v7e-m+fp/hard\libc_nano.a(libc_a-writer.o)
                0x0800b89c                _write_r
 .text.__errno  0x0800b8c0        0xc C:/ST/STM32CubeIDE_1.15.0/STM32CubeIDE/plugins/com.st.stm32cube.ide.mcu.externaltools.gnu-tools-for-stm32.12.3.rel1.win32_1.0.100.202403111256/tools/bin/../lib/gcc/arm-none-eabi/12.3.1/../../../../arm-none-eabi/lib/thumb/v7e-m+fp/hard\libc_nano.a(libc_a-errno.o)
                0x0800b8c0                __errno
 .text.__libc_init_array
                0x0800b8cc       0x48 C:/ST/STM32CubeIDE_1.15.0/STM32CubeIDE/plugins/com.st.stm32cube.ide.mcu.externaltools.gnu-tools-for-stm32.12.3.rel1.win32_1.0.100.202403111256/tools/bin/../lib/gcc/arm-none-eabi/12.3.1/../../../../arm-none-eabi/lib/thumb/v7e-m+fp/hard\libc_nano.a(libc_a-init.o)
                0x0800b8cc                __libc_init_array
 .text.__retarget_lock_init_recursive
                0x0800b914        0x2 C:/ST/STM32CubeIDE_1.15.0/STM32CubeIDE/plugins/com.st.stm32cube.ide.mcu.externaltools.gnu-tools-for-stm32.12.3.rel1.win32_1.0.100.202403111256/tools/bin/../lib/gcc/arm-none-eabi/12.3.1/../../../../arm-none-eabi/lib/thumb/v7e-m+fp/hard\libc_nano.a(libc_a-lock.o)
                0x0800b914                __retarget_lock_init_recursive
 .text.__retarget_lock_acquire_recursive
                0x0800b916        0x2 C:/ST/STM32CubeIDE_1.15.0/STM32CubeIDE/plugins/com.st.stm32cube.ide.mcu.externaltools.gnu-tools-for-stm32.12.3.rel1.win32_1.0.100.202403111256/tools/bin/../lib/gcc/arm-none-eabi/12.3.1/../../../../arm-none-eabi/lib/thumb/v7e-m+fp/hard\libc_nano.a(libc_a-lock.o)
                0x0800b916                __retarget_lock_acquire_recursive
 .text.__retarget_lock_release_recursive
                0x0800b918        0x2 C:/ST/STM32CubeIDE_1.15.0/STM32CubeIDE/plugins/com.st.stm32cube.ide.mcu.externaltools.gnu-tools-for-stm32.12.3.rel1.win32_1.0.100.202403111256/tools/bin/../lib/gcc/arm-none-eabi/12.3.1/../../../../arm-none-eabi/lib/thumb/v7e-m+fp/hard\libc_nano.a(libc_a-lock.o)
                0x0800b918                __retarget_lock_release_recursive
 .text.strcpy   0x0800b91a       0x10 C:/ST/STM32CubeIDE_1.15.0/STM32CubeIDE/plugins/com.st.stm32cube.ide.mcu.externaltools.gnu-tools-for-stm32.12.3.rel1.win32_1.0.100.202403111256/tools/bin/../lib/gcc/arm-none-eabi/12.3.1/../../../../arm-none-eabi/lib/thumb/v7e-m+fp/hard\libc_nano.a(libc_a-strcpy.o)
                0x0800b91a                strcpy
 .text.memcpy   0x0800b92a       0x1c C:/ST/STM32CubeIDE_1.15.0/STM32CubeIDE/plugins/com.st.stm32cube.ide.mcu.externaltools.gnu-tools-for-stm32.12.3.rel1.win32_1.0.100.202403111256/tools/bin/../lib/gcc/arm-none-eabi/12.3.1/../../../../arm-none-eabi/lib/thumb/v7e-m+fp/hard\libc_nano.a(libc_a-memcpy-stub.o)
                0x0800b92a                memcpy
 *fill*         0x0800b946        0x2 
 .text._free_r  0x0800b948       0x94 C:/ST/STM32CubeIDE_1.15.0/STM32CubeIDE/plugins/com.st.stm32cube.ide.mcu.externaltools.gnu-tools-for-stm32.12.3.rel1.win32_1.0.100.202403111256/tools/bin/../lib/gcc/arm-none-eabi/12.3.1/../../../../arm-none-eabi/lib/thumb/v7e-m+fp/hard\libc_nano.a(libc_a-freer.o)
                0x0800b948                _free_r
 .text.__ssputs_r
                0x0800b9dc       0xb6 C:/ST/STM32CubeIDE_1.15.0/STM32CubeIDE/plugins/com.st.stm32cube.ide.mcu.externaltools.gnu-tools-for-stm32.12.3.rel1.win32_1.0.100.202403111256/tools/bin/../lib/gcc/arm-none-eabi/12.3.1/../../../../arm-none-eabi/lib/thumb/v7e-m+fp/hard\libc_nano.a(libc_a-nano-svfprintf.o)
                0x0800b9dc                __ssputs_r
 *fill*         0x0800ba92        0x2 
 .text._svfprintf_r
                0x0800ba94      0x1f8 C:/ST/STM32CubeIDE_1.15.0/STM32CubeIDE/plugins/com.st.stm32cube.ide.mcu.externaltools.gnu-tools-for-stm32.12.3.rel1.win32_1.0.100.202403111256/tools/bin/../lib/gcc/arm-none-eabi/12.3.1/../../../../arm-none-eabi/lib/thumb/v7e-m+fp/hard\libc_nano.a(libc_a-nano-svfprintf.o)
                0x0800ba94                _svfiprintf_r
                0x0800ba94                _svfprintf_r
 .text.__sfputc_r
                0x0800bc8c       0x2e C:/ST/STM32CubeIDE_1.15.0/STM32CubeIDE/plugins/com.st.stm32cube.ide.mcu.externaltools.gnu-tools-for-stm32.12.3.rel1.win32_1.0.100.202403111256/tools/bin/../lib/gcc/arm-none-eabi/12.3.1/../../../../arm-none-eabi/lib/thumb/v7e-m+fp/hard\libc_nano.a(libc_a-nano-vfprintf.o)
 .text.__sfputs_r
                0x0800bcba       0x24 C:/ST/STM32CubeIDE_1.15.0/STM32CubeIDE/plugins/com.st.stm32cube.ide.mcu.externaltools.gnu-tools-for-stm32.12.3.rel1.win32_1.0.100.202403111256/tools/bin/../lib/gcc/arm-none-eabi/12.3.1/../../../../arm-none-eabi/lib/thumb/v7e-m+fp/hard\libc_nano.a(libc_a-nano-vfprintf.o)
                0x0800bcba                __sfputs_r
 *fill*         0x0800bcde        0x2 
 .text._vfprintf_r
                0x0800bce0      0x230 C:/ST/STM32CubeIDE_1.15.0/STM32CubeIDE/plugins/com.st.stm32cube.ide.mcu.externaltools.gnu-tools-for-stm32.12.3.rel1.win32_1.0.100.202403111256/tools/bin/../lib/gcc/arm-none-eabi/12.3.1/../../../../arm-none-eabi/lib/thumb/v7e-m+fp/hard\libc_nano.a(libc_a-nano-vfprintf.o)
                0x0800bce0                _vfprintf_r
                0x0800bce0                _vfiprintf_r
 .text._printf_common
                0x0800bf10       0xda C:/ST/STM32CubeIDE_1.15.0/STM32CubeIDE/plugins/com.st.stm32cube.ide.mcu.externaltools.gnu-tools-for-stm32.12.3.rel1.win32_1.0.100.202403111256/tools/bin/../lib/gcc/arm-none-eabi/12.3.1/../../../../arm-none-eabi/lib/thumb/v7e-m+fp/hard\libc_nano.a(libc_a-nano-vfprintf_i.o)
                0x0800bf10                _printf_common
 *fill*         0x0800bfea        0x2 
 .text._printf_i
                0x0800bfec      0x240 C:/ST/STM32CubeIDE_1.15.0/STM32CubeIDE/plugins/com.st.stm32cube.ide.mcu.externaltools.gnu-tools-for-stm32.12.3.rel1.win32_1.0.100.202403111256/tools/bin/../lib/gcc/arm-none-eabi/12.3.1/../../../../arm-none-eabi/lib/thumb/v7e-m+fp/hard\libc_nano.a(libc_a-nano-vfprintf_i.o)
                0x0800bfec                _printf_i
 .text.__sflush_r
                0x0800c22c      0x108 C:/ST/STM32CubeIDE_1.15.0/STM32CubeIDE/plugins/com.st.stm32cube.ide.mcu.externaltools.gnu-tools-for-stm32.12.3.rel1.win32_1.0.100.202403111256/tools/bin/../lib/gcc/arm-none-eabi/12.3.1/../../../../arm-none-eabi/lib/thumb/v7e-m+fp/hard\libc_nano.a(libc_a-fflush.o)
                0x0800c22c                __sflush_r
 .text._fflush_r
                0x0800c334       0x50 C:/ST/STM32CubeIDE_1.15.0/STM32CubeIDE/plugins/com.st.stm32cube.ide.mcu.externaltools.gnu-tools-for-stm32.12.3.rel1.win32_1.0.100.202403111256/tools/bin/../lib/gcc/arm-none-eabi/12.3.1/../../../../arm-none-eabi/lib/thumb/v7e-m+fp/hard\libc_nano.a(libc_a-fflush.o)
                0x0800c334                _fflush_r
 .text.__swhatbuf_r
                0x0800c384       0x4c C:/ST/STM32CubeIDE_1.15.0/STM32CubeIDE/plugins/com.st.stm32cube.ide.mcu.externaltools.gnu-tools-for-stm32.12.3.rel1.win32_1.0.100.202403111256/tools/bin/../lib/gcc/arm-none-eabi/12.3.1/../../../../arm-none-eabi/lib/thumb/v7e-m+fp/hard\libc_nano.a(libc_a-makebuf.o)
                0x0800c384                __swhatbuf_r
 .text.__smakebuf_r
                0x0800c3d0       0x78 C:/ST/STM32CubeIDE_1.15.0/STM32CubeIDE/plugins/com.st.stm32cube.ide.mcu.externaltools.gnu-tools-for-stm32.12.3.rel1.win32_1.0.100.202403111256/tools/bin/../lib/gcc/arm-none-eabi/12.3.1/../../../../arm-none-eabi/lib/thumb/v7e-m+fp/hard\libc_nano.a(libc_a-makebuf.o)
                0x0800c3d0                __smakebuf_r
 .text._putc_r  0x0800c448       0x68 C:/ST/STM32CubeIDE_1.15.0/STM32CubeIDE/plugins/com.st.stm32cube.ide.mcu.externaltools.gnu-tools-for-stm32.12.3.rel1.win32_1.0.100.202403111256/tools/bin/../lib/gcc/arm-none-eabi/12.3.1/../../../../arm-none-eabi/lib/thumb/v7e-m+fp/hard\libc_nano.a(libc_a-putc.o)
                0x0800c448                _putc_r
 .text.memmove  0x0800c4b0       0x34 C:/ST/STM32CubeIDE_1.15.0/STM32CubeIDE/plugins/com.st.stm32cube.ide.mcu.externaltools.gnu-tools-for-stm32.12.3.rel1.win32_1.0.100.202403111256/tools/bin/../lib/gcc/arm-none-eabi/12.3.1/../../../../arm-none-eabi/lib/thumb/v7e-m+fp/hard\libc_nano.a(libc_a-memmove.o)
                0x0800c4b0                memmove
 .text._fstat_r
                0x0800c4e4       0x24 C:/ST/STM32CubeIDE_1.15.0/STM32CubeIDE/plugins/com.st.stm32cube.ide.mcu.externaltools.gnu-tools-for-stm32.12.3.rel1.win32_1.0.100.202403111256/tools/bin/../lib/gcc/arm-none-eabi/12.3.1/../../../../arm-none-eabi/lib/thumb/v7e-m+fp/hard\libc_nano.a(libc_a-fstatr.o)
                0x0800c4e4                _fstat_r
 .text._isatty_r
                0x0800c508       0x20 C:/ST/STM32CubeIDE_1.15.0/STM32CubeIDE/plugins/com.st.stm32cube.ide.mcu.externaltools.gnu-tools-for-stm32.12.3.rel1.win32_1.0.100.202403111256/tools/bin/../lib/gcc/arm-none-eabi/12.3.1/../../../../arm-none-eabi/lib/thumb/v7e-m+fp/hard\libc_nano.a(libc_a-isattyr.o)
                0x0800c508                _isatty_r
 .text._realloc_r
                0x0800c528       0x5c C:/ST/STM32CubeIDE_1.15.0/STM32CubeIDE/plugins/com.st.stm32cube.ide.mcu.externaltools.gnu-tools-for-stm32.12.3.rel1.win32_1.0.100.202403111256/tools/bin/../lib/gcc/arm-none-eabi/12.3.1/../../../../arm-none-eabi/lib/thumb/v7e-m+fp/hard\libc_nano.a(libc_a-reallocr.o)
                0x0800c528                _realloc_r
 .text._malloc_usable_size_r
                0x0800c584       0x10 C:/ST/STM32CubeIDE_1.15.0/STM32CubeIDE/plugins/com.st.stm32cube.ide.mcu.externaltools.gnu-tools-for-stm32.12.3.rel1.win32_1.0.100.202403111256/tools/bin/../lib/gcc/arm-none-eabi/12.3.1/../../../../arm-none-eabi/lib/thumb/v7e-m+fp/hard\libc_nano.a(libc_a-msizer.o)
                0x0800c584                _malloc_usable_size_r
 *(.glue_7)
 .glue_7        0x0800c594        0x0 linker stubs
 *(.glue_7t)
 .glue_7t       0x0800c594        0x0 linker stubs
 *(.eh_frame)
 .eh_frame      0x0800c594        0x0 C:/ST/STM32CubeIDE_1.15.0/STM32CubeIDE/plugins/com.st.stm32cube.ide.mcu.externaltools.gnu-tools-for-stm32.12.3.rel1.win32_1.0.100.202403111256/tools/bin/../lib/gcc/arm-none-eabi/12.3.1/thumb/v7e-m+fp/hard/crtbegin.o
 *(.init)
 .init          0x0800c594        0x4 C:/ST/STM32CubeIDE_1.15.0/STM32CubeIDE/plugins/com.st.stm32cube.ide.mcu.externaltools.gnu-tools-for-stm32.12.3.rel1.win32_1.0.100.202403111256/tools/bin/../lib/gcc/arm-none-eabi/12.3.1/thumb/v7e-m+fp/hard/crti.o
                0x0800c594                _init
 .init          0x0800c598        0x8 C:/ST/STM32CubeIDE_1.15.0/STM32CubeIDE/plugins/com.st.stm32cube.ide.mcu.externaltools.gnu-tools-for-stm32.12.3.rel1.win32_1.0.100.202403111256/tools/bin/../lib/gcc/arm-none-eabi/12.3.1/thumb/v7e-m+fp/hard/crtn.o
 *(.fini)
 .fini          0x0800c5a0        0x4 C:/ST/STM32CubeIDE_1.15.0/STM32CubeIDE/plugins/com.st.stm32cube.ide.mcu.externaltools.gnu-tools-for-stm32.12.3.rel1.win32_1.0.100.202403111256/tools/bin/../lib/gcc/arm-none-eabi/12.3.1/thumb/v7e-m+fp/hard/crti.o
                0x0800c5a0                _fini
 .fini          0x0800c5a4        0x8 C:/ST/STM32CubeIDE_1.15.0/STM32CubeIDE/plugins/com.st.stm32cube.ide.mcu.externaltools.gnu-tools-for-stm32.12.3.rel1.win32_1.0.100.202403111256/tools/bin/../lib/gcc/arm-none-eabi/12.3.1/thumb/v7e-m+fp/hard/crtn.o
                0x0800c5ac                        . = ALIGN (0x4)
                0x0800c5ac                        _etext = .

.vfp11_veneer   0x0800c5ac        0x0
 .vfp11_veneer  0x0800c5ac        0x0 linker stubs

.v4_bx          0x0800c5ac        0x0
 .v4_bx         0x0800c5ac        0x0 linker stubs

.iplt           0x0800c5ac        0x0
 .iplt          0x0800c5ac        0x0 C:/ST/STM32CubeIDE_1.15.0/STM32CubeIDE/plugins/com.st.stm32cube.ide.mcu.externaltools.gnu-tools-for-stm32.12.3.rel1.win32_1.0.100.202403111256/tools/bin/../lib/gcc/arm-none-eabi/12.3.1/thumb/v7e-m+fp/hard/crtbegin.o

.rodata         0x0800c5ac      0x8c4
                0x0800c5ac                        . = ALIGN (0x4)
 *(.rodata)
 .rodata        0x0800c5ac      0x3a3 ./Core/Src/main.o
 *fill*         0x0800c94f        0x1 
 .rodata        0x0800c950      0x3b3 ./Core/Src/network.o
 *fill*         0x0800cd03        0x1 
 .rodata        0x0800cd04       0xac ./Core/Src/wizchip_init.o
 .rodata        0x0800cdb0       0x12 ./Core/Src/w5500/DHCP/dhcp.o
 *fill*         0x0800cdc2        0x2 
 .rodata        0x0800cdc4        0x5 ./Middlewares/Third_Party/FreeRTOS/Source/tasks.o
 *fill*         0x0800cdc9        0x3 
 .rodata        0x0800cdcc        0xd ./Middlewares/Third_Party/FreeRTOS/Source/timers.o
 *(.rodata*)
 *fill*         0x0800cdd9        0x3 
 .rodata.AliveTask_attributes
                0x0800cddc       0x24 ./Core/Src/main.o
                0x0800cddc                AliveTask_attributes
 .rodata.NetworkTask_attributes
                0x0800ce00       0x24 ./Core/Src/main.o
                0x0800ce00                NetworkTask_attributes
 .rodata.AHBPrescTable
                0x0800ce24       0x10 ./Core/Src/system_stm32f4xx.o
                0x0800ce24                AHBPrescTable
 .rodata.APBPrescTable
                0x0800ce34        0x8 ./Core/Src/system_stm32f4xx.o
                0x0800ce34                APBPrescTable
 .rodata._svfprintf_r.str1.1
                0x0800ce3c       0x11 C:/ST/STM32CubeIDE_1.15.0/STM32CubeIDE/plugins/com.st.stm32cube.ide.mcu.externaltools.gnu-tools-for-stm32.12.3.rel1.win32_1.0.100.202403111256/tools/bin/../lib/gcc/arm-none-eabi/12.3.1/../../../../arm-none-eabi/lib/thumb/v7e-m+fp/hard\libc_nano.a(libc_a-nano-svfprintf.o)
 .rodata._vfprintf_r.str1.1
                0x0800ce4d       0x11 C:/ST/STM32CubeIDE_1.15.0/STM32CubeIDE/plugins/com.st.stm32cube.ide.mcu.externaltools.gnu-tools-for-stm32.12.3.rel1.win32_1.0.100.202403111256/tools/bin/../lib/gcc/arm-none-eabi/12.3.1/../../../../arm-none-eabi/lib/thumb/v7e-m+fp/hard\libc_nano.a(libc_a-nano-vfprintf.o)
 .rodata._printf_i.str1.1
                0x0800ce4d       0x22 C:/ST/STM32CubeIDE_1.15.0/STM32CubeIDE/plugins/com.st.stm32cube.ide.mcu.externaltools.gnu-tools-for-stm32.12.3.rel1.win32_1.0.100.202403111256/tools/bin/../lib/gcc/arm-none-eabi/12.3.1/../../../../arm-none-eabi/lib/thumb/v7e-m+fp/hard\libc_nano.a(libc_a-nano-vfprintf_i.o)
                0x0800ce70                        . = ALIGN (0x4)
 *fill*         0x0800ce6f        0x1 

.ARM.extab      0x0800ce70        0x0
                0x0800ce70                        . = ALIGN (0x4)
 *(.ARM.extab* .gnu.linkonce.armextab.*)
                0x0800ce70                        . = ALIGN (0x4)

.ARM            0x0800ce70        0x8
                0x0800ce70                        . = ALIGN (0x4)
                0x0800ce70                        __exidx_start = .
 *(.ARM.exidx*)
 .ARM.exidx     0x0800ce70        0x8 C:/ST/STM32CubeIDE_1.15.0/STM32CubeIDE/plugins/com.st.stm32cube.ide.mcu.externaltools.gnu-tools-for-stm32.12.3.rel1.win32_1.0.100.202403111256/tools/bin/../lib/gcc/arm-none-eabi/12.3.1/../../../../arm-none-eabi/lib/thumb/v7e-m+fp/hard\libc_nano.a(libc_a-strlen.o)
 .ARM.exidx     0x0800ce78        0x0 C:/ST/STM32CubeIDE_1.15.0/STM32CubeIDE/plugins/com.st.stm32cube.ide.mcu.externaltools.gnu-tools-for-stm32.12.3.rel1.win32_1.0.100.202403111256/tools/bin/../lib/gcc/arm-none-eabi/12.3.1/../../../../arm-none-eabi/lib/thumb/v7e-m+fp/hard\libc_nano.a(libc_a-memchr.o)
                                  0x8 (size before relaxing)
 .ARM.exidx     0x0800ce78        0x0 C:/ST/STM32CubeIDE_1.15.0/STM32CubeIDE/plugins/com.st.stm32cube.ide.mcu.externaltools.gnu-tools-for-stm32.12.3.rel1.win32_1.0.100.202403111256/tools/bin/../lib/gcc/arm-none-eabi/12.3.1/thumb/v7e-m+fp/hard\libgcc.a(_udivmoddi4.o)
                                  0x8 (size before relaxing)
                0x0800ce78                        __exidx_end = .
                0x0800ce78                        . = ALIGN (0x4)

.preinit_array  0x0800ce78        0x0
                0x0800ce78                        . = ALIGN (0x4)
                0x0800ce78                        PROVIDE (__preinit_array_start = .)
 *(.preinit_array*)
                0x0800ce78                        PROVIDE (__preinit_array_end = .)
                0x0800ce78                        . = ALIGN (0x4)

.init_array     0x0800ce78        0x4
                0x0800ce78                        . = ALIGN (0x4)
                0x0800ce78                        PROVIDE (__init_array_start = .)
 *(SORT_BY_NAME(.init_array.*))
 *(.init_array*)
 .init_array    0x0800ce78        0x4 C:/ST/STM32CubeIDE_1.15.0/STM32CubeIDE/plugins/com.st.stm32cube.ide.mcu.externaltools.gnu-tools-for-stm32.12.3.rel1.win32_1.0.100.202403111256/tools/bin/../lib/gcc/arm-none-eabi/12.3.1/thumb/v7e-m+fp/hard/crtbegin.o
                0x0800ce7c                        PROVIDE (__init_array_end = .)
                0x0800ce7c                        . = ALIGN (0x4)

.fini_array     0x0800ce7c        0x4
                0x0800ce7c                        . = ALIGN (0x4)
                [!provide]                        PROVIDE (__fini_array_start = .)
 *(SORT_BY_NAME(.fini_array.*))
 *(.fini_array*)
 .fini_array    0x0800ce7c        0x4 C:/ST/STM32CubeIDE_1.15.0/STM32CubeIDE/plugins/com.st.stm32cube.ide.mcu.externaltools.gnu-tools-for-stm32.12.3.rel1.win32_1.0.100.202403111256/tools/bin/../lib/gcc/arm-none-eabi/12.3.1/thumb/v7e-m+fp/hard/crtbegin.o
                [!provide]                        PROVIDE (__fini_array_end = .)
                0x0800ce80                        . = ALIGN (0x4)
                0x0800ce80                        _sidata = LOADADDR (.data)

.rel.dyn        0x0800ce80        0x0
 .rel.iplt      0x0800ce80        0x0 C:/ST/STM32CubeIDE_1.15.0/STM32CubeIDE/plugins/com.st.stm32cube.ide.mcu.externaltools.gnu-tools-for-stm32.12.3.rel1.win32_1.0.100.202403111256/tools/bin/../lib/gcc/arm-none-eabi/12.3.1/thumb/v7e-m+fp/hard/crtbegin.o

.data           0x20000000       0xe8 load address 0x0800ce80
                0x20000000                        . = ALIGN (0x4)
                0x20000000                        _sdata = .
 *(.data)
 *(.data*)
 .data.any_port.0
                0x20000000        0x2 ./Core/Src/main.o
 *fill*         0x20000002        0x2 
 .data.defaultNetInfo
                0x20000004       0x17 ./Core/Src/network.o
                0x20000004                defaultNetInfo
 *fill*         0x2000001b        0x1 
 .data.dns_server
                0x2000001c        0x4 ./Core/Src/network.o
                0x2000001c                dns_server
 .data.Domain_name
                0x20000020        0xf ./Core/Src/network.o
                0x20000020                Domain_name
 *fill*         0x2000002f        0x1 
 .data.SystemCoreClock
                0x20000030        0x4 ./Core/Src/system_stm32f4xx.o
                0x20000030                SystemCoreClock
 .data.dhcp_lease_time
                0x20000034        0x4 ./Core/Src/w5500/DHCP/dhcp.o
                0x20000034                dhcp_lease_time
 .data.dhcp_tick_next
                0x20000038        0x4 ./Core/Src/w5500/DHCP/dhcp.o
                0x20000038                dhcp_tick_next
 .data.HOST_NAME
                0x2000003c        0x8 ./Core/Src/w5500/DHCP/dhcp.o
                0x2000003c                HOST_NAME
 .data.dhcp_ip_assign
                0x20000044        0x4 ./Core/Src/w5500/DHCP/dhcp.o
                0x20000044                dhcp_ip_assign
 .data.dhcp_ip_update
                0x20000048        0x4 ./Core/Src/w5500/DHCP/dhcp.o
                0x20000048                dhcp_ip_update
 .data.dhcp_ip_conflict
                0x2000004c        0x4 ./Core/Src/w5500/DHCP/dhcp.o
                0x2000004c                dhcp_ip_conflict
 .data.sock_any_port
                0x20000050        0x2 ./Core/Src/w5500/socket.o
 *fill*         0x20000052        0x2 
 .data.WIZCHIP  0x20000054       0x2c ./Core/Src/w5500/wizchip_conf.o
                0x20000054                WIZCHIP
 .data.uwTickPrio
                0x20000080        0x4 ./Drivers/STM32F4xx_HAL_Driver/Src/stm32f4xx_hal.o
                0x20000080                uwTickPrio
 .data.uwTickFreq
                0x20000084        0x1 ./Drivers/STM32F4xx_HAL_Driver/Src/stm32f4xx_hal.o
                0x20000084                uwTickFreq
 *fill*         0x20000085        0x3 
 .data.uxCriticalNesting
                0x20000088        0x4 ./Middlewares/Third_Party/FreeRTOS/Source/portable/GCC/ARM_CM4F/port.o
 .data.__sglue  0x2000008c        0xc C:/ST/STM32CubeIDE_1.15.0/STM32CubeIDE/plugins/com.st.stm32cube.ide.mcu.externaltools.gnu-tools-for-stm32.12.3.rel1.win32_1.0.100.202403111256/tools/bin/../lib/gcc/arm-none-eabi/12.3.1/../../../../arm-none-eabi/lib/thumb/v7e-m+fp/hard\libc_nano.a(libc_a-findfp.o)
                0x2000008c                __sglue
 .data._impure_ptr
                0x20000098        0x4 C:/ST/STM32CubeIDE_1.15.0/STM32CubeIDE/plugins/com.st.stm32cube.ide.mcu.externaltools.gnu-tools-for-stm32.12.3.rel1.win32_1.0.100.202403111256/tools/bin/../lib/gcc/arm-none-eabi/12.3.1/../../../../arm-none-eabi/lib/thumb/v7e-m+fp/hard\libc_nano.a(libc_a-impure.o)
                0x20000098                _impure_ptr
 .data._impure_data
                0x2000009c       0x4c C:/ST/STM32CubeIDE_1.15.0/STM32CubeIDE/plugins/com.st.stm32cube.ide.mcu.externaltools.gnu-tools-for-stm32.12.3.rel1.win32_1.0.100.202403111256/tools/bin/../lib/gcc/arm-none-eabi/12.3.1/../../../../arm-none-eabi/lib/thumb/v7e-m+fp/hard\libc_nano.a(libc_a-impure.o)
                0x2000009c                _impure_data
 *(.RamFunc)
 *(.RamFunc*)
                0x200000e8                        . = ALIGN (0x4)
                0x200000e8                        _edata = .
                0x0800cf68                        _siccmram = LOADADDR (.ccmram)

.igot.plt       0x200000e8        0x0 load address 0x0800cf68
 .igot.plt      0x200000e8        0x0 C:/ST/STM32CubeIDE_1.15.0/STM32CubeIDE/plugins/com.st.stm32cube.ide.mcu.externaltools.gnu-tools-for-stm32.12.3.rel1.win32_1.0.100.202403111256/tools/bin/../lib/gcc/arm-none-eabi/12.3.1/thumb/v7e-m+fp/hard/crtbegin.o

.ccmram         0x10000000        0x0 load address 0x0800cf68
                0x10000000                        . = ALIGN (0x4)
                0x10000000                        _sccmram = .
 *(.ccmram)
 *(.ccmram*)
                0x10000000                        . = ALIGN (0x4)
                0x10000000                        _eccmram = .
                0x10000000                        . = ALIGN (0x4)

.bss            0x200000e8     0x555c
                0x200000e8                        _sbss = .
                0x200000e8                        __bss_start__ = _sbss
 *(.bss)
 .bss           0x200000e8       0x1c C:/ST/STM32CubeIDE_1.15.0/STM32CubeIDE/plugins/com.st.stm32cube.ide.mcu.externaltools.gnu-tools-for-stm32.12.3.rel1.win32_1.0.100.202403111256/tools/bin/../lib/gcc/arm-none-eabi/12.3.1/thumb/v7e-m+fp/hard/crtbegin.o
 *(.bss*)
 .bss.hspi1     0x20000104       0x58 ./Core/Src/main.o
                0x20000104                hspi1
 .bss.hspi2     0x2000015c       0x58 ./Core/Src/main.o
                0x2000015c                hspi2
 .bss.huart2    0x200001b4       0x48 ./Core/Src/main.o
                0x200001b4                huart2
 .bss.huart3    0x200001fc       0x48 ./Core/Src/main.o
                0x200001fc                huart3
 .bss.AliveTaskHandle
                0x20000244        0x4 ./Core/Src/main.o
                0x20000244                AliveTaskHandle
 .bss.NetworkTaskHandle
                0x20000248        0x4 ./Core/Src/main.o
                0x20000248                NetworkTaskHandle
 .bss.data_buf  0x2000024c      0x800 ./Core/Src/network.o
                0x2000024c                data_buf
 .bss.Domain_IP
                0x20000a4c        0x4 ./Core/Src/network.o
                0x20000a4c                Domain_IP
 .bss.flag_process_dhcp_success
                0x20000a50        0x1 ./Core/Src/network.o
                0x20000a50                flag_process_dhcp_success
 .bss.flag_process_dns_success
                0x20000a51        0x1 ./Core/Src/network.o
                0x20000a51                flag_process_dns_success
 *fill*         0x20000a52        0x2 
 .bss.htim1     0x20000a54       0x48 ./Core/Src/stm32f4xx_hal_timebase_tim.o
                0x20000a54                htim1
 .bss.__sbrk_heap_end
                0x20000a9c        0x4 ./Core/Src/sysmem.o
 .bss.DHCP_SOCKET
                0x20000aa0        0x1 ./Core/Src/w5500/DHCP/dhcp.o
                0x20000aa0                DHCP_SOCKET
 *fill*         0x20000aa1        0x3 
 .bss.DHCP_SIP  0x20000aa4        0x4 ./Core/Src/w5500/DHCP/dhcp.o
                0x20000aa4                DHCP_SIP
 .bss.DHCP_REAL_SIP
                0x20000aa8        0x4 ./Core/Src/w5500/DHCP/dhcp.o
                0x20000aa8                DHCP_REAL_SIP
 .bss.OLD_allocated_ip
                0x20000aac        0x4 ./Core/Src/w5500/DHCP/dhcp.o
                0x20000aac                OLD_allocated_ip
 .bss.DHCP_allocated_ip
                0x20000ab0        0x4 ./Core/Src/w5500/DHCP/dhcp.o
                0x20000ab0                DHCP_allocated_ip
 .bss.DHCP_allocated_gw
                0x20000ab4        0x4 ./Core/Src/w5500/DHCP/dhcp.o
                0x20000ab4                DHCP_allocated_gw
 .bss.DHCP_allocated_sn
                0x20000ab8        0x4 ./Core/Src/w5500/DHCP/dhcp.o
                0x20000ab8                DHCP_allocated_sn
 .bss.DHCP_allocated_dns
                0x20000abc        0x4 ./Core/Src/w5500/DHCP/dhcp.o
                0x20000abc                DHCP_allocated_dns
 .bss.dhcp_state
                0x20000ac0        0x1 ./Core/Src/w5500/DHCP/dhcp.o
                0x20000ac0                dhcp_state
 .bss.dhcp_retry_count
                0x20000ac1        0x1 ./Core/Src/w5500/DHCP/dhcp.o
                0x20000ac1                dhcp_retry_count
 *fill*         0x20000ac2        0x2 
 .bss.dhcp_tick_1s
                0x20000ac4        0x4 ./Core/Src/w5500/DHCP/dhcp.o
                0x20000ac4                dhcp_tick_1s
 .bss.DHCP_XID  0x20000ac8        0x4 ./Core/Src/w5500/DHCP/dhcp.o
                0x20000ac8                DHCP_XID
 .bss.pDHCPMSG  0x20000acc        0x4 ./Core/Src/w5500/DHCP/dhcp.o
                0x20000acc                pDHCPMSG
 .bss.DHCP_CHADDR
                0x20000ad0        0x6 ./Core/Src/w5500/DHCP/dhcp.o
                0x20000ad0                DHCP_CHADDR
 *fill*         0x20000ad6        0x2 
 .bss.pDNSMSG   0x20000ad8        0x4 ./Core/Src/w5500/DNS/dns.o
                0x20000ad8                pDNSMSG
 .bss.DNS_SOCKET
                0x20000adc        0x1 ./Core/Src/w5500/DNS/dns.o
                0x20000adc                DNS_SOCKET
 *fill*         0x20000add        0x1 
 .bss.DNS_MSGID
                0x20000ade        0x2 ./Core/Src/w5500/DNS/dns.o
                0x20000ade                DNS_MSGID
 .bss.dns_1s_tick
                0x20000ae0        0x4 ./Core/Src/w5500/DNS/dns.o
                0x20000ae0                dns_1s_tick
 .bss.retry_count
                0x20000ae4        0x1 ./Core/Src/w5500/DNS/dns.o
 *fill*         0x20000ae5        0x1 
 .bss.sock_io_mode
                0x20000ae6        0x2 ./Core/Src/w5500/socket.o
 .bss.sock_is_sending
                0x20000ae8        0x2 ./Core/Src/w5500/socket.o
 *fill*         0x20000aea        0x2 
 .bss.sock_remained_size
                0x20000aec       0x10 ./Core/Src/w5500/socket.o
 .bss.sock_pack_info
                0x20000afc        0x8 ./Core/Src/w5500/socket.o
                0x20000afc                sock_pack_info
 .bss._DNS_     0x20000b04        0x4 ./Core/Src/w5500/wizchip_conf.o
 .bss._DHCP_    0x20000b08        0x1 ./Core/Src/w5500/wizchip_conf.o
 *fill*         0x20000b09        0x3 
 .bss.uwTick    0x20000b0c        0x4 ./Drivers/STM32F4xx_HAL_Driver/Src/stm32f4xx_hal.o
                0x20000b0c                uwTick
 .bss.KernelState
                0x20000b10        0x4 ./Middlewares/Third_Party/FreeRTOS/Source/CMSIS_RTOS_V2/cmsis_os2.o
 .bss.Idle_TCB.3
                0x20000b14       0xa8 ./Middlewares/Third_Party/FreeRTOS/Source/CMSIS_RTOS_V2/cmsis_os2.o
 .bss.Idle_Stack.2
                0x20000bbc      0x200 ./Middlewares/Third_Party/FreeRTOS/Source/CMSIS_RTOS_V2/cmsis_os2.o
 .bss.Timer_TCB.1
                0x20000dbc       0xa8 ./Middlewares/Third_Party/FreeRTOS/Source/CMSIS_RTOS_V2/cmsis_os2.o
 .bss.Timer_Stack.0
                0x20000e64      0x400 ./Middlewares/Third_Party/FreeRTOS/Source/CMSIS_RTOS_V2/cmsis_os2.o
 .bss.xQueueRegistry
                0x20001264       0x40 ./Middlewares/Third_Party/FreeRTOS/Source/queue.o
                0x20001264                xQueueRegistry
 .bss.pxCurrentTCB
                0x200012a4        0x4 ./Middlewares/Third_Party/FreeRTOS/Source/tasks.o
                0x200012a4                pxCurrentTCB
 .bss.pxReadyTasksLists
                0x200012a8      0x460 ./Middlewares/Third_Party/FreeRTOS/Source/tasks.o
 .bss.xDelayedTaskList1
                0x20001708       0x14 ./Middlewares/Third_Party/FreeRTOS/Source/tasks.o
 .bss.xDelayedTaskList2
                0x2000171c       0x14 ./Middlewares/Third_Party/FreeRTOS/Source/tasks.o
 .bss.pxDelayedTaskList
                0x20001730        0x4 ./Middlewares/Third_Party/FreeRTOS/Source/tasks.o
 .bss.pxOverflowDelayedTaskList
                0x20001734        0x4 ./Middlewares/Third_Party/FreeRTOS/Source/tasks.o
 .bss.xPendingReadyList
                0x20001738       0x14 ./Middlewares/Third_Party/FreeRTOS/Source/tasks.o
 .bss.xTasksWaitingTermination
                0x2000174c       0x14 ./Middlewares/Third_Party/FreeRTOS/Source/tasks.o
 .bss.uxDeletedTasksWaitingCleanUp
                0x20001760        0x4 ./Middlewares/Third_Party/FreeRTOS/Source/tasks.o
 .bss.xSuspendedTaskList
                0x20001764       0x14 ./Middlewares/Third_Party/FreeRTOS/Source/tasks.o
 .bss.uxCurrentNumberOfTasks
                0x20001778        0x4 ./Middlewares/Third_Party/FreeRTOS/Source/tasks.o
 .bss.xTickCount
                0x2000177c        0x4 ./Middlewares/Third_Party/FreeRTOS/Source/tasks.o