Archive member included to satisfy reference by file (symbol)

C:/ST/STM32CubeIDE_1.15.0/STM32CubeIDE/plugins/com.st.stm32cube.ide.mcu.externaltools.gnu-tools-for-stm32.12.3.rel1.win32_1.0.100.202403111256/tools/bin/../lib/gcc/arm-none-eabi/12.3.1/../../../../arm-none-eabi/lib/thumb/v7-m/nofp\libc_nano.a(libc_a-exit.o)
                              C:/ST/STM32CubeIDE_1.15.0/STM32CubeIDE/plugins/com.st.stm32cube.ide.mcu.externaltools.gnu-tools-for-stm32.12.3.rel1.win32_1.0.100.202403111256/tools/bin/../lib/gcc/arm-none-eabi/12.3.1/../../../../arm-none-eabi/lib/thumb/v7-m/nofp/crt0.o (exit)
C:/ST/STM32CubeIDE_1.15.0/STM32CubeIDE/plugins/com.st.stm32cube.ide.mcu.externaltools.gnu-tools-for-stm32.12.3.rel1.win32_1.0.100.202403111256/tools/bin/../lib/gcc/arm-none-eabi/12.3.1/../../../../arm-none-eabi/lib/thumb/v7-m/nofp\libc_nano.a(libc_a-rand.o)
                              ./Core/Src/httpClient.o (rand)
C:/ST/STM32CubeIDE_1.15.0/STM32CubeIDE/plugins/com.st.stm32cube.ide.mcu.externaltools.gnu-tools-for-stm32.12.3.rel1.win32_1.0.100.202403111256/tools/bin/../lib/gcc/arm-none-eabi/12.3.1/../../../../arm-none-eabi/lib/thumb/v7-m/nofp\libc_nano.a(libc_a-findfp.o)
                              C:/ST/STM32CubeIDE_1.15.0/STM32CubeIDE/plugins/com.st.stm32cube.ide.mcu.externaltools.gnu-tools-for-stm32.12.3.rel1.win32_1.0.100.202403111256/tools/bin/../lib/gcc/arm-none-eabi/12.3.1/../../../../arm-none-eabi/lib/thumb/v7-m/nofp\libc_nano.a(libc_a-exit.o) (__stdio_exit_handler)
C:/ST/STM32CubeIDE_1.15.0/STM32CubeIDE/plugins/com.st.stm32cube.ide.mcu.externaltools.gnu-tools-for-stm32.12.3.rel1.win32_1.0.100.202403111256/tools/bin/../lib/gcc/arm-none-eabi/12.3.1/../../../../arm-none-eabi/lib/thumb/v7-m/nofp\libc_nano.a(libc_a-fwalk.o)
                              C:/ST/STM32CubeIDE_1.15.0/STM32CubeIDE/plugins/com.st.stm32cube.ide.mcu.externaltools.gnu-tools-for-stm32.12.3.rel1.win32_1.0.100.202403111256/tools/bin/../lib/gcc/arm-none-eabi/12.3.1/../../../../arm-none-eabi/lib/thumb/v7-m/nofp\libc_nano.a(libc_a-findfp.o) (_fwalk_sglue)
C:/ST/STM32CubeIDE_1.15.0/STM32CubeIDE/plugins/com.st.stm32cube.ide.mcu.externaltools.gnu-tools-for-stm32.12.3.rel1.win32_1.0.100.202403111256/tools/bin/../lib/gcc/arm-none-eabi/12.3.1/../../../../arm-none-eabi/lib/thumb/v7-m/nofp\libc_nano.a(libc_a-printf.o)
                              ./Core/Src/httpClient.o (printf)
C:/ST/STM32CubeIDE_1.15.0/STM32CubeIDE/plugins/com.st.stm32cube.ide.mcu.externaltools.gnu-tools-for-stm32.12.3.rel1.win32_1.0.100.202403111256/tools/bin/../lib/gcc/arm-none-eabi/12.3.1/../../../../arm-none-eabi/lib/thumb/v7-m/nofp\libc_nano.a(libc_a-putchar.o)
                              ./Core/Src/httpClient.o (putchar)
C:/ST/STM32CubeIDE_1.15.0/STM32CubeIDE/plugins/com.st.stm32cube.ide.mcu.externaltools.gnu-tools-for-stm32.12.3.rel1.win32_1.0.100.202403111256/tools/bin/../lib/gcc/arm-none-eabi/12.3.1/../../../../arm-none-eabi/lib/thumb/v7-m/nofp\libc_nano.a(libc_a-puts.o)
                              ./Core/Src/httpClient.o (puts)
C:/ST/STM32CubeIDE_1.15.0/STM32CubeIDE/plugins/com.st.stm32cube.ide.mcu.externaltools.gnu-tools-for-stm32.12.3.rel1.win32_1.0.100.202403111256/tools/bin/../lib/gcc/arm-none-eabi/12.3.1/../../../../arm-none-eabi/lib/thumb/v7-m/nofp\libc_nano.a(libc_a-snprintf.o)
                              ./Core/Src/w5500/Internet/MQTT/MQTTPacket/src/MQTTFormat.o (snprintf)
C:/ST/STM32CubeIDE_1.15.0/STM32CubeIDE/plugins/com.st.stm32cube.ide.mcu.externaltools.gnu-tools-for-stm32.12.3.rel1.win32_1.0.100.202403111256/tools/bin/../lib/gcc/arm-none-eabi/12.3.1/../../../../arm-none-eabi/lib/thumb/v7-m/nofp\libc_nano.a(libc_a-sprintf.o)
                              ./Core/Src/httpClient.o (sprintf)
C:/ST/STM32CubeIDE_1.15.0/STM32CubeIDE/plugins/com.st.stm32cube.ide.mcu.externaltools.gnu-tools-for-stm32.12.3.rel1.win32_1.0.100.202403111256/tools/bin/../lib/gcc/arm-none-eabi/12.3.1/../../../../arm-none-eabi/lib/thumb/v7-m/nofp\libc_nano.a(libc_a-stdio.o)
                              C:/ST/STM32CubeIDE_1.15.0/STM32CubeIDE/plugins/com.st.stm32cube.ide.mcu.externaltools.gnu-tools-for-stm32.12.3.rel1.win32_1.0.100.202403111256/tools/bin/../lib/gcc/arm-none-eabi/12.3.1/../../../../arm-none-eabi/lib/thumb/v7-m/nofp\libc_nano.a(libc_a-findfp.o) (__sread)
C:/ST/STM32CubeIDE_1.15.0/STM32CubeIDE/plugins/com.st.stm32cube.ide.mcu.externaltools.gnu-tools-for-stm32.12.3.rel1.win32_1.0.100.202403111256/tools/bin/../lib/gcc/arm-none-eabi/12.3.1/../../../../arm-none-eabi/lib/thumb/v7-m/nofp\libc_nano.a(libc_a-wbuf.o)
                              C:/ST/STM32CubeIDE_1.15.0/STM32CubeIDE/plugins/com.st.stm32cube.ide.mcu.externaltools.gnu-tools-for-stm32.12.3.rel1.win32_1.0.100.202403111256/tools/bin/../lib/gcc/arm-none-eabi/12.3.1/../../../../arm-none-eabi/lib/thumb/v7-m/nofp\libc_nano.a(libc_a-puts.o) (__swbuf_r)
[...]
Memory Configuration

Name             Origin             Length             Attributes
RAM              0x20000000         0x00005000         xrw
FLASH            0x08000000         0x00020000         xr
*default*        0x00000000         0xffffffff

Linker script and memory map

LOAD C:/ST/STM32CubeIDE_1.15.0/STM32CubeIDE/plugins/com.st.stm32cube.ide.mcu.externaltools.gnu-tools-for-stm32.12.3.rel1.win32_1.0.100.202403111256/tools/bin/../lib/gcc/arm-none-eabi/12.3.1/thumb/v7-m/nofp/crti.o
LOAD C:/ST/STM32CubeIDE_1.15.0/STM32CubeIDE/plugins/com.st.stm32cube.ide.mcu.externaltools.gnu-tools-for-stm32.12.3.rel1.win32_1.0.100.202403111256/tools/bin/../lib/gcc/arm-none-eabi/12.3.1/thumb/v7-m/nofp/crtbegin.o
LOAD C:/ST/STM32CubeIDE_1.15.0/STM32CubeIDE/plugins/com.st.stm32cube.ide.mcu.externaltools.gnu-tools-for-stm32.12.3.rel1.win32_1.0.100.202403111256/tools/bin/../lib/gcc/arm-none-eabi/12.3.1/../../../../arm-none-eabi/lib/thumb/v7-m/nofp/crt0.o
LOAD ./Core/Src/httpClient.o
LOAD ./Core/Src/main.o
LOAD ./Core/Src/stm32f1xx_hal_msp.o
LOAD ./Core/Src/stm32f1xx_it.o
LOAD ./Core/Src/syscalls.o
LOAD ./Core/Src/sysmem.o
LOAD ./Core/Src/system_stm32f1xx.o
LOAD ./Core/Src/wizchip_init.o
LOAD ./Core/Src/w5500/Internet/DHCP/dhcp.o
LOAD ./Core/Src/w5500/Internet/DNS/dns.o
LOAD ./Core/Src/w5500/Internet/MQTT/MQTTClient.o
LOAD ./Core/Src/w5500/Internet/MQTT/mqtt_interface.o
LOAD ./Core/Src/w5500/Internet/MQTT/MQTTPacket/src/MQTTConnectClient.o
LOAD ./Core/Src/w5500/Internet/MQTT/MQTTPacket/src/MQTTConnectServer.o
LOAD ./Core/Src/w5500/Internet/MQTT/MQTTPacket/src/MQTTDeserializePublish.o
LOAD ./Core/Src/w5500/Internet/MQTT/MQTTPacket/src/MQTTFormat.o
LOAD ./Core/Src/w5500/Internet/MQTT/MQTTPacket/src/MQTTPacket.o
LOAD ./Core/Src/w5500/Internet/MQTT/MQTTPacket/src/MQTTSerializePublish.o
LOAD ./Core/Src/w5500/Internet/MQTT/MQTTPacket/src/MQTTSubscribeClient.o
LOAD ./Core/Src/w5500/Internet/MQTT/MQTTPacket/src/MQTTSubscribeServer.o
LOAD ./Core/Src/w5500/Internet/MQTT/MQTTPacket/src/MQTTUnsubscribeClient.o
LOAD ./Core/Src/w5500/Internet/MQTT/MQTTPacket/src/MQTTUnsubscribeServer.o
LOAD ./Core/Src/w5500/W5500/w5500.o
LOAD ./Core/Src/w5500/socket.o
LOAD ./Core/Src/w5500/w5500_spi.o
LOAD ./Core/Src/w5500/wizchip_conf.o
LOAD ./Core/Startup/startup_stm32f103rbtx.o
LOAD ./Drivers/STM32F1xx_HAL_Driver/Src/stm32f1xx_hal.o
LOAD ./Drivers/STM32F1xx_HAL_Driver/Src/stm32f1xx_hal_cortex.o
LOAD ./Drivers/STM32F1xx_HAL_Driver/Src/stm32f1xx_hal_dma.o
LOAD ./Drivers/STM32F1xx_HAL_Driver/Src/stm32f1xx_hal_exti.o
LOAD ./Drivers/STM32F1xx_HAL_Driver/Src/stm32f1xx_hal_flash.o
LOAD ./Drivers/STM32F1xx_HAL_Driver/Src/stm32f1xx_hal_flash_ex.o
LOAD ./Drivers/STM32F1xx_HAL_Driver/Src/stm32f1xx_hal_gpio.o
LOAD ./Drivers/STM32F1xx_HAL_Driver/Src/stm32f1xx_hal_gpio_ex.o
LOAD ./Drivers/STM32F1xx_HAL_Driver/Src/stm32f1xx_hal_pwr.o
LOAD ./Drivers/STM32F1xx_HAL_Driver/Src/stm32f1xx_hal_rcc.o
LOAD ./Drivers/STM32F1xx_HAL_Driver/Src/stm32f1xx_hal_rcc_ex.o
LOAD ./Drivers/STM32F1xx_HAL_Driver/Src/stm32f1xx_hal_spi.o
LOAD ./Drivers/STM32F1xx_HAL_Driver/Src/stm32f1xx_hal_tim.o
LOAD ./Drivers/STM32F1xx_HAL_Driver/Src/stm32f1xx_hal_tim_ex.o
LOAD ./Drivers/STM32F1xx_HAL_Driver/Src/stm32f1xx_hal_uart.o
START GROUP
LOAD C:/ST/STM32CubeIDE_1.15.0/STM32CubeIDE/plugins/com.st.stm32cube.ide.mcu.externaltools.gnu-tools-for-stm32.12.3.rel1.win32_1.0.100.202403111256/tools/bin/../lib/gcc/arm-none-eabi/12.3.1/../../../../arm-none-eabi/lib/thumb/v7-m/nofp\libc_nano.a
LOAD C:/ST/STM32CubeIDE_1.15.0/STM32CubeIDE/plugins/com.st.stm32cube.ide.mcu.externaltools.gnu-tools-for-stm32.12.3.rel1.win32_1.0.100.202403111256/tools/bin/../lib/gcc/arm-none-eabi/12.3.1/../../../../arm-none-eabi/lib/thumb/v7-m/nofp\libm.a
END GROUP
START GROUP
LOAD C:/ST/STM32CubeIDE_1.15.0/STM32CubeIDE/plugins/com.st.stm32cube.ide.mcu.externaltools.gnu-tools-for-stm32.12.3.rel1.win32_1.0.100.202403111256/tools/bin/../lib/gcc/arm-none-eabi/12.3.1/thumb/v7-m/nofp\libgcc.a
LOAD C:/ST/STM32CubeIDE_1.15.0/STM32CubeIDE/plugins/com.st.stm32cube.ide.mcu.externaltools.gnu-tools-for-stm32.12.3.rel1.win32_1.0.100.202403111256/tools/bin/../lib/gcc/arm-none-eabi/12.3.1/../../../../arm-none-eabi/lib/thumb/v7-m/nofp\libc_nano.a
END GROUP
START GROUP
LOAD C:/ST/STM32CubeIDE_1.15.0/STM32CubeIDE/plugins/com.st.stm32cube.ide.mcu.externaltools.gnu-tools-for-stm32.12.3.rel1.win32_1.0.100.202403111256/tools/bin/../lib/gcc/arm-none-eabi/12.3.1/thumb/v7-m/nofp\libgcc.a
LOAD C:/ST/STM32CubeIDE_1.15.0/STM32CubeIDE/plugins/com.st.stm32cube.ide.mcu.externaltools.gnu-tools-for-stm32.12.3.rel1.win32_1.0.100.202403111256/tools/bin/../lib/gcc/arm-none-eabi/12.3.1/../../../../arm-none-eabi/lib/thumb/v7-m/nofp\libc_nano.a
LOAD C:/ST/STM32CubeIDE_1.15.0/STM32CubeIDE/plugins/com.st.stm32cube.ide.mcu.externaltools.gnu-tools-for-stm32.12.3.rel1.win32_1.0.100.202403111256/tools/bin/../lib/gcc/arm-none-eabi/12.3.1/../../../../arm-none-eabi/lib/thumb/v7-m/nofp\libnosys.a
END GROUP
START GROUP
LOAD C:/ST/STM32CubeIDE_1.15.0/STM32CubeIDE/plugins/com.st.stm32cube.ide.mcu.externaltools.gnu-tools-for-stm32.12.3.rel1.win32_1.0.100.202403111256/tools/bin/../lib/gcc/arm-none-eabi/12.3.1/thumb/v7-m/nofp\libgcc.a
LOAD C:/ST/STM32CubeIDE_1.15.0/STM32CubeIDE/plugins/com.st.stm32cube.ide.mcu.externaltools.gnu-tools-for-stm32.12.3.rel1.win32_1.0.100.202403111256/tools/bin/../lib/gcc/arm-none-eabi/12.3.1/../../../../arm-none-eabi/lib/thumb/v7-m/nofp\libc_nano.a
LOAD C:/ST/STM32CubeIDE_1.15.0/STM32CubeIDE/plugins/com.st.stm32cube.ide.mcu.externaltools.gnu-tools-for-stm32.12.3.rel1.win32_1.0.100.202403111256/tools/bin/../lib/gcc/arm-none-eabi/12.3.1/../../../../arm-none-eabi/lib/thumb/v7-m/nofp\libnosys.a
END GROUP
LOAD C:/ST/STM32CubeIDE_1.15.0/STM32CubeIDE/plugins/com.st.stm32cube.ide.mcu.externaltools.gnu-tools-for-stm32.12.3.rel1.win32_1.0.100.202403111256/tools/bin/../lib/gcc/arm-none-eabi/12.3.1/thumb/v7-m/nofp/crtend.o
LOAD C:/ST/STM32CubeIDE_1.15.0/STM32CubeIDE/plugins/com.st.stm32cube.ide.mcu.externaltools.gnu-tools-for-stm32.12.3.rel1.win32_1.0.100.202403111256/tools/bin/../lib/gcc/arm-none-eabi/12.3.1/thumb/v7-m/nofp/crtn.o
                0x20005000                        _estack = (ORIGIN (RAM) + LENGTH (RAM))
                0x00000200                        _Min_Heap_Size = 0x200
                0x00000400                        _Min_Stack_Size = 0x400

.isr_vector     0x08000000      0x10c
                0x08000000                        . = ALIGN (0x4)
 *(.isr_vector)
 .isr_vector    0x08000000      0x10c ./Core/Startup/startup_stm32f103rbtx.o
                0x08000000                g_pfnVectors
                0x0800010c                        . = ALIGN (0x4)

.text           0x0800010c     0x6b80
                0x0800010c                        . = ALIGN (0x4)
 *(.text)
 .text          0x0800010c       0x40 C:/ST/STM32CubeIDE_1.15.0/STM32CubeIDE/plugins/com.st.stm32cube.ide.mcu.externaltools.gnu-tools-for-stm32.12.3.rel1.win32_1.0.100.202403111256/tools/bin/../lib/gcc/arm-none-eabi/12.3.1/thumb/v7-m/nofp/crtbegin.o
 .text          0x0800014c       0x10 C:/ST/STM32CubeIDE_1.15.0/STM32CubeIDE/plugins/com.st.stm32cube.ide.mcu.externaltools.gnu-tools-for-stm32.12.3.rel1.win32_1.0.100.202403111256/tools/bin/../lib/gcc/arm-none-eabi/12.3.1/../../../../arm-none-eabi/lib/thumb/v7-m/nofp\libc_nano.a(libc_a-strlen.o)
                0x0800014c                strlen
 *(.text*)
 .text._write   0x0800015c       0x40 ./Core/Src/main.o
                0x0800015c                _write
 .text.main     0x0800019c      0x120 ./Core/Src/main.o
                0x0800019c                main
 .text.SystemClock_Config
                0x080002bc       0x82 ./Core/Src/main.o
                0x080002bc                SystemClock_Config
 *fill*         0x0800033e        0x2 
 .text.MX_SPI2_Init
                0x08000340       0x6c ./Core/Src/main.o
 .text.MX_USART2_UART_Init
                0x080003ac       0x54 ./Core/Src/main.o
 .text.MX_GPIO_Init
                0x08000400      0x108 ./Core/Src/main.o
 .text.print_network_information
                0x08000508       0xe0 ./Core/Src/main.o
                0x08000508                print_network_information
 .text.process_dhcp
                0x080005e8       0x80 ./Core/Src/main.o
                0x080005e8                process_dhcp
 .text.process_dns
                0x08000668       0x90 ./Core/Src/main.o
                0x08000668                process_dns
 .text.Error_Handler
                0x080006f8        0xc ./Core/Src/main.o
                0x080006f8                Error_Handler
 .text.HAL_MspInit
                0x08000704       0x64 ./Core/Src/stm32f1xx_hal_msp.o
                0x08000704                HAL_MspInit
 .text.HAL_SPI_MspInit
                0x08000768       0x98 ./Core/Src/stm32f1xx_hal_msp.o
                0x08000768                HAL_SPI_MspInit
 .text.HAL_UART_MspInit
                0x08000800       0x7c ./Core/Src/stm32f1xx_hal_msp.o
                0x08000800                HAL_UART_MspInit
 .text.NMI_Handler
                0x0800087c        0x8 ./Core/Src/stm32f1xx_it.o
                0x0800087c                NMI_Handler
 .text.HardFault_Handler
                0x08000884        0x8 ./Core/Src/stm32f1xx_it.o
                0x08000884                HardFault_Handler
 .text.MemManage_Handler
                0x0800088c        0x8 ./Core/Src/stm32f1xx_it.o
                0x0800088c                MemManage_Handler
 .text.BusFault_Handler
                0x08000894        0x8 ./Core/Src/stm32f1xx_it.o
                0x08000894                BusFault_Handler
 .text.UsageFault_Handler
                0x0800089c        0x8 ./Core/Src/stm32f1xx_it.o
                0x0800089c                UsageFault_Handler
 .text.SVC_Handler
                0x080008a4        0xc ./Core/Src/stm32f1xx_it.o
                0x080008a4                SVC_Handler
 .text.DebugMon_Handler
                0x080008b0        0xc ./Core/Src/stm32f1xx_it.o
                0x080008b0                DebugMon_Handler
 .text.PendSV_Handler
                0x080008bc        0xc ./Core/Src/stm32f1xx_it.o
                0x080008bc                PendSV_Handler
 .text.SysTick_Handler
                0x080008c8        0xc ./Core/Src/stm32f1xx_it.o
                0x080008c8                SysTick_Handler
 .text.EXTI15_10_IRQHandler
                0x080008d4       0x10 ./Core/Src/stm32f1xx_it.o
                0x080008d4                EXTI15_10_IRQHandler
 .text._read    0x080008e4       0x3a ./Core/Src/syscalls.o
                0x080008e4                _read
 .text._close   0x0800091e       0x16 ./Core/Src/syscalls.o
                0x0800091e                _close
 .text._fstat   0x08000934       0x1e ./Core/Src/syscalls.o
                0x08000934                _fstat
 .text._isatty  0x08000952       0x14 ./Core/Src/syscalls.o
                0x08000952                _isatty
 .text._lseek   0x08000966       0x18 ./Core/Src/syscalls.o
                0x08000966                _lseek
 *fill*         0x0800097e        0x2 
 .text._sbrk    0x08000980       0x6c ./Core/Src/sysmem.o
                0x08000980                _sbrk
 .text.SystemInit
                0x080009ec        0xc ./Core/Src/system_stm32f1xx.o
                0x080009ec                SystemInit
 .text.WIZCHIPInitialize
                0x080009f8       0x8c ./Core/Src/wizchip_init.o
                0x080009f8                WIZCHIPInitialize
 .text.resetAssert
                0x08000a84       0x18 ./Core/Src/wizchip_init.o
                0x08000a84                resetAssert
 .text.resetDeassert
                0x08000a9c       0x18 ./Core/Src/wizchip_init.o
                0x08000a9c                resetDeassert
 .text.csEnable
                0x08000ab4       0x18 ./Core/Src/wizchip_init.o
                0x08000ab4                csEnable
 .text.csDisable
                0x08000acc       0x18 ./Core/Src/wizchip_init.o
                0x08000acc                csDisable
 .text.spiWriteByte
                0x08000ae4       0x28 ./Core/Src/wizchip_init.o
                0x08000ae4                spiWriteByte
 .text.spiReadByte
                0x08000b0c       0x2c ./Core/Src/wizchip_init.o
                0x08000b0c                spiReadByte
 .text.default_ip_assign
                0x08000b38       0x38 ./Core/Src/w5500/Internet/DHCP/dhcp.o
                0x08000b38                default_ip_assign
 .text.default_ip_update
                0x08000b70       0x2c ./Core/Src/w5500/Internet/DHCP/dhcp.o
                0x08000b70                default_ip_update
 .text.default_ip_conflict
                0x08000b9c       0x28 ./Core/Src/w5500/Internet/DHCP/dhcp.o
                0x08000b9c                default_ip_conflict
 .text.makeDHCPMSG
                0x08000bc4      0x1ec ./Core/Src/w5500/Internet/DHCP/dhcp.o
                0x08000bc4                makeDHCPMSG
 .text.send_DHCP_DISCOVER
                0x08000db0      0x38c ./Core/Src/w5500/Internet/DHCP/dhcp.o
                0x08000db0                send_DHCP_DISCOVER
 .text.send_DHCP_REQUEST
                0x0800113c      0x514 ./Core/Src/w5500/Internet/DHCP/dhcp.o
                0x0800113c                send_DHCP_REQUEST
 .text.send_DHCP_DECLINE
                0x08001650      0x2a4 ./Core/Src/w5500/Internet/DHCP/dhcp.o
                0x08001650                send_DHCP_DECLINE
 .text.parseDHCPMSG
                0x080018f4      0x43c ./Core/Src/w5500/Internet/DHCP/dhcp.o
                0x080018f4                parseDHCPMSG
 .text.DHCP_run
                0x08001d30      0x234 ./Core/Src/w5500/Internet/DHCP/dhcp.o
                0x08001d30                DHCP_run
 .text.DHCP_stop
                0x08001f64       0x20 ./Core/Src/w5500/Internet/DHCP/dhcp.o
                0x08001f64                DHCP_stop
 .text.check_DHCP_timeout
                0x08001f84       0xc0 ./Core/Src/w5500/Internet/DHCP/dhcp.o
                0x08001f84                check_DHCP_timeout
 .text.check_DHCP_leasedIP
                0x08002044       0x7c ./Core/Src/w5500/Internet/DHCP/dhcp.o
                0x08002044                check_DHCP_leasedIP
 .text.DHCP_init
                0x080020c0      0x128 ./Core/Src/w5500/Internet/DHCP/dhcp.o
                0x080020c0                DHCP_init
 .text.reset_DHCP_timeout
                0x080021e8       0x2c ./Core/Src/w5500/Internet/DHCP/dhcp.o
                0x080021e8                reset_DHCP_timeout
 .text.getDHCPLeasetime
                0x08002214       0x14 ./Core/Src/w5500/Internet/DHCP/dhcp.o
                0x08002214                getDHCPLeasetime
 .text.NibbleToHex
                0x08002228       0x30 ./Core/Src/w5500/Internet/DHCP/dhcp.o
                0x08002228                NibbleToHex
 .text.get16    0x08002258       0x2c ./Core/Src/w5500/Internet/DNS/dns.o
                0x08002258                get16
 .text.put16    0x08002284       0x34 ./Core/Src/w5500/Internet/DNS/dns.o
                0x08002284                put16
 .text.parse_name
                0x080022b8      0x10c ./Core/Src/w5500/Internet/DNS/dns.o
                0x080022b8                parse_name
 .text.dns_question
                0x080023c4       0x4a ./Core/Src/w5500/Internet/DNS/dns.o
                0x080023c4                dns_question
 .text.dns_answer
                0x0800240e      0x228 ./Core/Src/w5500/Internet/DNS/dns.o
                0x0800240e                dns_answer
 .text.parseDNSMSG
                0x08002636      0x18e ./Core/Src/w5500/Internet/DNS/dns.o
                0x08002636                parseDNSMSG
 .text.dns_makequery
                0x080027c4      0x17c ./Core/Src/w5500/Internet/DNS/dns.o
                0x080027c4                dns_makequery
 .text.check_DNS_timeout
                0x08002940       0x48 ./Core/Src/w5500/Internet/DNS/dns.o
                0x08002940                check_DNS_timeout
 .text.DNS_init
                0x08002988       0x38 ./Core/Src/w5500/Internet/DNS/dns.o
                0x08002988                DNS_init
 .text.DNS_run  0x080029c0      0x10c ./Core/Src/w5500/Internet/DNS/dns.o
                0x080029c0                DNS_run
 .text.WIZCHIP_READ
                0x08002acc       0x98 ./Core/Src/w5500/W5500/w5500.o
                0x08002acc                WIZCHIP_READ
 .text.WIZCHIP_WRITE
                0x08002b64       0x9c ./Core/Src/w5500/W5500/w5500.o
                0x08002b64                WIZCHIP_WRITE
 .text.WIZCHIP_READ_BUF
                0x08002c00       0xc0 ./Core/Src/w5500/W5500/w5500.o
                0x08002c00                WIZCHIP_READ_BUF
 .text.WIZCHIP_WRITE_BUF
                0x08002cc0       0xc0 ./Core/Src/w5500/W5500/w5500.o
                0x08002cc0                WIZCHIP_WRITE_BUF
 .text.getSn_TX_FSR
                0x08002d80       0x92 ./Core/Src/w5500/W5500/w5500.o
                0x08002d80                getSn_TX_FSR
 .text.getSn_RX_RSR
                0x08002e12       0x92 ./Core/Src/w5500/W5500/w5500.o
                0x08002e12                getSn_RX_RSR
 .text.wiz_send_data
                0x08002ea4       0xb4 ./Core/Src/w5500/W5500/w5500.o
                0x08002ea4                wiz_send_data
 .text.wiz_recv_data
                0x08002f58       0xb4 ./Core/Src/w5500/W5500/w5500.o
                0x08002f58                wiz_recv_data
 .text.wiz_recv_ignore
                0x0800300c       0x8c ./Core/Src/w5500/W5500/w5500.o
                0x0800300c                wiz_recv_ignore
 .text.socket   0x08003098      0x228 ./Core/Src/w5500/socket.o
                0x08003098                socket
 .text.close    0x080032c0       0xdc ./Core/Src/w5500/socket.o
                0x080032c0                close
 .text.sendto   0x0800339c      0x268 ./Core/Src/w5500/socket.o
                0x0800339c                sendto
 .text.recvfrom
                0x08003604      0x3d8 ./Core/Src/w5500/socket.o
                0x08003604                recvfrom
 .text.wizchip_cris_enter
                0x080039dc        0xc ./Core/Src/w5500/wizchip_conf.o
                0x080039dc                wizchip_cris_enter
 .text.wizchip_cris_exit
                0x080039e8        0xc ./Core/Src/w5500/wizchip_conf.o
                0x080039e8                wizchip_cris_exit
 .text.wizchip_cs_select
                0x080039f4        0xc ./Core/Src/w5500/wizchip_conf.o
                0x080039f4                wizchip_cs_select
 .text.wizchip_cs_deselect
                0x08003a00        0xc ./Core/Src/w5500/wizchip_conf.o
                0x08003a00                wizchip_cs_deselect
 .text.wizchip_bus_readdata
                0x08003a0c       0x18 ./Core/Src/w5500/wizchip_conf.o
                0x08003a0c                wizchip_bus_readdata
 .text.wizchip_bus_writedata
                0x08003a24       0x1c ./Core/Src/w5500/wizchip_conf.o
                0x08003a24                wizchip_bus_writedata
 .text.wizchip_spi_readbyte
                0x08003a40        0xe ./Core/Src/w5500/wizchip_conf.o
                0x08003a40                wizchip_spi_readbyte
 .text.wizchip_spi_writebyte
                0x08003a4e       0x14 ./Core/Src/w5500/wizchip_conf.o
                0x08003a4e                wizchip_spi_writebyte
 *fill*         0x08003a62        0x2 
 .text.reg_wizchip_cs_cbfunc
                0x08003a64       0x48 ./Core/Src/w5500/wizchip_conf.o
                0x08003a64                reg_wizchip_cs_cbfunc
 .text.reg_wizchip_spi_cbfunc
                0x08003aac       0x58 ./Core/Src/w5500/wizchip_conf.o
                0x08003aac                reg_wizchip_spi_cbfunc
 .text.ctlwizchip
                0x08003b04      0x1c0 ./Core/Src/w5500/wizchip_conf.o
                0x08003b04                ctlwizchip
 .text.ctlnetwork
                0x08003cc4       0x7c ./Core/Src/w5500/wizchip_conf.o
                0x08003cc4                ctlnetwork
 .text.wizchip_sw_reset
                0x08003d40       0x98 ./Core/Src/w5500/wizchip_conf.o
                0x08003d40                wizchip_sw_reset
 .text.wizchip_init
                0x08003dd8      0x118 ./Core/Src/w5500/wizchip_conf.o
                0x08003dd8                wizchip_init
 .text.wizchip_clrinterrupt
                0x08003ef0       0x68 ./Core/Src/w5500/wizchip_conf.o
                0x08003ef0                wizchip_clrinterrupt
 .text.wizchip_getinterrupt
                0x08003f58       0x4a ./Core/Src/w5500/wizchip_conf.o
                0x08003f58                wizchip_getinterrupt
 .text.wizchip_setinterruptmask
                0x08003fa2       0x36 ./Core/Src/w5500/wizchip_conf.o
                0x08003fa2                wizchip_setinterruptmask
 .text.wizchip_getinterruptmask
                0x08003fd8       0x46 ./Core/Src/w5500/wizchip_conf.o
                0x08003fd8                wizchip_getinterruptmask
 .text.wizphy_getphylink
                0x0800401e       0x2c ./Core/Src/w5500/wizchip_conf.o
                0x0800401e                wizphy_getphylink
 .text.wizphy_getphypmode
                0x0800404a       0x32 ./Core/Src/w5500/wizchip_conf.o
                0x0800404a                wizphy_getphypmode
 .text.wizphy_reset
                0x0800407c       0x4e ./Core/Src/w5500/wizchip_conf.o
                0x0800407c                wizphy_reset
 .text.wizphy_setphyconf
                0x080040ca       0x84 ./Core/Src/w5500/wizchip_conf.o
                0x080040ca                wizphy_setphyconf
 *fill*         0x0800414e        0x2 
 .text.wizphy_getphyconf
                0x08004150       0xd4 ./Core/Src/w5500/wizchip_conf.o
                0x08004150                wizphy_getphyconf
 .text.wizphy_setphypmode
                0x08004224       0x94 ./Core/Src/w5500/wizchip_conf.o
                0x08004224                wizphy_setphypmode
 .text.wizchip_setnetinfo
                0x080042b8       0x80 ./Core/Src/w5500/wizchip_conf.o
                0x080042b8                wizchip_setnetinfo
 .text.wizchip_getnetinfo
                0x08004338       0x80 ./Core/Src/w5500/wizchip_conf.o
                0x08004338                wizchip_getnetinfo
 .text.wizchip_setnetmode
                0x080043b8       0x44 ./Core/Src/w5500/wizchip_conf.o
                0x080043b8                wizchip_setnetmode
 .text.wizchip_getnetmode
                0x080043fc       0x10 ./Core/Src/w5500/wizchip_conf.o
                0x080043fc                wizchip_getnetmode
 .text.wizchip_settimeout
                0x0800440c       0x42 ./Core/Src/w5500/wizchip_conf.o
                0x0800440c                wizchip_settimeout
 .text.wizchip_gettimeout
                0x0800444e       0x40 ./Core/Src/w5500/wizchip_conf.o
                0x0800444e                wizchip_gettimeout
 *fill*         0x0800448e        0x2 
 .text.Reset_Handler
                0x08004490       0x48 ./Core/Startup/startup_stm32f103rbtx.o
                0x08004490                Reset_Handler
 .text.Default_Handler
                0x080044d8        0x2 ./Core/Startup/startup_stm32f103rbtx.o
                0x080044d8                RTC_Alarm_IRQHandler
                0x080044d8                EXTI2_IRQHandler
                0x080044d8                TIM1_CC_IRQHandler
                0x080044d8                PVD_IRQHandler
                0x080044d8                EXTI3_IRQHandler
                0x080044d8                EXTI0_IRQHandler
                0x080044d8                I2C2_EV_IRQHandler
                0x080044d8                ADC1_2_IRQHandler
                0x080044d8                SPI1_IRQHandler
                0x080044d8                TAMPER_IRQHandler
                0x080044d8                DMA1_Channel4_IRQHandler
                0x080044d8                USART3_IRQHandler
                0x080044d8                RTC_IRQHandler
                0x080044d8                DMA1_Channel7_IRQHandler
                0x080044d8                CAN1_RX1_IRQHandler
                0x080044d8                TIM4_IRQHandler
                0x080044d8                I2C1_EV_IRQHandler
                0x080044d8                DMA1_Channel6_IRQHandler
                0x080044d8                TIM3_IRQHandler
                0x080044d8                RCC_IRQHandler
                0x080044d8                TIM1_TRG_COM_IRQHandler
                0x080044d8                DMA1_Channel1_IRQHandler
                0x080044d8                Default_Handler
                0x080044d8                EXTI9_5_IRQHandler
                0x080044d8                SPI2_IRQHandler
                0x080044d8                DMA1_Channel5_IRQHandler
                0x080044d8                EXTI4_IRQHandler
                0x080044d8                USB_LP_CAN1_RX0_IRQHandler
                0x080044d8                USB_HP_CAN1_TX_IRQHandler
                0x080044d8                DMA1_Channel3_IRQHandler
                0x080044d8                TIM1_UP_IRQHandler
                0x080044d8                WWDG_IRQHandler
                0x080044d8                TIM2_IRQHandler
                0x080044d8                TIM1_BRK_IRQHandler
                0x080044d8                EXTI1_IRQHandler
                0x080044d8                USART2_IRQHandler
                0x080044d8                I2C2_ER_IRQHandler
                0x080044d8                DMA1_Channel2_IRQHandler
                0x080044d8                CAN1_SCE_IRQHandler
                0x080044d8                FLASH_IRQHandler
                0x080044d8                USART1_IRQHandler
                0x080044d8                I2C1_ER_IRQHandler
                0x080044d8                USBWakeUp_IRQHandler
 *fill*         0x080044da        0x2 
 .text.HAL_Init
                0x080044dc       0x2c ./Drivers/STM32F1xx_HAL_Driver/Src/stm32f1xx_hal.o
                0x080044dc                HAL_Init
 .text.HAL_InitTick
                0x08004508       0x60 ./Drivers/STM32F1xx_HAL_Driver/Src/stm32f1xx_hal.o
                0x08004508                HAL_InitTick
 .text.HAL_IncTick
                0x08004568       0x24 ./Drivers/STM32F1xx_HAL_Driver/Src/stm32f1xx_hal.o
                0x08004568                HAL_IncTick
 .text.HAL_GetTick
                0x0800458c       0x14 ./Drivers/STM32F1xx_HAL_Driver/Src/stm32f1xx_hal.o
                0x0800458c                HAL_GetTick
 .text.HAL_Delay
                0x080045a0       0x48 ./Drivers/STM32F1xx_HAL_Driver/Src/stm32f1xx_hal.o
                0x080045a0                HAL_Delay
 .text.__NVIC_SetPriorityGrouping
                0x080045e8       0x48 ./Drivers/STM32F1xx_HAL_Driver/Src/stm32f1xx_hal_cortex.o
 .text.__NVIC_GetPriorityGrouping
                0x08004630       0x1c ./Drivers/STM32F1xx_HAL_Driver/Src/stm32f1xx_hal_cortex.o
 .text.__NVIC_EnableIRQ
                0x0800464c       0x38 ./Drivers/STM32F1xx_HAL_Driver/Src/stm32f1xx_hal_cortex.o
 .text.__NVIC_SetPriority
                0x08004684       0x54 ./Drivers/STM32F1xx_HAL_Driver/Src/stm32f1xx_hal_cortex.o
 .text.NVIC_EncodePriority
                0x080046d8       0x64 ./Drivers/STM32F1xx_HAL_Driver/Src/stm32f1xx_hal_cortex.o
 .text.SysTick_Config
                0x0800473c       0x44 ./Drivers/STM32F1xx_HAL_Driver/Src/stm32f1xx_hal_cortex.o
 .text.HAL_NVIC_SetPriorityGrouping
                0x08004780       0x16 ./Drivers/STM32F1xx_HAL_Driver/Src/stm32f1xx_hal_cortex.o
                0x08004780                HAL_NVIC_SetPriorityGrouping
 .text.HAL_NVIC_SetPriority
                0x08004796       0x38 ./Drivers/STM32F1xx_HAL_Driver/Src/stm32f1xx_hal_cortex.o
                0x08004796                HAL_NVIC_SetPriority
 .text.HAL_NVIC_EnableIRQ
                0x080047ce       0x1c ./Drivers/STM32F1xx_HAL_Driver/Src/stm32f1xx_hal_cortex.o
                0x080047ce                HAL_NVIC_EnableIRQ
 .text.HAL_SYSTICK_Config
                0x080047ea       0x18 ./Drivers/STM32F1xx_HAL_Driver/Src/stm32f1xx_hal_cortex.o
                0x080047ea                HAL_SYSTICK_Config
 *fill*         0x08004802        0x2 
 .text.HAL_GPIO_Init
                0x08004804      0x308 ./Drivers/STM32F1xx_HAL_Driver/Src/stm32f1xx_hal_gpio.o
                0x08004804                HAL_GPIO_Init
 .text.HAL_GPIO_WritePin
                0x08004b0c       0x30 ./Drivers/STM32F1xx_HAL_Driver/Src/stm32f1xx_hal_gpio.o
                0x08004b0c                HAL_GPIO_WritePin
 .text.HAL_GPIO_EXTI_IRQHandler
                0x08004b3c       0x30 ./Drivers/STM32F1xx_HAL_Driver/Src/stm32f1xx_hal_gpio.o
                0x08004b3c                HAL_GPIO_EXTI_IRQHandler
 .text.HAL_GPIO_EXTI_Callback
                0x08004b6c       0x14 ./Drivers/STM32F1xx_HAL_Driver/Src/stm32f1xx_hal_gpio.o
                0x08004b6c                HAL_GPIO_EXTI_Callback
 .text.HAL_RCC_OscConfig
                0x08004b80      0x504 ./Drivers/STM32F1xx_HAL_Driver/Src/stm32f1xx_hal_rcc.o
                0x08004b80                HAL_RCC_OscConfig
 .text.HAL_RCC_ClockConfig
                0x08005084      0x1d4 ./Drivers/STM32F1xx_HAL_Driver/Src/stm32f1xx_hal_rcc.o
                0x08005084                HAL_RCC_ClockConfig
 .text.HAL_RCC_GetSysClockFreq
                0x08005258       0xa8 ./Drivers/STM32F1xx_HAL_Driver/Src/stm32f1xx_hal_rcc.o
                0x08005258                HAL_RCC_GetSysClockFreq
 .text.HAL_RCC_GetHCLKFreq
                0x08005300       0x14 ./Drivers/STM32F1xx_HAL_Driver/Src/stm32f1xx_hal_rcc.o
                0x08005300                HAL_RCC_GetHCLKFreq
 .text.HAL_RCC_GetPCLK1Freq
                0x08005314       0x28 ./Drivers/STM32F1xx_HAL_Driver/Src/stm32f1xx_hal_rcc.o
                0x08005314                HAL_RCC_GetPCLK1Freq
 .text.HAL_RCC_GetPCLK2Freq
                0x0800533c       0x28 ./Drivers/STM32F1xx_HAL_Driver/Src/stm32f1xx_hal_rcc.o
                0x0800533c                HAL_RCC_GetPCLK2Freq
 .text.RCC_Delay
                0x08005364       0x3c ./Drivers/STM32F1xx_HAL_Driver/Src/stm32f1xx_hal_rcc.o
 .text.HAL_SPI_Init
                0x080053a0      0x108 ./Drivers/STM32F1xx_HAL_Driver/Src/stm32f1xx_hal_spi.o
                0x080053a0                HAL_SPI_Init
 .text.HAL_SPI_TransmitReceive
                0x080054a8      0x360 ./Drivers/STM32F1xx_HAL_Driver/Src/stm32f1xx_hal_spi.o
                0x080054a8                HAL_SPI_TransmitReceive
 .text.SPI_WaitFlagStateUntilTimeout
                0x08005808      0x110 ./Drivers/STM32F1xx_HAL_Driver/Src/stm32f1xx_hal_spi.o
 .text.SPI_EndRxTxTransaction
                0x08005918       0x3c ./Drivers/STM32F1xx_HAL_Driver/Src/stm32f1xx_hal_spi.o
 .text.HAL_UART_Init
                0x08005954       0xa0 ./Drivers/STM32F1xx_HAL_Driver/Src/stm32f1xx_hal_uart.o
                0x08005954                HAL_UART_Init
 .text.HAL_UART_Transmit
                0x080059f4      0x106 ./Drivers/STM32F1xx_HAL_Driver/Src/stm32f1xx_hal_uart.o
                0x080059f4                HAL_UART_Transmit
 .text.UART_WaitOnFlagUntilTimeout
                0x08005afa       0xdc ./Drivers/STM32F1xx_HAL_Driver/Src/stm32f1xx_hal_uart.o
 *fill*         0x08005bd6        0x2 
 .text.UART_SetConfig
                0x08005bd8      0x11c ./Drivers/STM32F1xx_HAL_Driver/Src/stm32f1xx_hal_uart.o
 .text.std      0x08005cf4       0x6c C:/ST/STM32CubeIDE_1.15.0/STM32CubeIDE/plugins/com.st.stm32cube.ide.mcu.externaltools.gnu-tools-for-stm32.12.3.rel1.win32_1.0.100.202403111256/tools/bin/../lib/gcc/arm-none-eabi/12.3.1/../../../../arm-none-eabi/lib/thumb/v7-m/nofp\libc_nano.a(libc_a-findfp.o)
 .text.stdio_exit_handler
                0x08005d60       0x18 C:/ST/STM32CubeIDE_1.15.0/STM32CubeIDE/plugins/com.st.stm32cube.ide.mcu.externaltools.gnu-tools-for-stm32.12.3.rel1.win32_1.0.100.202403111256/tools/bin/../lib/gcc/arm-none-eabi/12.3.1/../../../../arm-none-eabi/lib/thumb/v7-m/nofp\libc_nano.a(libc_a-findfp.o)
 .text.cleanup_stdio
                0x08005d78       0x40 C:/ST/STM32CubeIDE_1.15.0/STM32CubeIDE/plugins/com.st.stm32cube.ide.mcu.externaltools.gnu-tools-for-stm32.12.3.rel1.win32_1.0.100.202403111256/tools/bin/../lib/gcc/arm-none-eabi/12.3.1/../../../../arm-none-eabi/lib/thumb/v7-m/nofp\libc_nano.a(libc_a-findfp.o)
 .text.global_stdio_init.part.0
                0x08005db8       0x3c C:/ST/STM32CubeIDE_1.15.0/STM32CubeIDE/plugins/com.st.stm32cube.ide.mcu.externaltools.gnu-tools-for-stm32.12.3.rel1.win32_1.0.100.202403111256/tools/bin/../lib/gcc/arm-none-eabi/12.3.1/../../../../arm-none-eabi/lib/thumb/v7-m/nofp\libc_nano.a(libc_a-findfp.o)
 .text.__sfp_lock_acquire
                0x08005df4        0xc C:/ST/STM32CubeIDE_1.15.0/STM32CubeIDE/plugins/com.st.stm32cube.ide.mcu.externaltools.gnu-tools-for-stm32.12.3.rel1.win32_1.0.100.202403111256/tools/bin/../lib/gcc/arm-none-eabi/12.3.1/../../../../arm-none-eabi/lib/thumb/v7-m/nofp\libc_nano.a(libc_a-findfp.o)
                0x08005df4                __sfp_lock_acquire
 .text.__sfp_lock_release
                0x08005e00        0xc C:/ST/STM32CubeIDE_1.15.0/STM32CubeIDE/plugins/com.st.stm32cube.ide.mcu.externaltools.gnu-tools-for-stm32.12.3.rel1.win32_1.0.100.202403111256/tools/bin/../lib/gcc/arm-none-eabi/12.3.1/../../../../arm-none-eabi/lib/thumb/v7-m/nofp\libc_nano.a(libc_a-findfp.o)
                0x08005e00                __sfp_lock_release
 .text.__sinit  0x08005e0c       0x30 C:/ST/STM32CubeIDE_1.15.0/STM32CubeIDE/plugins/com.st.stm32cube.ide.mcu.externaltools.gnu-tools-for-stm32.12.3.rel1.win32_1.0.100.202403111256/tools/bin/../lib/gcc/arm-none-eabi/12.3.1/../../../../arm-none-eabi/lib/thumb/v7-m/nofp\libc_nano.a(libc_a-findfp.o)
                0x08005e0c                __sinit
 .text._fwalk_sglue
                0x08005e3c       0x3c C:/ST/STM32CubeIDE_1.15.0/STM32CubeIDE/plugins/com.st.stm32cube.ide.mcu.externaltools.gnu-tools-for-stm32.12.3.rel1.win32_1.0.100.202403111256/tools/bin/../lib/gcc/arm-none-eabi/12.3.1/../../../../arm-none-eabi/lib/thumb/v7-m/nofp\libc_nano.a(libc_a-fwalk.o)
                0x08005e3c                _fwalk_sglue
 .text.printf   0x08005e78       0x24 C:/ST/STM32CubeIDE_1.15.0/STM32CubeIDE/plugins/com.st.stm32cube.ide.mcu.externaltools.gnu-tools-for-stm32.12.3.rel1.win32_1.0.100.202403111256/tools/bin/../lib/gcc/arm-none-eabi/12.3.1/../../../../arm-none-eabi/lib/thumb/v7-m/nofp\libc_nano.a(libc_a-printf.o)
                0x08005e78                iprintf
                0x08005e78                printf
 .text._puts_r  0x08005e9c       0xaa C:/ST/STM32CubeIDE_1.15.0/STM32CubeIDE/plugins/com.st.stm32cube.ide.mcu.externaltools.gnu-tools-for-stm32.12.3.rel1.win32_1.0.100.202403111256/tools/bin/../lib/gcc/arm-none-eabi/12.3.1/../../../../arm-none-eabi/lib/thumb/v7-m/nofp\libc_nano.a(libc_a-puts.o)
                0x08005e9c                _puts_r
 *fill*         0x08005f46        0x2 
 .text.puts     0x08005f48       0x10 C:/ST/STM32CubeIDE_1.15.0/STM32CubeIDE/plugins/com.st.stm32cube.ide.mcu.externaltools.gnu-tools-for-stm32.12.3.rel1.win32_1.0.100.202403111256/tools/bin/../lib/gcc/arm-none-eabi/12.3.1/../../../../arm-none-eabi/lib/thumb/v7-m/nofp\libc_nano.a(libc_a-puts.o)
                0x08005f48                puts
 .text.__sread  0x08005f58       0x22 C:/ST/STM32CubeIDE_1.15.0/STM32CubeIDE/plugins/com.st.stm32cube.ide.mcu.externaltools.gnu-tools-for-stm32.12.3.rel1.win32_1.0.100.202403111256/tools/bin/../lib/gcc/arm-none-eabi/12.3.1/../../../../arm-none-eabi/lib/thumb/v7-m/nofp\libc_nano.a(libc_a-stdio.o)
                0x08005f58                __sread
 .text.__swrite
                0x08005f7a       0x38 C:/ST/STM32CubeIDE_1.15.0/STM32CubeIDE/plugins/com.st.stm32cube.ide.mcu.externaltools.gnu-tools-for-stm32.12.3.rel1.win32_1.0.100.202403111256/tools/bin/../lib/gcc/arm-none-eabi/12.3.1/../../../../arm-none-eabi/lib/thumb/v7-m/nofp\libc_nano.a(libc_a-stdio.o)
                0x08005f7a                __swrite
 .text.__sseek  0x08005fb2       0x24 C:/ST/STM32CubeIDE_1.15.0/STM32CubeIDE/plugins/com.st.stm32cube.ide.mcu.externaltools.gnu-tools-for-stm32.12.3.rel1.win32_1.0.100.202403111256/tools/bin/../lib/gcc/arm-none-eabi/12.3.1/../../../../arm-none-eabi/lib/thumb/v7-m/nofp\libc_nano.a(libc_a-stdio.o)
                0x08005fb2                __sseek
 .text.__sclose
                0x08005fd6        0x8 C:/ST/STM32CubeIDE_1.15.0/STM32CubeIDE/plugins/com.st.stm32cube.ide.mcu.externaltools.gnu-tools-for-stm32.12.3.rel1.win32_1.0.100.202403111256/tools/bin/../lib/gcc/arm-none-eabi/12.3.1/../../../../arm-none-eabi/lib/thumb/v7-m/nofp\libc_nano.a(libc_a-stdio.o)
                0x08005fd6                __sclose
 .text.__swbuf_r
                0x08005fde       0x7c C:/ST/STM32CubeIDE_1.15.0/STM32CubeIDE/plugins/com.st.stm32cube.ide.mcu.externaltools.gnu-tools-for-stm32.12.3.rel1.win32_1.0.100.202403111256/tools/bin/../lib/gcc/arm-none-eabi/12.3.1/../../../../arm-none-eabi/lib/thumb/v7-m/nofp\libc_nano.a(libc_a-wbuf.o)
                0x08005fde                __swbuf_r
 *fill*         0x0800605a        0x2 
 .text.__swsetup_r
                0x0800605c       0xac C:/ST/STM32CubeIDE_1.15.0/STM32CubeIDE/plugins/com.st.stm32cube.ide.mcu.externaltools.gnu-tools-for-stm32.12.3.rel1.win32_1.0.100.202403111256/tools/bin/../lib/gcc/arm-none-eabi/12.3.1/../../../../arm-none-eabi/lib/thumb/v7-m/nofp\libc_nano.a(libc_a-wsetup.o)
                0x0800605c                __swsetup_r
 .text.memset   0x08006108       0x10 C:/ST/STM32CubeIDE_1.15.0/STM32CubeIDE/plugins/com.st.stm32cube.ide.mcu.externaltools.gnu-tools-for-stm32.12.3.rel1.win32_1.0.100.202403111256/tools/bin/../lib/gcc/arm-none-eabi/12.3.1/../../../../arm-none-eabi/lib/thumb/v7-m/nofp\libc_nano.a(libc_a-memset.o)
                0x08006108                memset
 .text.strchr   0x08006118       0x1a C:/ST/STM32CubeIDE_1.15.0/STM32CubeIDE/plugins/com.st.stm32cube.ide.mcu.externaltools.gnu-tools-for-stm32.12.3.rel1.win32_1.0.100.202403111256/tools/bin/../lib/gcc/arm-none-eabi/12.3.1/../../../../arm-none-eabi/lib/thumb/v7-m/nofp\libc_nano.a(libc_a-strchr.o)
                0x08006118                strchr
 .text.strncpy  0x08006132       0x26 C:/ST/STM32CubeIDE_1.15.0/STM32CubeIDE/plugins/com.st.stm32cube.ide.mcu.externaltools.gnu-tools-for-stm32.12.3.rel1.win32_1.0.100.202403111256/tools/bin/../lib/gcc/arm-none-eabi/12.3.1/../../../../arm-none-eabi/lib/thumb/v7-m/nofp\libc_nano.a(libc_a-strncpy.o)
                0x08006132                strncpy
 .text._close_r
                0x08006158       0x20 C:/ST/STM32CubeIDE_1.15.0/STM32CubeIDE/plugins/com.st.stm32cube.ide.mcu.externaltools.gnu-tools-for-stm32.12.3.rel1.win32_1.0.100.202403111256/tools/bin/../lib/gcc/arm-none-eabi/12.3.1/../../../../arm-none-eabi/lib/thumb/v7-m/nofp\libc_nano.a(libc_a-closer.o)
                0x08006158                _close_r
 .text._lseek_r
                0x08006178       0x24 C:/ST/STM32CubeIDE_1.15.0/STM32CubeIDE/plugins/com.st.stm32cube.ide.mcu.externaltools.gnu-tools-for-stm32.12.3.rel1.win32_1.0.100.202403111256/tools/bin/../lib/gcc/arm-none-eabi/12.3.1/../../../../arm-none-eabi/lib/thumb/v7-m/nofp\libc_nano.a(libc_a-lseekr.o)
                0x08006178                _lseek_r
 .text._read_r  0x0800619c       0x24 C:/ST/STM32CubeIDE_1.15.0/STM32CubeIDE/plugins/com.st.stm32cube.ide.mcu.externaltools.gnu-tools-for-stm32.12.3.rel1.win32_1.0.100.202403111256/tools/bin/../lib/gcc/arm-none-eabi/12.3.1/../../../../arm-none-eabi/lib/thumb/v7-m/nofp\libc_nano.a(libc_a-readr.o)
                0x0800619c                _read_r
 .text._write_r
                0x080061c0       0x24 C:/ST/STM32CubeIDE_1.15.0/STM32CubeIDE/plugins/com.st.stm32cube.ide.mcu.externaltools.gnu-tools-for-stm32.12.3.rel1.win32_1.0.100.202403111256/tools/bin/../lib/gcc/arm-none-eabi/12.3.1/../../../../arm-none-eabi/lib/thumb/v7-m/nofp\libc_nano.a(libc_a-writer.o)
                0x080061c0                _write_r
 .text.__errno  0x080061e4        0xc C:/ST/STM32CubeIDE_1.15.0/STM32CubeIDE/plugins/com.st.stm32cube.ide.mcu.externaltools.gnu-tools-for-stm32.12.3.rel1.win32_1.0.100.202403111256/tools/bin/../lib/gcc/arm-none-eabi/12.3.1/../../../../arm-none-eabi/lib/thumb/v7-m/nofp\libc_nano.a(libc_a-errno.o)
                0x080061e4                __errno
 .text.__libc_init_array
                0x080061f0       0x48 C:/ST/STM32CubeIDE_1.15.0/STM32CubeIDE/plugins/com.st.stm32cube.ide.mcu.externaltools.gnu-tools-for-stm32.12.3.rel1.win32_1.0.100.202403111256/tools/bin/../lib/gcc/arm-none-eabi/12.3.1/../../../../arm-none-eabi/lib/thumb/v7-m/nofp\libc_nano.a(libc_a-init.o)
                0x080061f0                __libc_init_array
 .text.__retarget_lock_init_recursive
                0x08006238        0x2 C:/ST/STM32CubeIDE_1.15.0/STM32CubeIDE/plugins/com.st.stm32cube.ide.mcu.externaltools.gnu-tools-for-stm32.12.3.rel1.win32_1.0.100.202403111256/tools/bin/../lib/gcc/arm-none-eabi/12.3.1/../../../../arm-none-eabi/lib/thumb/v7-m/nofp\libc_nano.a(libc_a-lock.o)
                0x08006238                __retarget_lock_init_recursive
 .text.__retarget_lock_acquire_recursive
                0x0800623a        0x2 C:/ST/STM32CubeIDE_1.15.0/STM32CubeIDE/plugins/com.st.stm32cube.ide.mcu.externaltools.gnu-tools-for-stm32.12.3.rel1.win32_1.0.100.202403111256/tools/bin/../lib/gcc/arm-none-eabi/12.3.1/../../../../arm-none-eabi/lib/thumb/v7-m/nofp\libc_nano.a(libc_a-lock.o)
                0x0800623a                __retarget_lock_acquire_recursive
 .text.__retarget_lock_release_recursive
                0x0800623c        0x2 C:/ST/STM32CubeIDE_1.15.0/STM32CubeIDE/plugins/com.st.stm32cube.ide.mcu.externaltools.gnu-tools-for-stm32.12.3.rel1.win32_1.0.100.202403111256/tools/bin/../lib/gcc/arm-none-eabi/12.3.1/../../../../arm-none-eabi/lib/thumb/v7-m/nofp\libc_nano.a(libc_a-lock.o)
                0x0800623c                __retarget_lock_release_recursive
 .text.strcpy   0x0800623e       0x10 C:/ST/STM32CubeIDE_1.15.0/STM32CubeIDE/plugins/com.st.stm32cube.ide.mcu.externaltools.gnu-tools-for-stm32.12.3.rel1.win32_1.0.100.202403111256/tools/bin/../lib/gcc/arm-none-eabi/12.3.1/../../../../arm-none-eabi/lib/thumb/v7-m/nofp\libc_nano.a(libc_a-strcpy.o)
                0x0800623e                strcpy
 *fill*         0x0800624e        0x2 
 .text._free_r  0x08006250       0x90 C:/ST/STM32CubeIDE_1.15.0/STM32CubeIDE/plugins/com.st.stm32cube.ide.mcu.externaltools.gnu-tools-for-stm32.12.3.rel1.win32_1.0.100.202403111256/tools/bin/../lib/gcc/arm-none-eabi/12.3.1/../../../../arm-none-eabi/lib/thumb/v7-m/nofp\libc_nano.a(libc_a-freer.o)
                0x08006250                _free_r
 .text.sbrk_aligned
                0x080062e0       0x44 C:/ST/STM32CubeIDE_1.15.0/STM32CubeIDE/plugins/com.st.stm32cube.ide.mcu.externaltools.gnu-tools-for-stm32.12.3.rel1.win32_1.0.100.202403111256/tools/bin/../lib/gcc/arm-none-eabi/12.3.1/../../../../arm-none-eabi/lib/thumb/v7-m/nofp\libc_nano.a(libc_a-mallocr.o)
 .text._malloc_r
                0x08006324      0x100 C:/ST/STM32CubeIDE_1.15.0/STM32CubeIDE/plugins/com.st.stm32cube.ide.mcu.externaltools.gnu-tools-for-stm32.12.3.rel1.win32_1.0.100.202403111256/tools/bin/../lib/gcc/arm-none-eabi/12.3.1/../../../../arm-none-eabi/lib/thumb/v7-m/nofp\libc_nano.a(libc_a-mallocr.o)
                0x08006324                _malloc_r
 .text.__malloc_lock
                0x08006424        0xc C:/ST/STM32CubeIDE_1.15.0/STM32CubeIDE/plugins/com.st.stm32cube.ide.mcu.externaltools.gnu-tools-for-stm32.12.3.rel1.win32_1.0.100.202403111256/tools/bin/../lib/gcc/arm-none-eabi/12.3.1/../../../../arm-none-eabi/lib/thumb/v7-m/nofp\libc_nano.a(libc_a-mlock.o)
                0x08006424                __malloc_lock
 .text.__malloc_unlock
                0x08006430        0xc C:/ST/STM32CubeIDE_1.15.0/STM32CubeIDE/plugins/com.st.stm32cube.ide.mcu.externaltools.gnu-tools-for-stm32.12.3.rel1.win32_1.0.100.202403111256/tools/bin/../lib/gcc/arm-none-eabi/12.3.1/../../../../arm-none-eabi/lib/thumb/v7-m/nofp\libc_nano.a(libc_a-mlock.o)
                0x08006430                __malloc_unlock
 .text.__sfputc_r
                0x0800643c       0x2a C:/ST/STM32CubeIDE_1.15.0/STM32CubeIDE/plugins/com.st.stm32cube.ide.mcu.externaltools.gnu-tools-for-stm32.12.3.rel1.win32_1.0.100.202403111256/tools/bin/../lib/gcc/arm-none-eabi/12.3.1/../../../../arm-none-eabi/lib/thumb/v7-m/nofp\libc_nano.a(libc_a-nano-vfprintf.o)
 .text.__sfputs_r
                0x08006466       0x24 C:/ST/STM32CubeIDE_1.15.0/STM32CubeIDE/plugins/com.st.stm32cube.ide.mcu.externaltools.gnu-tools-for-stm32.12.3.rel1.win32_1.0.100.202403111256/tools/bin/../lib/gcc/arm-none-eabi/12.3.1/../../../../arm-none-eabi/lib/thumb/v7-m/nofp\libc_nano.a(libc_a-nano-vfprintf.o)
                0x08006466                __sfputs_r
 *fill*         0x0800648a        0x2 
 .text._vfprintf_r
                0x0800648c      0x230 C:/ST/STM32CubeIDE_1.15.0/STM32CubeIDE/plugins/com.st.stm32cube.ide.mcu.externaltools.gnu-tools-for-stm32.12.3.rel1.win32_1.0.100.202403111256/tools/bin/../lib/gcc/arm-none-eabi/12.3.1/../../../../arm-none-eabi/lib/thumb/v7-m/nofp\libc_nano.a(libc_a-nano-vfprintf.o)
                0x0800648c                _vfprintf_r
                0x0800648c                _vfiprintf_r
 .text._printf_common
                0x080066bc       0xe4 C:/ST/STM32CubeIDE_1.15.0/STM32CubeIDE/plugins/com.st.stm32cube.ide.mcu.externaltools.gnu-tools-for-stm32.12.3.rel1.win32_1.0.100.202403111256/tools/bin/../lib/gcc/arm-none-eabi/12.3.1/../../../../arm-none-eabi/lib/thumb/v7-m/nofp\libc_nano.a(libc_a-nano-vfprintf_i.o)
                0x080066bc                _printf_common
 .text._printf_i
                0x080067a0      0x240 C:/ST/STM32CubeIDE_1.15.0/STM32CubeIDE/plugins/com.st.stm32cube.ide.mcu.externaltools.gnu-tools-for-stm32.12.3.rel1.win32_1.0.100.202403111256/tools/bin/../lib/gcc/arm-none-eabi/12.3.1/../../../../arm-none-eabi/lib/thumb/v7-m/nofp\libc_nano.a(libc_a-nano-vfprintf_i.o)
                0x080067a0                _printf_i
 .text.__sflush_r
                0x080069e0      0x100 C:/ST/STM32CubeIDE_1.15.0/STM32CubeIDE/plugins/com.st.stm32cube.ide.mcu.externaltools.gnu-tools-for-stm32.12.3.rel1.win32_1.0.100.202403111256/tools/bin/../lib/gcc/arm-none-eabi/12.3.1/../../../../arm-none-eabi/lib/thumb/v7-m/nofp\libc_nano.a(libc_a-fflush.o)
                0x080069e0                __sflush_r
 .text._fflush_r
                0x08006ae0       0x50 C:/ST/STM32CubeIDE_1.15.0/STM32CubeIDE/plugins/com.st.stm32cube.ide.mcu.externaltools.gnu-tools-for-stm32.12.3.rel1.win32_1.0.100.202403111256/tools/bin/../lib/gcc/arm-none-eabi/12.3.1/../../../../arm-none-eabi/lib/thumb/v7-m/nofp\libc_nano.a(libc_a-fflush.o)
                0x08006ae0                _fflush_r
 .text.__swhatbuf_r
                0x08006b30       0x4a C:/ST/STM32CubeIDE_1.15.0/STM32CubeIDE/plugins/com.st.stm32cube.ide.mcu.externaltools.gnu-tools-for-stm32.12.3.rel1.win32_1.0.100.202403111256/tools/bin/../lib/gcc/arm-none-eabi/12.3.1/../../../../arm-none-eabi/lib/thumb/v7-m/nofp\libc_nano.a(libc_a-makebuf.o)
                0x08006b30                __swhatbuf_r
 .text.__smakebuf_r
                0x08006b7a       0x78 C:/ST/STM32CubeIDE_1.15.0/STM32CubeIDE/plugins/com.st.stm32cube.ide.mcu.externaltools.gnu-tools-for-stm32.12.3.rel1.win32_1.0.100.202403111256/tools/bin/../lib/gcc/arm-none-eabi/12.3.1/../../../../arm-none-eabi/lib/thumb/v7-m/nofp\libc_nano.a(libc_a-makebuf.o)
                0x08006b7a                __smakebuf_r
 *fill*         0x08006bf2        0x2 
 .text._fstat_r
                0x08006bf4       0x24 C:/ST/STM32CubeIDE_1.15.0/STM32CubeIDE/plugins/com.st.stm32cube.ide.mcu.externaltools.gnu-tools-for-stm32.12.3.rel1.win32_1.0.100.202403111256/tools/bin/../lib/gcc/arm-none-eabi/12.3.1/../../../../arm-none-eabi/lib/thumb/v7-m/nofp\libc_nano.a(libc_a-fstatr.o)
                0x08006bf4                _fstat_r
 .text._isatty_r
                0x08006c18       0x20 C:/ST/STM32CubeIDE_1.15.0/STM32CubeIDE/plugins/com.st.stm32cube.ide.mcu.externaltools.gnu-tools-for-stm32.12.3.rel1.win32_1.0.100.202403111256/tools/bin/../lib/gcc/arm-none-eabi/12.3.1/../../../../arm-none-eabi/lib/thumb/v7-m/nofp\libc_nano.a(libc_a-isattyr.o)
                0x08006c18                _isatty_r
 .text._sbrk_r  0x08006c38       0x20 C:/ST/STM32CubeIDE_1.15.0/STM32CubeIDE/plugins/com.st.stm32cube.ide.mcu.externaltools.gnu-tools-for-stm32.12.3.rel1.win32_1.0.100.202403111256/tools/bin/../lib/gcc/arm-none-eabi/12.3.1/../../../../arm-none-eabi/lib/thumb/v7-m/nofp\libc_nano.a(libc_a-sbrkr.o)
                0x08006c38                _sbrk_r
 .text.memchr   0x08006c58       0x1c C:/ST/STM32CubeIDE_1.15.0/STM32CubeIDE/plugins/com.st.stm32cube.ide.mcu.externaltools.gnu-tools-for-stm32.12.3.rel1.win32_1.0.100.202403111256/tools/bin/../lib/gcc/arm-none-eabi/12.3.1/../../../../arm-none-eabi/lib/thumb/v7-m/nofp\libc_nano.a(libc_a-memchr-stub.o)
                0x08006c58                memchr
 *(.glue_7)
 .glue_7        0x08006c74        0x0 linker stubs
 *(.glue_7t)
 .glue_7t       0x08006c74        0x0 linker stubs
 *(.eh_frame)
 .eh_frame      0x08006c74        0x0 C:/ST/STM32CubeIDE_1.15.0/STM32CubeIDE/plugins/com.st.stm32cube.ide.mcu.externaltools.gnu-tools-for-stm32.12.3.rel1.win32_1.0.100.202403111256/tools/bin/../lib/gcc/arm-none-eabi/12.3.1/thumb/v7-m/nofp/crtbegin.o
 *(.init)
 .init          0x08006c74        0x4 C:/ST/STM32CubeIDE_1.15.0/STM32CubeIDE/plugins/com.st.stm32cube.ide.mcu.externaltools.gnu-tools-for-stm32.12.3.rel1.win32_1.0.100.202403111256/tools/bin/../lib/gcc/arm-none-eabi/12.3.1/thumb/v7-m/nofp/crti.o
                0x08006c74                _init
 .init          0x08006c78        0x8 C:/ST/STM32CubeIDE_1.15.0/STM32CubeIDE/plugins/com.st.stm32cube.ide.mcu.externaltools.gnu-tools-for-stm32.12.3.rel1.win32_1.0.100.202403111256/tools/bin/../lib/gcc/arm-none-eabi/12.3.1/thumb/v7-m/nofp/crtn.o
 *(.fini)
 .fini          0x08006c80        0x4 C:/ST/STM32CubeIDE_1.15.0/STM32CubeIDE/plugins/com.st.stm32cube.ide.mcu.externaltools.gnu-tools-for-stm32.12.3.rel1.win32_1.0.100.202403111256/tools/bin/../lib/gcc/arm-none-eabi/12.3.1/thumb/v7-m/nofp/crti.o
                0x08006c80                _fini
 .fini          0x08006c84        0x8 C:/ST/STM32CubeIDE_1.15.0/STM32CubeIDE/plugins/com.st.stm32cube.ide.mcu.externaltools.gnu-tools-for-stm32.12.3.rel1.win32_1.0.100.202403111256/tools/bin/../lib/gcc/arm-none-eabi/12.3.1/thumb/v7-m/nofp/crtn.o
                0x08006c8c                        . = ALIGN (0x4)
                0x08006c8c                        _etext = .

.vfp11_veneer   0x08006c8c        0x0
 .vfp11_veneer  0x08006c8c        0x0 linker stubs

.v4_bx          0x08006c8c        0x0
 .v4_bx         0x08006c8c        0x0 linker stubs

.iplt           0x08006c8c        0x0
 .iplt          0x08006c8c        0x0 C:/ST/STM32CubeIDE_1.15.0/STM32CubeIDE/plugins/com.st.stm32cube.ide.mcu.externaltools.gnu-tools-for-stm32.12.3.rel1.win32_1.0.100.202403111256/tools/bin/../lib/gcc/arm-none-eabi/12.3.1/thumb/v7-m/nofp/crtbegin.o

.rodata         0x08006c8c      0x2fc
                0x08006c8c                        . = ALIGN (0x4)
 *(.rodata)
 .rodata        0x08006c8c      0x23d ./Core/Src/main.o
 *fill*         0x08006ec9        0x3 
 .rodata        0x08006ecc       0x48 ./Core/Src/wizchip_init.o
 .rodata        0x08006f14       0x12 ./Core/Src/w5500/Internet/DHCP/dhcp.o
 *(.rodata*)
 *fill*         0x08006f26        0x2 
 .rodata.AHBPrescTable
                0x08006f28       0x10 ./Core/Src/system_stm32f1xx.o
                0x08006f28                AHBPrescTable
 .rodata.APBPrescTable
                0x08006f38        0x8 ./Core/Src/system_stm32f1xx.o
                0x08006f38                APBPrescTable
 .rodata.aPLLMULFactorTable.1
                0x08006f40       0x10 ./Drivers/STM32F1xx_HAL_Driver/Src/stm32f1xx_hal_rcc.o
 .rodata.aPredivFactorTable.0
                0x08006f50        0x2 ./Drivers/STM32F1xx_HAL_Driver/Src/stm32f1xx_hal_rcc.o
 .rodata._vfprintf_r.str1.1
                0x08006f52       0x11 C:/ST/STM32CubeIDE_1.15.0/STM32CubeIDE/plugins/com.st.stm32cube.ide.mcu.externaltools.gnu-tools-for-stm32.12.3.rel1.win32_1.0.100.202403111256/tools/bin/../lib/gcc/arm-none-eabi/12.3.1/../../../../arm-none-eabi/lib/thumb/v7-m/nofp\libc_nano.a(libc_a-nano-vfprintf.o)
 .rodata._printf_i.str1.1
                0x08006f63       0x22 C:/ST/STM32CubeIDE_1.15.0/STM32CubeIDE/plugins/com.st.stm32cube.ide.mcu.externaltools.gnu-tools-for-stm32.12.3.rel1.win32_1.0.100.202403111256/tools/bin/../lib/gcc/arm-none-eabi/12.3.1/../../../../arm-none-eabi/lib/thumb/v7-m/nofp\libc_nano.a(libc_a-nano-vfprintf_i.o)
                0x08006f88                        . = ALIGN (0x4)
 *fill*         0x08006f85        0x3 

.ARM.extab      0x08006f88        0x0
                0x08006f88                        . = ALIGN (0x4)
 *(.ARM.extab* .gnu.linkonce.armextab.*)
                0x08006f88                        . = ALIGN (0x4)

.ARM            0x08006f88        0x8
                0x08006f88                        . = ALIGN (0x4)
                0x08006f88                        __exidx_start = .
 *(.ARM.exidx*)
 .ARM.exidx     0x08006f88        0x8 C:/ST/STM32CubeIDE_1.15.0/STM32CubeIDE/plugins/com.st.stm32cube.ide.mcu.externaltools.gnu-tools-for-stm32.12.3.rel1.win32_1.0.100.202403111256/tools/bin/../lib/gcc/arm-none-eabi/12.3.1/../../../../arm-none-eabi/lib/thumb/v7-m/nofp\libc_nano.a(libc_a-strlen.o)
                0x08006f90                        __exidx_end = .
                0x08006f90                        . = ALIGN (0x4)

.preinit_array  0x08006f90        0x0
                0x08006f90                        . = ALIGN (0x4)
                0x08006f90                        PROVIDE (__preinit_array_start = .)
 *(.preinit_array*)
                0x08006f90                        PROVIDE (__preinit_array_end = .)
                0x08006f90                        . = ALIGN (0x4)

.init_array     0x08006f90        0x4
                0x08006f90                        . = ALIGN (0x4)
                0x08006f90                        PROVIDE (__init_array_start = .)
 *(SORT_BY_NAME(.init_array.*))
 *(.init_array*)
 .init_array    0x08006f90        0x4 C:/ST/STM32CubeIDE_1.15.0/STM32CubeIDE/plugins/com.st.stm32cube.ide.mcu.externaltools.gnu-tools-for-stm32.12.3.rel1.win32_1.0.100.202403111256/tools/bin/../lib/gcc/arm-none-eabi/12.3.1/thumb/v7-m/nofp/crtbegin.o
                0x08006f94                        PROVIDE (__init_array_end = .)
                0x08006f94                        . = ALIGN (0x4)

.fini_array     0x08006f94        0x4
                0x08006f94                        . = ALIGN (0x4)
                [!provide]                        PROVIDE (__fini_array_start = .)
 *(SORT_BY_NAME(.fini_array.*))
 *(.fini_array*)
 .fini_array    0x08006f94        0x4 C:/ST/STM32CubeIDE_1.15.0/STM32CubeIDE/plugins/com.st.stm32cube.ide.mcu.externaltools.gnu-tools-for-stm32.12.3.rel1.win32_1.0.100.202403111256/tools/bin/../lib/gcc/arm-none-eabi/12.3.1/thumb/v7-m/nofp/crtbegin.o
                [!provide]                        PROVIDE (__fini_array_end = .)
                0x08006f98                        . = ALIGN (0x4)
                0x08006f98                        _sidata = LOADADDR (.data)

.rel.dyn        0x08006f98        0x0
 .rel.iplt      0x08006f98        0x0 C:/ST/STM32CubeIDE_1.15.0/STM32CubeIDE/plugins/com.st.stm32cube.ide.mcu.externaltools.gnu-tools-for-stm32.12.3.rel1.win32_1.0.100.202403111256/tools/bin/../lib/gcc/arm-none-eabi/12.3.1/thumb/v7-m/nofp/crtbegin.o

.data           0x20000000       0xe0 load address 0x08006f98
                0x20000000                        . = ALIGN (0x4)
                0x20000000                        _sdata = .
 *(.data)
 *(.data*)
 .data.defaultNetInfo
                0x20000000       0x17 ./Core/Src/main.o
                0x20000000                defaultNetInfo
 *fill*         0x20000017        0x1 
 .data.dns_server
                0x20000018        0x4 ./Core/Src/main.o
                0x20000018                dns_server
 .data.Domain_name
                0x2000001c        0xf ./Core/Src/main.o
                0x2000001c                Domain_name
 *fill*         0x2000002b        0x1 
 .data.SystemCoreClock
                0x2000002c        0x4 ./Core/Src/system_stm32f1xx.o
                0x2000002c                SystemCoreClock
 .data.dhcp_lease_time
                0x20000030        0x4 ./Core/Src/w5500/Internet/DHCP/dhcp.o
                0x20000030                dhcp_lease_time
 .data.dhcp_tick_next
                0x20000034        0x4 ./Core/Src/w5500/Internet/DHCP/dhcp.o
                0x20000034                dhcp_tick_next
 .data.HOST_NAME
                0x20000038        0x8 ./Core/Src/w5500/Internet/DHCP/dhcp.o
                0x20000038                HOST_NAME
 .data.dhcp_ip_assign
                0x20000040        0x4 ./Core/Src/w5500/Internet/DHCP/dhcp.o
                0x20000040                dhcp_ip_assign
 .data.dhcp_ip_update
                0x20000044        0x4 ./Core/Src/w5500/Internet/DHCP/dhcp.o
                0x20000044                dhcp_ip_update
 .data.dhcp_ip_conflict
                0x20000048        0x4 ./Core/Src/w5500/Internet/DHCP/dhcp.o
                0x20000048                dhcp_ip_conflict
 .data.sock_any_port
                0x2000004c        0x2 ./Core/Src/w5500/socket.o
 *fill*         0x2000004e        0x2 
 .data.WIZCHIP  0x20000050       0x2c ./Core/Src/w5500/wizchip_conf.o
                0x20000050                WIZCHIP
 .data.uwTickPrio
                0x2000007c        0x4 ./Drivers/STM32F1xx_HAL_Driver/Src/stm32f1xx_hal.o
                0x2000007c                uwTickPrio
 .data.uwTickFreq
                0x20000080        0x1 ./Drivers/STM32F1xx_HAL_Driver/Src/stm32f1xx_hal.o
                0x20000080                uwTickFreq
 *fill*         0x20000081        0x3 
 .data.__sglue  0x20000084        0xc C:/ST/STM32CubeIDE_1.15.0/STM32CubeIDE/plugins/com.st.stm32cube.ide.mcu.externaltools.gnu-tools-for-stm32.12.3.rel1.win32_1.0.100.202403111256/tools/bin/../lib/gcc/arm-none-eabi/12.3.1/../../../../arm-none-eabi/lib/thumb/v7-m/nofp\libc_nano.a(libc_a-findfp.o)
                0x20000084                __sglue
 .data._impure_ptr
                0x20000090        0x4 C:/ST/STM32CubeIDE_1.15.0/STM32CubeIDE/plugins/com.st.stm32cube.ide.mcu.externaltools.gnu-tools-for-stm32.12.3.rel1.win32_1.0.100.202403111256/tools/bin/../lib/gcc/arm-none-eabi/12.3.1/../../../../arm-none-eabi/lib/thumb/v7-m/nofp\libc_nano.a(libc_a-impure.o)
                0x20000090                _impure_ptr
 .data._impure_data
                0x20000094       0x4c C:/ST/STM32CubeIDE_1.15.0/STM32CubeIDE/plugins/com.st.stm32cube.ide.mcu.externaltools.gnu-tools-for-stm32.12.3.rel1.win32_1.0.100.202403111256/tools/bin/../lib/gcc/arm-none-eabi/12.3.1/../../../../arm-none-eabi/lib/thumb/v7-m/nofp\libc_nano.a(libc_a-impure.o)
                0x20000094                _impure_data
 *(.RamFunc)
 *(.RamFunc*)
                0x200000e0                        . = ALIGN (0x4)
                0x200000e0                        _edata = .

.igot.plt       0x200000e0        0x0 load address 0x08007078
 .igot.plt      0x200000e0        0x0 C:/ST/STM32CubeIDE_1.15.0/STM32CubeIDE/plugins/com.st.stm32cube.ide.mcu.externaltools.gnu-tools-for-stm32.12.3.rel1.win32_1.0.100.202403111256/tools/bin/../lib/gcc/arm-none-eabi/12.3.1/thumb/v7-m/nofp/crtbegin.o
                0x200000e0                        . = ALIGN (0x4)

.bss            0x200000e0      0xa84 load address 0x08007078
                0x200000e0                        _sbss = .
                0x200000e0                        __bss_start__ = _sbss
 *(.bss)
 .bss           0x200000e0       0x1c C:/ST/STM32CubeIDE_1.15.0/STM32CubeIDE/plugins/com.st.stm32cube.ide.mcu.externaltools.gnu-tools-for-stm32.12.3.rel1.win32_1.0.100.202403111256/tools/bin/../lib/gcc/arm-none-eabi/12.3.1/thumb/v7-m/nofp/crtbegin.o
 *(.bss*)
 .bss.hspi2     0x200000fc       0x58 ./Core/Src/main.o
                0x200000fc                hspi2
 .bss.huart2    0x20000154       0x48 ./Core/Src/main.o
                0x20000154                huart2
 .bss.flag_process_dhcp_success
                0x2000019c        0x1 ./Core/Src/main.o
                0x2000019c                flag_process_dhcp_success
 .bss.flag_process_dns_success
                0x2000019d        0x1 ./Core/Src/main.o
                0x2000019d                flag_process_dns_success
 *fill*         0x2000019e        0x2 
 .bss.Domain_IP
                0x200001a0        0x4 ./Core/Src/main.o
                0x200001a0                Domain_IP
 .bss.data_buf  0x200001a4      0x800 ./Core/Src/main.o
                0x200001a4                data_buf
 .bss.__sbrk_heap_end
                0x200009a4        0x4 ./Core/Src/sysmem.o
 .bss.DHCP_SOCKET
                0x200009a8        0x1 ./Core/Src/w5500/Internet/DHCP/dhcp.o
                0x200009a8                DHCP_SOCKET
 *fill*         0x200009a9        0x3 
 .bss.DHCP_SIP  0x200009ac        0x4 ./Core/Src/w5500/Internet/DHCP/dhcp.o
                0x200009ac                DHCP_SIP
 .bss.DHCP_REAL_SIP
                0x200009b0        0x4 ./Core/Src/w5500/Internet/DHCP/dhcp.o
                0x200009b0                DHCP_REAL_SIP
 .bss.OLD_allocated_ip
                0x200009b4        0x4 ./Core/Src/w5500/Internet/DHCP/dhcp.o
                0x200009b4                OLD_allocated_ip
 .bss.DHCP_allocated_ip
                0x200009b8        0x4 ./Core/Src/w5500/Internet/DHCP/dhcp.o
                0x200009b8                DHCP_allocated_ip
 .bss.DHCP_allocated_gw
                0x200009bc        0x4 ./Core/Src/w5500/Internet/DHCP/dhcp.o
                0x200009bc                DHCP_allocated_gw
 .bss.DHCP_allocated_sn
                0x200009c0        0x4 ./Core/Src/w5500/Internet/DHCP/dhcp.o
                0x200009c0                DHCP_allocated_sn
 .bss.DHCP_allocated_dns
                0x200009c4        0x4 ./Core/Src/w5500/Internet/DHCP/dhcp.o
                0x200009c4                DHCP_allocated_dns
 .bss.dhcp_state
                0x200009c8        0x1 ./Core/Src/w5500/Internet/DHCP/dhcp.o
                0x200009c8                dhcp_state
 .bss.dhcp_retry_count
                0x200009c9        0x1 ./Core/Src/w5500/Internet/DHCP/dhcp.o
                0x200009c9                dhcp_retry_count
 *fill*         0x200009ca        0x2 
 .bss.dhcp_tick_1s
                0x200009cc        0x4 ./Core/Src/w5500/Internet/DHCP/dhcp.o
                0x200009cc                dhcp_tick_1s
 .bss.DHCP_XID  0x200009d0        0x4 ./Core/Src/w5500/Internet/DHCP/dhcp.o
                0x200009d0                DHCP_XID
 .bss.pDHCPMSG  0x200009d4        0x4 ./Core/Src/w5500/Internet/DHCP/dhcp.o
                0x200009d4                pDHCPMSG
 .bss.DHCP_CHADDR
                0x200009d8        0x6 ./Core/Src/w5500/Internet/DHCP/dhcp.o
                0x200009d8                DHCP_CHADDR
 *fill*         0x200009de        0x2 
 .bss.pDNSMSG   0x200009e0        0x4 ./Core/Src/w5500/Internet/DNS/dns.o
                0x200009e0                pDNSMSG
 .bss.DNS_SOCKET
                0x200009e4        0x1 ./Core/Src/w5500/Internet/DNS/dns.o
                0x200009e4                DNS_SOCKET
 *fill*         0x200009e5        0x1 
 .bss.DNS_MSGID
                0x200009e6        0x2 ./Core/Src/w5500/Internet/DNS/dns.o
                0x200009e6                DNS_MSGID
 .bss.dns_1s_tick
                0x200009e8        0x4 ./Core/Src/w5500/Internet/DNS/dns.o
                0x200009e8                dns_1s_tick
 .bss.retry_count
                0x200009ec        0x1 ./Core/Src/w5500/Internet/DNS/dns.o
 *fill*         0x200009ed        0x1 
 .bss.sock_io_mode
                0x200009ee        0x2 ./Core/Src/w5500/socket.o
 .bss.sock_is_sending
                0x200009f0        0x2 ./Core/Src/w5500/socket.o
 *fill*         0x200009f2        0x2 
 .bss.sock_remained_size
                0x200009f4       0x10 ./Core/Src/w5500/socket.o
 .bss.sock_pack_info
                0x20000a04        0x8 ./Core/Src/w5500/socket.o
                0x20000a04                sock_pack_info
 .bss._DNS_     0x20000a0c        0x4 ./Core/Src/w5500/wizchip_conf.o
 .bss._DHCP_    0x20000a10        0x1 ./Core/Src/w5500/wizchip_conf.o
 *fill*         0x20000a11        0x3 
 .bss.uwTick    0x20000a14        0x4 ./Drivers/STM32F1xx_HAL_Driver/Src/stm32f1xx_hal.o
                0x20000a14                uwTick
 .bss.__sf      0x20000a18      0x138 C:/ST/STM32CubeIDE_1.15.0/STM32CubeIDE/plugins/com.st.stm32cube.ide.mcu.externaltools.gnu-tools-for-stm32.12.3.rel1.win32_1.0.100.202403111256/tools/bin/../lib/gcc/arm-none-eabi/12.3.1/../../../../arm-none-eabi/lib/thumb/v7-m/nofp\libc_nano.a(libc_a-findfp.o)
                0x20000a18                __sf
 .bss.__stdio_exit_handler
                0x20000b50        0x4 C:/ST/STM32CubeIDE_1.15.0/STM32CubeIDE/plugins/com.st.stm32cube.ide.mcu.externaltools.gnu-tools-for-stm32.12.3.rel1.win32_1.0.100.202403111256/tools/bin/../lib/gcc/arm-none-eabi/12.3.1/../../../../arm-none-eabi/lib/thumb/v7-m/nofp\libc_nano.a(libc_a-findfp.o)
                0x20000b50                __stdio_exit_handler
 .bss.errno     0x20000b54        0x4 C:/ST/STM32CubeIDE_1.15.0/STM32CubeIDE/plugins/com.st.stm32cube.ide.mcu.externaltools.gnu-tools-for-stm32.12.3.rel1.win32_1.0.100.202403111256/tools/bin/../lib/gcc/arm-none-eabi/12.3.1/../../../../arm-none-eabi/lib/thumb/v7-m/nofp\libc_nano.a(libc_a-reent.o)
                0x20000b54                errno
 .bss.__lock___malloc_recursive_mutex
                0x20000b58        0x1 C:/ST/STM32CubeIDE_1.15.0/STM32CubeIDE/plugins/com.st.stm32cube.ide.mcu.externaltools.gnu-tools-for-stm32.12.3.rel1.win32_1.0.100.202403111256/tools/bin/../lib/gcc/arm-none-eabi/12.3.1/../../../../arm-none-eabi/lib/thumb/v7-m/nofp\libc_nano.a(libc_a-lock.o)
                0x20000b58                __lock___malloc_recursive_mutex
 .bss.__lock___sfp_recursive_mutex
                0x20000b59        0x1 C:/ST/STM32CubeIDE_1.15.0/STM32CubeIDE/plugins/com.st.stm32cube.ide.mcu.externaltools.gnu-tools-for-stm32.12.3.rel1.win32_1.0.100.202403111256/tools/bin/../lib/gcc/arm-none-eabi/12.3.1/../../../../arm-none-eabi/lib/thumb/v7-m/nofp\libc_nano.a(libc_a-lock.o)
                0x20000b59                __lock___sfp_recursive_mutex
 *fill*         0x20000b5a        0x2 
 .bss.__malloc_sbrk_start
                0x20000b5c        0x4 C:/ST/STM32CubeIDE_1.15.0/STM32CubeIDE/plugins/com.st.stm32cube.ide.mcu.externaltools.gnu-tools-for-stm32.12.3.rel1.win32_1.0.100.202403111256/tools/bin/../lib/gcc/arm-none-eabi/12.3.1/../../../../arm-none-eabi/lib/thumb/v7-m/nofp\libc_nano.a(libc_a-mallocr.o)
                0x20000b5c                __malloc_sbrk_start
 .bss.__malloc_free_list
                0x20000b60        0x4 C:/ST/STM32CubeIDE_1.15.0/STM32CubeIDE/plugins/com.st.stm32cube.ide.mcu.externaltools.gnu-tools-for-stm32.12.3.rel1.win32_1.0.100.202403111256/tools/bin/../lib/gcc/arm-none-eabi/12.3.1/../../../../arm-none-eabi/lib/thumb/v7-m/nofp\libc_nano.a(libc_a-mallocr.o)
                0x20000b60                __malloc_free_list
 *(COMMON)
                0x20000b64                        . = ALIGN (0x4)
                0x20000b64                        _ebss = .
                0x20000b64                        __bss_end__ = _ebss

._user_heap_stack
                0x20000b64      0x604 load address 0x08007078
                0x20000b68                        . = ALIGN (0x8)
 *fill*         0x20000b64        0x4 
                [!provide]                        PROVIDE (end = .)
                0x20000b68                        PROVIDE (_end = .)
                0x20000d68                        . = (. + _Min_Heap_Size)
 *fill*         0x20000b68      0x200 
                0x20001168                        . = (. + _Min_Stack_Size)
 *fill*         0x20000d68      0x400 
                0x20001168                        . = ALIGN (0x8)

/DISCARD/
 libc.a(*)
 libm.a(*)
 libgcc.a(*)

.ARM.attributes
                0x00000000       0x29
 *(.ARM.attributes)
 .ARM.attributes
                0x00000000       0x1d C:/ST/STM32CubeIDE_1.15.0/STM32CubeIDE/plugins/com.st.stm32cube.ide.mcu.externaltools.gnu-tools-for-stm32.12.3.rel1.win32_1.0.100.202403111256/tools/bin/../lib/gcc/arm-none-eabi/12.3.1/thumb/v7-m/nofp/crti.o
 .ARM.attributes
                0x0000001d       0x2d C:/ST/STM32CubeIDE_1.15.0/STM32CubeIDE/plugins/com.st.stm32cube.ide.mcu.externaltools.gnu-tools-for-stm32.12.3.rel1.win32_1.0.100.202403111256/tools/bin/../lib/gcc/arm-none-eabi/12.3.1/thumb/v7-m/nofp/crtbegin.o
 .ARM.attributes
                0x0000004a       0x2d ./Core/Src/main.o
 .ARM.attributes
                0x00000077       0x2d ./Core/Src/stm32f1xx_hal_msp.o
 .ARM.attributes
                0x000000a4       0x2d ./Core/Src/stm32f1xx_it.o
 .ARM.attributes
                0x000000d1       0x2d ./Core/Src/syscalls.o
 .ARM.attributes
                0x000000fe       0x2d ./Core/Src/sysmem.o
 .ARM.attributes
                0x0000012b       0x2d ./Core/Src/system_stm32f1xx.o
 .ARM.attributes
                0x00000158       0x2d ./Core/Src/wizchip_init.o
 .ARM.attributes
                0x00000185       0x2d ./Core/Src/w5500/Internet/DHCP/dhcp.o
 .ARM.attributes
                0x000001b2       0x2d ./Core/Src/w5500/Internet/DNS/dns.o
 .ARM.attributes
                0x000001df       0x2d ./Core/Src/w5500/W5500/w5500.o
 .ARM.attributes
                0x0000020c       0x2d ./Core/Src/w5500/socket.o
 .ARM.attributes
                0x00000239       0x2d ./Core/Src/w5500/wizchip_conf.o
 .ARM.attributes
                0x00000266       0x21 ./Core/Startup/startup_stm32f103rbtx.o
 .ARM.attributes
                0x00000287       0x2d ./Drivers/STM32F1xx_HAL_Driver/Src/stm32f1xx_hal.o
 .ARM.attributes
                0x000002b4       0x2d ./Drivers/STM32F1xx_HAL_Driver/Src/stm32f1xx_hal_cortex.o
 .ARM.attributes
                0x000002e1       0x2d ./Drivers/STM32F1xx_HAL_Driver/Src/stm32f1xx_hal_gpio.o
 .ARM.attributes
                0x0000030e       0x2d ./Drivers/STM32F1xx_HAL_Driver/Src/stm32f1xx_hal_rcc.o
 .ARM.attributes
                0x0000033b       0x2d ./Drivers/STM32F1xx_HAL_Driver/Src/stm32f1xx_hal_spi.o
 .ARM.attributes
                0x00000368       0x2d ./Drivers/STM32F1xx_HAL_Driver/Src/stm32f1xx_hal_uart.o
 .ARM.attributes
                0x00000395       0x2d C:/ST/STM32CubeIDE_1.15.0/STM32CubeIDE/plugins/com.st.stm32cube.ide.mcu.externaltools.gnu-tools-for-stm32.12.3.rel1.win32_1.0.100.202403111256/tools/bin/../lib/gcc/arm-none-eabi/12.3.1/../../../../arm-none-eabi/lib/thumb/v7-m/nofp\libc_nano.a(libc_a-findfp.o)
 .ARM.attributes
                0x000003c2       0x2d C:/ST/STM32CubeIDE_1.15.0/STM32CubeIDE/plugins/com.st.stm32cube.ide.mcu.externaltools.gnu-tools-for-stm32.12.3.rel1.win32_1.0.100.202403111256/tools/bin/../lib/gcc/arm-none-eabi/12.3.1/../../../../arm-none-eabi/lib/thumb/v7-m/nofp\libc_nano.a(libc_a-fwalk.o)
 .ARM.attributes
                0x000003ef       0x2d C:/ST/STM32CubeIDE_1.15.0/STM32CubeIDE/plugins/com.st.stm32cube.ide.mcu.externaltools.gnu-tools-for-stm32.12.3.rel1.win32_1.0.100.202403111256/tools/bin/../lib/gcc/arm-none-eabi/12.3.1/../../../../arm-none-eabi/lib/thumb/v7-m/nofp\libc_nano.a(libc_a-printf.o)
 .ARM.attributes
                0x0000041c       0x2d C:/ST/STM32CubeIDE_1.15.0/STM32CubeIDE/plugins/com.st.stm32cube.ide.mcu.externaltools.gnu-tools-for-stm32.12.3.rel1.win32_1.0.100.202403111256/tools/bin/../lib/gcc/arm-none-eabi/12.3.1/../../../../arm-none-eabi/lib/thumb/v7-m/nofp\libc_nano.a(libc_a-puts.o)
 .ARM.attributes
                0x00000449       0x2d C:/ST/STM32CubeIDE_1.15.0/STM32CubeIDE/plugins/com.st.stm32cube.ide.mcu.externaltools.gnu-tools-for-stm32.12.3.rel1.win32_1.0.100.202403111256/tools/bin/../lib/gcc/arm-none-eabi/12.3.1/../../../../arm-none-eabi/lib/thumb/v7-m/nofp\libc_nano.a(libc_a-stdio.o)
 .ARM.attributes
                0x00000476       0x2d C:/ST/STM32CubeIDE_1.15.0/STM32CubeIDE/plugins/com.st.stm32cube.ide.mcu.externaltools.gnu-tools-for-stm32.12.3.rel1.win32_1.0.100.202403111256/tools/bin/../lib/gcc/arm-none-eabi/12.3.1/../../../../arm-none-eabi/lib/thumb/v7-m/nofp\libc_nano.a(libc_a-wbuf.o)
 .ARM.attributes
                0x000004a3       0x2d C:/ST/STM32CubeIDE_1.15.0/STM32CubeIDE/plugins/com.st.stm32cube.ide.mcu.externaltools.gnu-tools-for-stm32.12.3.rel1.win32_1.0.100.202403111256/tools/bin/../lib/gcc/arm-none-eabi/12.3.1/../../../../arm-none-eabi/lib/thumb/v7-m/nofp\libc_nano.a(libc_a-wsetup.o)
 .ARM.attributes
                0x000004d0       0x2d C:/ST/STM32CubeIDE_1.15.0/STM32CubeIDE/plugins/com.st.stm32cube.ide.mcu.externaltools.gnu-tools-for-stm32.12.3.rel1.win32_1.0.100.202403111256/tools/bin/../lib/gcc/arm-none-eabi/12.3.1/../../../../arm-none-eabi/lib/thumb/v7-m/nofp\libc_nano.a(libc_a-memset.o)
 .ARM.attributes
                0x000004fd       0x2d C:/ST/STM32CubeIDE_1.15.0/STM32CubeIDE/plugins/com.st.stm32cube.ide.mcu.externaltools.gnu-tools-for-stm32.12.3.rel1.win32_1.0.100.202403111256/tools/bin/../lib/gcc/arm-none-eabi/12.3.1/../../../../arm-none-eabi/lib/thumb/v7-m/nofp\libc_nano.a(libc_a-strchr.o)
 .ARM.attributes
                0x0000052a       0x2d C:/ST/STM32CubeIDE_1.15.0/STM32CubeIDE/plugins/com.st.stm32cube.ide.mcu.externaltools.gnu-tools-for-stm32.12.3.rel1.win32_1.0.100.202403111256/tools/bin/../lib/gcc/arm-none-eabi/12.3.1/../../../../arm-none-eabi/lib/thumb/v7-m/nofp\libc_nano.a(libc_a-strncpy.o)
 .ARM.attributes
                0x00000557       0x2d C:/ST/STM32CubeIDE_1.15.0/STM32CubeIDE/plugins/com.st.stm32cube.ide.mcu.externaltools.gnu-tools-for-stm32.12.3.rel1.win32_1.0.100.202403111256/tools/bin/../lib/gcc/arm-none-eabi/12.3.1/../../../../arm-none-eabi/lib/thumb/v7-m/nofp\libc_nano.a(libc_a-closer.o)
 .ARM.attributes
                0x00000584       0x2d C:/ST/STM32CubeIDE_1.15.0/STM32CubeIDE/plugins/com.st.stm32cube.ide.mcu.externaltools.gnu-tools-for-stm32.12.3.rel1.win32_1.0.100.202403111256/tools/bin/../lib/gcc/arm-none-eabi/12.3.1/../../../../arm-none-eabi/lib/thumb/v7-m/nofp\libc_nano.a(libc_a-reent.o)
 .ARM.attributes
                0x000005b1       0x2d C:/ST/STM32CubeIDE_1.15.0/STM32CubeIDE/plugins/com.st.stm32cube.ide.mcu.externaltools.gnu-tools-for-stm32.12.3.rel1.win32_1.0.100.202403111256/tools/bin/../lib/gcc/arm-none-eabi/12.3.1/../../../../arm-none-eabi/lib/thumb/v7-m/nofp\libc_nano.a(libc_a-impure.o)
 .ARM.attributes
                0x000005de       0x2d C:/ST/STM32CubeIDE_1.15.0/STM32CubeIDE/plugins/com.st.stm32cube.ide.mcu.externaltools.gnu-tools-for-stm32.12.3.rel1.win32_1.0.100.202403111256/tools/bin/../lib/gcc/arm-none-eabi/12.3.1/../../../../arm-none-eabi/lib/thumb/v7-m/nofp\libc_nano.a(libc_a-lseekr.o)
 .ARM.attributes
                0x0000060b       0x2d C:/ST/STM32CubeIDE_1.15.0/STM32CubeIDE/plugins/com.st.stm32cube.ide.mcu.externaltools.gnu-tools-for-stm32.12.3.rel1.win32_1.0.100.202403111256/tools/bin/../lib/gcc/arm-none-eabi/12.3.1/../../../../arm-none-eabi/lib/thumb/v7-m/nofp\libc_nano.a(libc_a-readr.o)
 .ARM.attributes
                0x00000638       0x2d C:/ST/STM32CubeIDE_1.15.0/STM32CubeIDE/plugins/com.st.stm32cube.ide.mcu.externaltools.gnu-tools-for-stm32.12.3.rel1.win32_1.0.100.202403111256/tools/bin/../lib/gcc/arm-none-eabi/12.3.1/../../../../arm-none-eabi/lib/thumb/v7-m/nofp\libc_nano.a(libc_a-writer.o)
 .ARM.attributes
                0x00000665       0x2d C:/ST/STM32CubeIDE_1.15.0/STM32CubeIDE/plugins/com.st.stm32cube.ide.mcu.externaltools.gnu-tools-for-stm32.12.3.rel1.win32_1.0.100.202403111256/tools/bin/../lib/gcc/arm-none-eabi/12.3.1/../../../../arm-none-eabi/lib/thumb/v7-m/nofp\libc_nano.a(libc_a-errno.o)
 .ARM.attributes
                0x00000692       0x2d C:/ST/STM32CubeIDE_1.15.0/STM32CubeIDE/plugins/com.st.stm32cube.ide.mcu.externaltools.gnu-tools-for-stm32.12.3.rel1.win32_1.0.100.202403111256/tools/bin/../lib/gcc/arm-none-eabi/12.3.1/../../../../arm-none-eabi/lib/thumb/v7-m/nofp\libc_nano.a(libc_a-init.o)
 .ARM.attributes
                0x000006bf       0x2d C:/ST/STM32CubeIDE_1.15.0/STM32CubeIDE/plugins/com.st.stm32cube.ide.mcu.externaltools.gnu-tools-for-stm32.12.3.rel1.win32_1.0.100.202403111256/tools/bin/../lib/gcc/arm-none-eabi/12.3.1/../../../../arm-none-eabi/lib/thumb/v7-m/nofp\libc_nano.a(libc_a-lock.o)
 .ARM.attributes
                0x000006ec       0x2d C:/ST/STM32CubeIDE_1.15.0/STM32CubeIDE/plugins/com.st.stm32cube.ide.mcu.externaltools.gnu-tools-for-stm32.12.3.rel1.win32_1.0.100.202403111256/tools/bin/../lib/gcc/arm-none-eabi/12.3.1/../../../../arm-none-eabi/lib/thumb/v7-m/nofp\libc_nano.a(libc_a-strcpy.o)
 .ARM.attributes
                0x00000719       0x17 C:/ST/STM32CubeIDE_1.15.0/STM32CubeIDE/plugins/com.st.stm32cube.ide.mcu.externaltools.gnu-tools-for-stm32.12.3.rel1.win32_1.0.100.202403111256/tools/bin/../lib/gcc/arm-none-eabi/12.3.1/../../../../arm-none-eabi/lib/thumb/v7-m/nofp\libc_nano.a(libc_a-strlen.o)
 .ARM.attributes
                0x00000730       0x2d C:/ST/STM32CubeIDE_1.15.0/STM32CubeIDE/plugins/com.st.stm32cube.ide.mcu.externaltools.gnu-tools-for-stm32.12.3.rel1.win32_1.0.100.202403111256/tools/bin/../lib/gcc/arm-none-eabi/12.3.1/../../../../arm-none-eabi/lib/thumb/v7-m/nofp\libc_nano.a(libc_a-freer.o)
 .ARM.attributes
                0x0000075d       0x2d C:/ST/STM32CubeIDE_1.15.0/STM32CubeIDE/plugins/com.st.stm32cube.ide.mcu.externaltools.gnu-tools-for-stm32.12.3.rel1.win32_1.0.100.202403111256/tools/bin/../lib/gcc/arm-none-eabi/12.3.1/../../../../arm-none-eabi/lib/thumb/v7-m/nofp\libc_nano.a(libc_a-mallocr.o)
 .ARM.attributes
                0x0000078a       0x2d C:/ST/STM32CubeIDE_1.15.0/STM32CubeIDE/plugins/com.st.stm32cube.ide.mcu.externaltools.gnu-tools-for-stm32.12.3.rel1.win32_1.0.100.202403111256/tools/bin/../lib/gcc/arm-none-eabi/12.3.1/../../../../arm-none-eabi/lib/thumb/v7-m/nofp\libc_nano.a(libc_a-mlock.o)
 .ARM.attributes
                0x000007b7       0x2d C:/ST/STM32CubeIDE_1.15.0/STM32CubeIDE/plugins/com.st.stm32cube.ide.mcu.externaltools.gnu-tools-for-stm32.12.3.rel1.win32_1.0.100.202403111256/tools/bin/../lib/gcc/arm-none-eabi/12.3.1/../../../../arm-none-eabi/lib/thumb/v7-m/nofp\libc_nano.a(libc_a-nano-vfprintf.o)
 .ARM.attributes
                0x000007e4       0x2d C:/ST/STM32CubeIDE_1.15.0/STM32CubeIDE/plugins/com.st.stm32cube.ide.mcu.externaltools.gnu-tools-for-stm32.12.3.rel1.win32_1.0.100.202403111256/tools/bin/../lib/gcc/arm-none-eabi/12.3.1/../../../../arm-none-eabi/lib/thumb/v7-m/nofp\libc_nano.a(libc_a-nano-vfprintf_i.o)
 .ARM.attributes
                0x00000811       0x2d C:/ST/STM32CubeIDE_1.15.0/STM32CubeIDE/plugins/com.st.stm32cube.ide.mcu.externaltools.gnu-tools-for-stm32.12.3.rel1.win32_1.0.100.202403111256/tools/bin/../lib/gcc/arm-none-eabi/12.3.1/../../../../arm-none-eabi/lib/thumb/v7-m/nofp\libc_nano.a(libc_a-fflush.o)
 .ARM.attributes
                0x0000083e       0x2d C:/ST/STM32CubeIDE_1.15.0/STM32CubeIDE/plugins/com.st.stm32cube.ide.mcu.externaltools.gnu-tools-for-stm32.12.3.rel1.win32_1.0.100.202403111256/tools/bin/../lib/gcc/arm-none-eabi/12.3.1/../../../../arm-none-eabi/lib/thumb/v7-m/nofp\libc_nano.a(libc_a-makebuf.o)
 .ARM.attributes
                0x0000086b       0x2d C:/ST/STM32CubeIDE_1.15.0/STM32CubeIDE/plugins/com.st.stm32cube.ide.mcu.externaltools.gnu-tools-for-stm32.12.3.rel1.win32_1.0.100.202403111256/tools/bin/../lib/gcc/arm-none-eabi/12.3.1/../../../../arm-none-eabi/lib/thumb/v7-m/nofp\libc_nano.a(libc_a-fstatr.o)
 .ARM.attributes
                0x00000898       0x2d C:/ST/STM32CubeIDE_1.15.0/STM32CubeIDE/plugins/com.st.stm32cube.ide.mcu.externaltools.gnu-tools-for-stm32.12.3.rel1.win32_1.0.100.202403111256/tools/bin/../lib/gcc/arm-none-eabi/12.3.1/../../../../arm-none-eabi/lib/thumb/v7-m/nofp\libc_nano.a(libc_a-isattyr.o)
 .ARM.attributes
                0x000008c5       0x2d C:/ST/STM32CubeIDE_1.15.0/STM32CubeIDE/plugins/com.st.stm32cube.ide.mcu.externaltools.gnu-tools-for-stm32.12.3.rel1.win32_1.0.100.202403111256/tools/bin/../lib/gcc/arm-none-eabi/12.3.1/../../../../arm-none-eabi/lib/thumb/v7-m/nofp\libc_nano.a(libc_a-sbrkr.o)
 .ARM.attributes
                0x000008f2       0x2d C:/ST/STM32CubeIDE_1.15.0/STM32CubeIDE/plugins/com.st.stm32cube.ide.mcu.externaltools.gnu-tools-for-stm32.12.3.rel1.win32_1.0.100.202403111256/tools/bin/../lib/gcc/arm-none-eabi/12.3.1/../../../../arm-none-eabi/lib/thumb/v7-m/nofp\libc_nano.a(libc_a-memchr-stub.o)
 .ARM.attributes
                0x0000091f       0x1d C:/ST/STM32CubeIDE_1.15.0/STM32CubeIDE/plugins/com.st.stm32cube.ide.mcu.externaltools.gnu-tools-for-stm32.12.3.rel1.win32_1.0.100.202403111256/tools/bin/../lib/gcc/arm-none-eabi/12.3.1/thumb/v7-m/nofp/crtn.o
OUTPUT(STM32_GrowBoxController2.elf elf32-littlearm)
LOAD linker stubs
LOAD C:/ST/STM32CubeIDE_1.15.0/STM32CubeIDE/plugins/com.st.stm32cube.ide.mcu.externaltools.gnu-tools-for-stm32.12.3.rel1.win32_1.0.100.202403111256/tools/bin/../lib/gcc/arm-none-eabi/12.3.1/../../../../arm-none-eabi/lib/thumb/v7-m/nofp\libc.a
LOAD C:/ST/STM32CubeIDE_1.15.0/STM32CubeIDE/plugins/com.st.stm32cube.ide.mcu.externaltools.gnu-tools-for-stm32.12.3.rel1.win32_1.0.100.202403111256/tools/bin/../lib/gcc/arm-none-eabi/12.3.1/../../../../arm-none-eabi/lib/thumb/v7-m/nofp\libm.a
LOAD C:/ST/STM32CubeIDE_1.15.0/STM32CubeIDE/plugins/com.st.stm32cube.ide.mcu.externaltools.gnu-tools-for-stm32.12.3.rel1.win32_1.0.100.202403111256/tools/bin/../lib/gcc/arm-none-eabi/12.3.1/thumb/v7-m/nofp\libgcc.a

.debug_info     0x00000000     0xbf77
 .debug_info    0x00000000     0x1290 ./Core/Src/main.o
 .debug_info    0x00001290      0xadc ./Core/Src/stm32f1xx_hal_msp.o
 .debug_info    0x00001d6c      0x147 ./Core/Src/stm32f1xx_it.o
 .debug_info    0x00001eb3      0x69f ./Core/Src/syscalls.o
 .debug_info    0x00002552      0x164 ./Core/Src/sysmem.o
 .debug_info    0x000026b6      0x21e ./Core/Src/system_stm32f1xx.o
 .debug_info    0x000028d4      0x890 ./Core/Src/wizchip_init.o
 .debug_info    0x00003164      0xa1a ./Core/Src/w5500/Internet/DHCP/dhcp.o
 .debug_info    0x00003b7e      0x761 ./Core/Src/w5500/Internet/DNS/dns.o
 .debug_info    0x000042df      0x535 ./Core/Src/w5500/W5500/w5500.o
 .debug_info    0x00004814      0x723 ./Core/Src/w5500/socket.o
 .debug_info    0x00004f37      0xc72 ./Core/Src/w5500/wizchip_conf.o
 .debug_info    0x00005ba9       0x30 ./Core/Startup/startup_stm32f103rbtx.o
 .debug_info    0x00005bd9      0x700 ./Drivers/STM32F1xx_HAL_Driver/Src/stm32f1xx_hal.o
 .debug_info    0x000062d9      0xa83 ./Drivers/STM32F1xx_HAL_Driver/Src/stm32f1xx_hal_cortex.o
 .debug_info    0x00006d5c      0x5a7 ./Drivers/STM32F1xx_HAL_Driver/Src/stm32f1xx_hal_gpio.o
 .debug_info    0x00007303      0x7d1 ./Drivers/STM32F1xx_HAL_Driver/Src/stm32f1xx_hal_rcc.o
 .debug_info    0x00007ad4     0x14ff ./Drivers/STM32F1xx_HAL_Driver/Src/stm32f1xx_hal_spi.o
 .debug_info    0x00008fd3     0x2fa4 ./Drivers/STM32F1xx_HAL_Driver/Src/stm32f1xx_hal_uart.o

.debug_abbrev   0x00000000     0x265d
 .debug_abbrev  0x00000000      0x38c ./Core/Src/main.o
 .debug_abbrev  0x0000038c      0x1aa ./Core/Src/stm32f1xx_hal_msp.o
 .debug_abbrev  0x00000536       0x9e ./Core/Src/stm32f1xx_it.o
 .debug_abbrev  0x000005d4      0x1b4 ./Core/Src/syscalls.o
 .debug_abbrev  0x00000788       0xba ./Core/Src/sysmem.o
 .debug_abbrev  0x00000842      0x13d ./Core/Src/system_stm32f1xx.o
 .debug_abbrev  0x0000097f      0x26a ./Core/Src/wizchip_init.o
 .debug_abbrev  0x00000be9      0x238 ./Core/Src/w5500/Internet/DHCP/dhcp.o
 .debug_abbrev  0x00000e21      0x237 ./Core/Src/w5500/Internet/DNS/dns.o
 .debug_abbrev  0x00001058      0x21d ./Core/Src/w5500/W5500/w5500.o
 .debug_abbrev  0x00001275      0x1bf ./Core/Src/w5500/socket.o
 .debug_abbrev  0x00001434      0x31f ./Core/Src/w5500/wizchip_conf.o
 .debug_abbrev  0x00001753       0x24 ./Core/Startup/startup_stm32f103rbtx.o
 .debug_abbrev  0x00001777      0x1ff ./Drivers/STM32F1xx_HAL_Driver/Src/stm32f1xx_hal.o
 .debug_abbrev  0x00001976      0x2f6 ./Drivers/STM32F1xx_HAL_Driver/Src/stm32f1xx_hal_cortex.o
 .debug_abbrev  0x00001c6c      0x1c8 ./Drivers/STM32F1xx_HAL_Driver/Src/stm32f1xx_hal_gpio.o
 .debug_abbrev  0x00001e34      0x2b1 ./Drivers/STM32F1xx_HAL_Driver/Src/stm32f1xx_hal_rcc.o
 .debug_abbrev  0x000020e5      0x282 ./Drivers/STM32F1xx_HAL_Driver/Src/stm32f1xx_hal_spi.o
 .debug_abbrev  0x00002367      0x2f6 ./Drivers/STM32F1xx_HAL_Driver/Src/stm32f1xx_hal_uart.o

.debug_aranges  0x00000000      0xc60
 .debug_aranges
                0x00000000       0x68 ./Core/Src/main.o
 .debug_aranges
                0x00000068       0x40 ./Core/Src/stm32f1xx_hal_msp.o
 .debug_aranges
                0x000000a8       0x68 ./Core/Src/stm32f1xx_it.o
 .debug_aranges
                0x00000110       0xa8 ./Core/Src/syscalls.o
 .debug_aranges
                0x000001b8       0x20 ./Core/Src/sysmem.o
 .debug_aranges
                0x000001d8       0x28 ./Core/Src/system_stm32f1xx.o
 .debug_aranges
                0x00000200       0x50 ./Core/Src/wizchip_init.o
 .debug_aranges
                0x00000250       0xc8 ./Core/Src/w5500/Internet/DHCP/dhcp.o
 .debug_aranges
                0x00000318       0x70 ./Core/Src/w5500/Internet/DNS/dns.o
 .debug_aranges
                0x00000388       0x60 ./Core/Src/w5500/W5500/w5500.o
 .debug_aranges
                0x000003e8       0x78 ./Core/Src/w5500/socket.o
 .debug_aranges
                0x00000460      0x138 ./Core/Src/w5500/wizchip_conf.o
 .debug_aranges
                0x00000598       0x28 ./Core/Startup/startup_stm32f103rbtx.o
 .debug_aranges
                0x000005c0       0xe0 ./Drivers/STM32F1xx_HAL_Driver/Src/stm32f1xx_hal.o
 .debug_aranges
                0x000006a0      0x100 ./Drivers/STM32F1xx_HAL_Driver/Src/stm32f1xx_hal_cortex.o
 .debug_aranges
                0x000007a0       0x58 ./Drivers/STM32F1xx_HAL_Driver/Src/stm32f1xx_hal_gpio.o
 .debug_aranges
                0x000007f8       0x90 ./Drivers/STM32F1xx_HAL_Driver/Src/stm32f1xx_hal_rcc.o
 .debug_aranges
                0x00000888      0x1d0 ./Drivers/STM32F1xx_HAL_Driver/Src/stm32f1xx_hal_spi.o
 .debug_aranges
                0x00000a58      0x208 ./Drivers/STM32F1xx_HAL_Driver/Src/stm32f1xx_hal_uart.o

.debug_rnglists
                0x00000000      0x981
 .debug_rnglists
                0x00000000       0x4f ./Core/Src/main.o
 .debug_rnglists
                0x0000004f       0x2c ./Core/Src/stm32f1xx_hal_msp.o
 .debug_rnglists
                0x0000007b       0x49 ./Core/Src/stm32f1xx_it.o
 .debug_rnglists
                0x000000c4       0x79 ./Core/Src/syscalls.o
 .debug_rnglists
                0x0000013d       0x13 ./Core/Src/sysmem.o
 .debug_rnglists
                0x00000150       0x1a ./Core/Src/system_stm32f1xx.o
 .debug_rnglists
                0x0000016a       0x38 ./Core/Src/wizchip_init.o
 .debug_rnglists
                0x000001a2       0x99 ./Core/Src/w5500/Internet/DHCP/dhcp.o
 .debug_rnglists
                0x0000023b       0x54 ./Core/Src/w5500/Internet/DNS/dns.o
 .debug_rnglists
                0x0000028f       0x4c ./Core/Src/w5500/W5500/w5500.o
 .debug_rnglists
                0x000002db       0x6d ./Core/Src/w5500/socket.o
 .debug_rnglists
                0x00000348       0xed ./Core/Src/w5500/wizchip_conf.o
 .debug_rnglists
                0x00000435       0x19 ./Core/Startup/startup_stm32f103rbtx.o
 .debug_rnglists
                0x0000044e       0xa3 ./Drivers/STM32F1xx_HAL_Driver/Src/stm32f1xx_hal.o
 .debug_rnglists
                0x000004f1       0xbb ./Drivers/STM32F1xx_HAL_Driver/Src/stm32f1xx_hal_cortex.o
 .debug_rnglists
                0x000005ac       0x3f ./Drivers/STM32F1xx_HAL_Driver/Src/stm32f1xx_hal_gpio.o
 .debug_rnglists
                0x000005eb       0x6c ./Drivers/STM32F1xx_HAL_Driver/Src/stm32f1xx_hal_rcc.o
 .debug_rnglists
                0x00000657      0x16e ./Drivers/STM32F1xx_HAL_Driver/Src/stm32f1xx_hal_spi.o
 .debug_rnglists
                0x000007c5      0x1bc ./Drivers/STM32F1xx_HAL_Driver/Src/stm32f1xx_hal_uart.o

.debug_line     0x00000000     0xaf35
 .debug_line    0x00000000      0x80b ./Core/Src/main.o
 .debug_line    0x0000080b      0x3af ./Core/Src/stm32f1xx_hal_msp.o
 .debug_line    0x00000bba      0x353 ./Core/Src/stm32f1xx_it.o
 .debug_line    0x00000f0d      0x488 ./Core/Src/syscalls.o
 .debug_line    0x00001395      0x32f ./Core/Src/sysmem.o
 .debug_line    0x000016c4      0x327 ./Core/Src/system_stm32f1xx.o
 .debug_line    0x000019eb      0x3f9 ./Core/Src/wizchip_init.o
 .debug_line    0x00001de4     0x119c ./Core/Src/w5500/Internet/DHCP/dhcp.o
 .debug_line    0x00002f80      0x8d2 ./Core/Src/w5500/Internet/DNS/dns.o
 .debug_line    0x00003852      0x581 ./Core/Src/w5500/W5500/w5500.o
 .debug_line    0x00003dd3      0xb9d ./Core/Src/w5500/socket.o
 .debug_line    0x00004970      0xa54 ./Core/Src/w5500/wizchip_conf.o
 .debug_line    0x000053c4       0x78 ./Core/Startup/startup_stm32f103rbtx.o
 .debug_line    0x0000543c      0x5d4 ./Drivers/STM32F1xx_HAL_Driver/Src/stm32f1xx_hal.o
 .debug_line    0x00005a10      0x751 ./Drivers/STM32F1xx_HAL_Driver/Src/stm32f1xx_hal_cortex.o
 .debug_line    0x00006161      0x61b ./Drivers/STM32F1xx_HAL_Driver/Src/stm32f1xx_hal_gpio.o
 .debug_line    0x0000677c      0x9f4 ./Drivers/STM32F1xx_HAL_Driver/Src/stm32f1xx_hal_rcc.o
 .debug_line    0x00007170     0x1882 ./Drivers/STM32F1xx_HAL_Driver/Src/stm32f1xx_hal_spi.o
 .debug_line    0x000089f2     0x2543 ./Drivers/STM32F1xx_HAL_Driver/Src/stm32f1xx_hal_uart.o

.debug_str      0x00000000     0x39f3
 .debug_str     0x00000000      0xf08 ./Core/Src/main.o
                                0xfd4 (size before relaxing)
 .debug_str     0x00000f08       0xbb ./Core/Src/stm32f1xx_hal_msp.o
                                0x874 (size before relaxing)
 .debug_str     0x00000fc3       0xe5 ./Core/Src/stm32f1xx_it.o
                                0x289 (size before relaxing)
 .debug_str     0x000010a8      0x206 ./Core/Src/syscalls.o
                                0x411 (size before relaxing)
 .debug_str     0x000012ae       0x75 ./Core/Src/sysmem.o
                                0x23d (size before relaxing)
 .debug_str     0x00001323       0x7e ./Core/Src/system_stm32f1xx.o
                                0x279 (size before relaxing)
 .debug_str     0x000013a1      0x1ab ./Core/Src/wizchip_init.o
                                0x7fb (size before relaxing)
 .debug_str     0x0000154c      0x6e7 ./Core/Src/w5500/Internet/DHCP/dhcp.o
                                0x999 (size before relaxing)
 .debug_str     0x00001c33      0x16d ./Core/Src/w5500/Internet/DNS/dns.o
                                0x3d4 (size before relaxing)
 .debug_str     0x00001da0       0xec ./Core/Src/w5500/W5500/w5500.o
                                0x32a (size before relaxing)
 .debug_str     0x00001e8c      0x24f ./Core/Src/w5500/socket.o
                                0x4e7 (size before relaxing)
 .debug_str     0x000020db      0x433 ./Core/Src/w5500/wizchip_conf.o
                                0x943 (size before relaxing)
 .debug_str     0x0000250e       0x44 ./Core/Startup/startup_stm32f103rbtx.o
                                 0x98 (size before relaxing)
 .debug_str     0x00002552      0x2e3 ./Drivers/STM32F1xx_HAL_Driver/Src/stm32f1xx_hal.o
                                0x853 (size before relaxing)
 .debug_str     0x00002835      0x39e ./Drivers/STM32F1xx_HAL_Driver/Src/stm32f1xx_hal_cortex.o
                                0x8f8 (size before relaxing)
 .debug_str     0x00002bd3       0xf3 ./Drivers/STM32F1xx_HAL_Driver/Src/stm32f1xx_hal_gpio.o
                                0x425 (size before relaxing)
 .debug_str     0x00002cc6      0x1e5 ./Drivers/STM32F1xx_HAL_Driver/Src/stm32f1xx_hal_rcc.o
                                0x650 (size before relaxing)
 .debug_str     0x00002eab      0x540 ./Drivers/STM32F1xx_HAL_Driver/Src/stm32f1xx_hal_spi.o
                                0xb8c (size before relaxing)
 .debug_str     0x000033eb      0x608 ./Drivers/STM32F1xx_HAL_Driver/Src/stm32f1xx_hal_uart.o
                                0xd19 (size before relaxing)

.comment        0x00000000       0x43
 .comment       0x00000000       0x43 ./Core/Src/main.o
                                 0x44 (size before relaxing)
 .comment       0x00000043       0x44 ./Core/Src/stm32f1xx_hal_msp.o
 .comment       0x00000043       0x44 ./Core/Src/stm32f1xx_it.o
 .comment       0x00000043       0x44 ./Core/Src/syscalls.o
 .comment       0x00000043       0x44 ./Core/Src/sysmem.o
 .comment       0x00000043       0x44 ./Core/Src/system_stm32f1xx.o
 .comment       0x00000043       0x44 ./Core/Src/wizchip_init.o
 .comment       0x00000043       0x44 ./Core/Src/w5500/Internet/DHCP/dhcp.o
 .comment       0x00000043       0x44 ./Core/Src/w5500/Internet/DNS/dns.o
 .comment       0x00000043       0x44 ./Core/Src/w5500/W5500/w5500.o
 .comment       0x00000043       0x44 ./Core/Src/w5500/socket.o
 .comment       0x00000043       0x44 ./Core/Src/w5500/wizchip_conf.o
 .comment       0x00000043       0x44 ./Drivers/STM32F1xx_HAL_Driver/Src/stm32f1xx_hal.o
 .comment       0x00000043       0x44 ./Drivers/STM32F1xx_HAL_Driver/Src/stm32f1xx_hal_cortex.o
 .comment       0x00000043       0x44 ./Drivers/STM32F1xx_HAL_Driver/Src/stm32f1xx_hal_gpio.o
 .comment       0x00000043       0x44 ./Drivers/STM32F1xx_HAL_Driver/Src/stm32f1xx_hal_rcc.o
 .comment       0x00000043       0x44 ./Drivers/STM32F1xx_HAL_Driver/Src/stm32f1xx_hal_spi.o
 .comment       0x00000043       0x44 ./Drivers/STM32F1xx_HAL_Driver/Src/stm32f1xx_hal_uart.o

.debug_frame    0x00000000     0x3984
 .debug_frame   0x00000000      0x15c ./Core/Src/main.o
 .debug_frame   0x0000015c       0xc8 ./Core/Src/stm32f1xx_hal_msp.o
 .debug_frame   0x00000224      0x120 ./Core/Src/stm32f1xx_it.o
 .debug_frame   0x00000344      0x2ac ./Core/Src/syscalls.o
 .debug_frame   0x000005f0       0x34 ./Core/Src/sysmem.o
 .debug_frame   0x00000624       0x58 ./Core/Src/system_stm32f1xx.o
 .debug_frame   0x0000067c       0xf0 ./Core/Src/wizchip_init.o
 .debug_frame   0x0000076c      0x32c ./Core/Src/w5500/Internet/DHCP/dhcp.o
 .debug_frame   0x00000a98      0x1b0 ./Core/Src/w5500/Internet/DNS/dns.o
 .debug_frame   0x00000c48      0x16c ./Core/Src/w5500/W5500/w5500.o
 .debug_frame   0x00000db4      0x1d4 ./Core/Src/w5500/socket.o
 .debug_frame   0x00000f88      0x534 ./Core/Src/w5500/wizchip_conf.o
 .debug_frame   0x000014bc      0x334 ./Drivers/STM32F1xx_HAL_Driver/Src/stm32f1xx_hal.o
 .debug_frame   0x000017f0      0x428 ./Drivers/STM32F1xx_HAL_Driver/Src/stm32f1xx_hal_cortex.o
 .debug_frame   0x00001c18      0x14c ./Drivers/STM32F1xx_HAL_Driver/Src/stm32f1xx_hal_gpio.o
 .debug_frame   0x00001d64      0x218 ./Drivers/STM32F1xx_HAL_Driver/Src/stm32f1xx_hal_rcc.o
 .debug_frame   0x00001f7c      0x824 ./Drivers/STM32F1xx_HAL_Driver/Src/stm32f1xx_hal_spi.o
 .debug_frame   0x000027a0      0x944 ./Drivers/STM32F1xx_HAL_Driver/Src/stm32f1xx_hal_uart.o