16:24:54 **** Incremental Build of configuration Debug for project STM32f4_GCU ****
make -j12 all 
arm-none-eabi-gcc "../Core/Src/task_light_controller.c" -mcpu=cortex-m4 -std=gnu11 -g3 -DDEBUG -DUSE_HAL_DRIVER -DSTM32F407xx -c -I../Core/Inc -I../Core/Src/w5500/W5500 -I.../mbedtls/library/sha1.c -I../Core/Src/w5500 -I../Drivers/STM32F4xx_HAL_Driver/Inc -I../Drivers/STM32F4xx_HAL_Driver/Inc/Legacy -I../Drivers/CMSIS/Device/ST/STM32F4xx/Include -I../Drivers/CMSIS/Include -I../Middlewares/Third_Party/FreeRTOS/Source/include -I../Middlewares/Third_Party/FreeRTOS/Source/CMSIS_RTOS_V2 -I../Middlewares/Third_Party/FreeRTOS/Source/portable/GCC/ARM_CM4F -O0 -ffunction-sections -fdata-sections -Wall -fstack-usage -fcyclomatic-complexity -MMD -MP -MF"Core/Src/task_light_controller.d" -MT"Core/Src/task_light_controller.o" --specs=nano.specs -mfpu=fpv4-sp-d16 -mfloat-abi=hard -mthumb -o "Core/Src/task_light_controller.o"
arm-none-eabi-gcc "../Core/Src/task_water_controller.c" -mcpu=cortex-m4 -std=gnu11 -g3 -DDEBUG -DUSE_HAL_DRIVER -DSTM32F407xx -c -I../Core/Inc -I../Core/Src/w5500/W5500 -I.../mbedtls/library/sha1.c -I../Core/Src/w5500 -I../Drivers/STM32F4xx_HAL_Driver/Inc -I../Drivers/STM32F4xx_HAL_Driver/Inc/Legacy -I../Drivers/CMSIS/Device/ST/STM32F4xx/Include -I../Drivers/CMSIS/Include -I../Middlewares/Third_Party/FreeRTOS/Source/include -I../Middlewares/Third_Party/FreeRTOS/Source/CMSIS_RTOS_V2 -I../Middlewares/Third_Party/FreeRTOS/Source/portable/GCC/ARM_CM4F -O0 -ffunction-sections -fdata-sections -Wall -fstack-usage -fcyclomatic-complexity -MMD -MP -MF"Core/Src/task_water_controller.d" -MT"Core/Src/task_water_controller.o" --specs=nano.specs -mfpu=fpv4-sp-d16 -mfloat-abi=hard -mthumb -o "Core/Src/task_water_controller.o"
arm-none-eabi-gcc -o "STM32f4_GCU.elf" @"objects.list"   -mcpu=cortex-m4 -T"D:\git\GrowBox_NG\growbox-controller\STM32f4_GCU\STM32F407VGTX_FLASH.ld" --specs=nosys.specs -Wl,-Map="STM32f4_GCU.map" -Wl,--gc-sections -static --specs=nano.specs -mfpu=fpv4-sp-d16 -mfloat-abi=hard -mthumb -Wl,--start-group -lc -lm -Wl,--end-group
C:/ST/STM32CubeIDE_1.15.0/STM32CubeIDE/plugins/com.st.stm32cube.ide.mcu.externaltools.gnu-tools-for-stm32.12.3.rel1.win32_1.0.200.202406191623/tools/bin/../lib/gcc/arm-none-eabi/12.3.1/../../../../arm-none-eabi/bin/ld.exe: C:/ST/STM32CubeIDE_1.15.0/STM32CubeIDE/plugins/com.st.stm32cube.ide.mcu.externaltools.gnu-tools-for-stm32.12.3.rel1.win32_1.0.200.202406191623/tools/bin/../lib/gcc/arm-none-eabi/12.3.1/../../../../arm-none-eabi/lib/thumb/v7e-m+fp/hard\libc_nano.a(libc_a-gettimeofdayr.o): in function `_gettimeofday_r':
(.text._gettimeofday_r+0xe): warning: _gettimeofday is not implemented and will always fail
Finished building target: STM32f4_GCU.elf
 
arm-none-eabi-size  STM32f4_GCU.elf 
arm-none-eabi-objdump -h -S STM32f4_GCU.elf  > "STM32f4_GCU.list"
   text	   data	    bss	    dec	    hex	filename
 130148	    664	 111320	 242132	  3b1d4	STM32f4_GCU.elf
Finished building: default.size.stdout
 
Finished building: STM32f4_GCU.list
 
16:24:58 **** Incremental Build of configuration Debug for project STM32f4_GCU ****
make -j12 all 
arm-none-eabi-size  STM32f4_GCU.elf 
   text	   data	    bss	    dec	    hex	filename
 130148	    664	 111320	 242132	  3b1d4	STM32f4_GCU.elf
Finished building: default.size.stdout
 
