Archive member included to satisfy reference by file (symbol)

C:/ST/STM32CubeIDE_1.15.0/STM32CubeIDE/plugins/com.st.stm32cube.ide.mcu.externaltools.gnu-tools-for-stm32.12.3.rel1.win32_1.0.100.202403111256/tools/bin/../lib/gcc/arm-none-eabi/12.3.1/../../../../arm-none-eabi/lib/thumb/v7-m/nofp\libc_nano.a(libc_a-exit.o)
                              C:/ST/STM32CubeIDE_1.15.0/STM32CubeIDE/plugins/com.st.stm32cube.ide.mcu.externaltools.gnu-tools-for-stm32.12.3.rel1.win32_1.0.100.202403111256/tools/bin/../lib/gcc/arm-none-eabi/12.3.1/../../../../arm-none-eabi/lib/thumb/v7-m/nofp/crt0.o (exit)
C:/ST/STM32CubeIDE_1.15.0/STM32CubeIDE/plugins/com.st.stm32cube.ide.mcu.externaltools.gnu-tools-for-stm32.12.3.rel1.win32_1.0.100.202403111256/tools/bin/../lib/gcc/arm-none-eabi/12.3.1/../../../../arm-none-eabi/lib/thumb/v7-m/nofp\libc_nano.a(libc_a-findfp.o)
                              C:/ST/STM32CubeIDE_1.15.0/STM32CubeIDE/plugins/com.st.stm32cube.ide.mcu.externaltools.gnu-tools-for-stm32.12.3.rel1.win32_1.0.100.202403111256/tools/bin/../lib/gcc/arm-none-eabi/12.3.1/../../../../arm-none-eabi/lib/thumb/v7-m/nofp\libc_nano.a(libc_a-exit.o) (__stdio_exit_handler)
C:/ST/STM32CubeIDE_1.15.0/STM32CubeIDE/plugins/com.st.stm32cube.ide.mcu.externaltools.gnu-tools-for-stm32.12.3.rel1.win32_1.0.100.202403111256/tools/bin/../lib/gcc/arm-none-eabi/12.3.1/../../../../arm-none-eabi/lib/thumb/v7-m/nofp\libc_nano.a(libc_a-fwalk.o)
                              C:/ST/STM32CubeIDE_1.15.0/STM32CubeIDE/plugins/com.st.stm32cube.ide.mcu.externaltools.gnu-tools-for-stm32.12.3.rel1.win32_1.0.100.202403111256/tools/bin/../lib/gcc/arm-none-eabi/12.3.1/../../../../arm-none-eabi/lib/thumb/v7-m/nofp\libc_nano.a(libc_a-findfp.o) (_fwalk_sglue)
C:/ST/STM32CubeIDE_1.15.0/STM32CubeIDE/plugins/com.st.stm32cube.ide.mcu.externaltools.gnu-tools-for-stm32.12.3.rel1.win32_1.0.100.202403111256/tools/bin/../lib/gcc/arm-none-eabi/12.3.1/../../../../arm-none-eabi/lib/thumb/v7-m/nofp\libc_nano.a(libc_a-printf.o)
                              ./Core/Src/mqtt_client.o (printf)
C:/ST/STM32CubeIDE_1.15.0/STM32CubeIDE/plugins/com.st.stm32cube.ide.mcu.externaltools.gnu-tools-for-stm32.12.3.rel1.win32_1.0.100.202403111256/tools/bin/../lib/gcc/arm-none-eabi/12.3.1/../../../../arm-none-eabi/lib/thumb/v7-m/nofp\libc_nano.a(libc_a-puts.o)
                              ./Core/Src/main.o (puts)
C:/ST/STM32CubeIDE_1.15.0/STM32CubeIDE/plugins/com.st.stm32cube.ide.mcu.externaltools.gnu-tools-for-stm32.12.3.rel1.win32_1.0.100.202403111256/tools/bin/../lib/gcc/arm-none-eabi/12.3.1/../../../../arm-none-eabi/lib/thumb/v7-m/nofp\libc_nano.a(libc_a-snprintf.o)
                              ./Core/Src/w5500/MQTT/MQTTPacket/src/MQTTFormat.o (snprintf)
C:/ST/STM32CubeIDE_1.15.0/STM32CubeIDE/plugins/com.st.stm32cube.ide.mcu.externaltools.gnu-tools-for-stm32.12.3.rel1.win32_1.0.100.202403111256/tools/bin/../lib/gcc/arm-none-eabi/12.3.1/../../../../arm-none-eabi/lib/thumb/v7-m/nofp\libc_nano.a(libc_a-sprintf.o)
                              ./Core/Src/mqtt_client.o (sprintf)
C:/ST/STM32CubeIDE_1.15.0/STM32CubeIDE/plugins/com.st.stm32cube.ide.mcu.externaltools.gnu-tools-for-stm32.12.3.rel1.win32_1.0.100.202403111256/tools/bin/../lib/gcc/arm-none-eabi/12.3.1/../../../../arm-none-eabi/lib/thumb/v7-m/nofp\libc_nano.a(libc_a-stdio.o)
                              C:/ST/STM32CubeIDE_1.15.0/STM32CubeIDE/plugins/com.st.stm32cube.ide.mcu.externaltools.gnu-tools-for-stm32.12.3.rel1.win32_1.0.100.202403111256/tools/bin/../lib/gcc/arm-none-eabi/12.3.1/../../../../arm-none-eabi/lib/thumb/v7-m/nofp\libc_nano.a(libc_a-findfp.o) (__sread)
C:/ST/STM32CubeIDE_1.15.0/STM32CubeIDE/plugins/com.st.stm32cube.ide.mcu.externaltools.gnu-tools-for-stm32.12.3.rel1.win32_1.0.100.202403111256/tools/bin/../lib/gcc/arm-none-eabi/12.3.1/../../../../arm-none-eabi/lib/thumb/v7-m/nofp\libc_nano.a(libc_a-wbuf.o)
                              C:/ST/STM32CubeIDE_1.15.0/STM32CubeIDE/plugins/com.st.stm32cube.ide.mcu.externaltools.gnu-tools-for-stm32.12.3.rel1.win32_1.0.100.202403111256/tools/bin/../lib/gcc/arm-none-eabi/12.3.1/../../../../arm-none-eabi/lib/thumb/v7-m/nofp\libc_nano.a(libc_a-puts.o) (__swbuf_r)
C:/ST/STM32CubeIDE_1.15.0/STM32CubeIDE/plugins/com.st.stm32cube.ide.mcu.externaltools.gnu-tools-for-stm32.12.3.rel1.win32_1.0.100.202403111256/tools/bin/../lib/gcc/arm-none-eabi/12.3.1/../../../../arm-none-eabi/lib/thumb/v7-m/nofp\libc_nano.a(libc_a-wsetup.o)
                              C:/ST/STM32CubeIDE_1.15.0/STM32CubeIDE/plugins/com.st.stm32cube.ide.mcu.externaltools.gnu-tools-for-stm32.12.3.rel1.win32_1.0.100.202403111256/tools/bin/../lib/gcc/arm-none-eabi/12.3.1/../../../../arm-none-eabi/lib/thumb/v7-m/nofp\libc_nano.a(libc_a-puts.o) (__swsetup_r)
C:/ST/STM32CubeIDE_1.15.0/STM32CubeIDE/plugins/com.st.stm32cube.ide.mcu.externaltools.gnu-tools-for-stm32.12.3.rel1.win32_1.0.100.202403111256/tools/bin/../lib/gcc/arm-none-eabi/12.3.1/../../../../arm-none-eabi/lib/thumb/v7-m/nofp\libc_nano.a(libc_a-memcmp.o)
[...]
Memory Configuration

Name             Origin             Length             Attributes
RAM              0x20000000         0x00005000         xrw
FLASH            0x08000000         0x00020000         xr
*default*        0x00000000         0xffffffff

Linker script and memory map

LOAD C:/ST/STM32CubeIDE_1.15.0/STM32CubeIDE/plugins/com.st.stm32cube.ide.mcu.externaltools.gnu-tools-for-stm32.12.3.rel1.win32_1.0.100.202403111256/tools/bin/../lib/gcc/arm-none-eabi/12.3.1/thumb/v7-m/nofp/crti.o
LOAD C:/ST/STM32CubeIDE_1.15.0/STM32CubeIDE/plugins/com.st.stm32cube.ide.mcu.externaltools.gnu-tools-for-stm32.12.3.rel1.win32_1.0.100.202403111256/tools/bin/../lib/gcc/arm-none-eabi/12.3.1/thumb/v7-m/nofp/crtbegin.o
LOAD C:/ST/STM32CubeIDE_1.15.0/STM32CubeIDE/plugins/com.st.stm32cube.ide.mcu.externaltools.gnu-tools-for-stm32.12.3.rel1.win32_1.0.100.202403111256/tools/bin/../lib/gcc/arm-none-eabi/12.3.1/../../../../arm-none-eabi/lib/thumb/v7-m/nofp/crt0.o
LOAD ./Core/Src/main.o
LOAD ./Core/Src/mqtt_client.o
LOAD ./Core/Src/network.o
LOAD ./Core/Src/stm32f1xx_hal_msp.o
LOAD ./Core/Src/stm32f1xx_it.o
LOAD ./Core/Src/syscalls.o
LOAD ./Core/Src/sysmem.o
LOAD ./Core/Src/system_stm32f1xx.o
LOAD ./Core/Src/uart_redirect.o
LOAD ./Core/Src/wizchip_init.o
LOAD ./Core/Src/w5500/DHCP/dhcp.o
LOAD ./Core/Src/w5500/DNS/dns.o
LOAD ./Core/Src/w5500/MQTT/MQTTClient.o
LOAD ./Core/Src/w5500/MQTT/mqtt_interface.o
LOAD ./Core/Src/w5500/MQTT/MQTTPacket/src/MQTTConnectClient.o
LOAD ./Core/Src/w5500/MQTT/MQTTPacket/src/MQTTConnectServer.o
LOAD ./Core/Src/w5500/MQTT/MQTTPacket/src/MQTTDeserializePublish.o
LOAD ./Core/Src/w5500/MQTT/MQTTPacket/src/MQTTFormat.o
LOAD ./Core/Src/w5500/MQTT/MQTTPacket/src/MQTTPacket.o
LOAD ./Core/Src/w5500/MQTT/MQTTPacket/src/MQTTSerializePublish.o
LOAD ./Core/Src/w5500/MQTT/MQTTPacket/src/MQTTSubscribeClient.o
LOAD ./Core/Src/w5500/MQTT/MQTTPacket/src/MQTTSubscribeServer.o
LOAD ./Core/Src/w5500/MQTT/MQTTPacket/src/MQTTUnsubscribeClient.o
LOAD ./Core/Src/w5500/MQTT/MQTTPacket/src/MQTTUnsubscribeServer.o
LOAD ./Core/Src/w5500/W5500/w5500.o
LOAD ./Core/Src/w5500/socket.o
LOAD ./Core/Src/w5500/wizchip_conf.o
LOAD ./Core/Startup/startup_stm32f103rbtx.o
LOAD ./Drivers/STM32F1xx_HAL_Driver/Src/stm32f1xx_hal.o
LOAD ./Drivers/STM32F1xx_HAL_Driver/Src/stm32f1xx_hal_cortex.o
LOAD ./Drivers/STM32F1xx_HAL_Driver/Src/stm32f1xx_hal_dma.o
LOAD ./Drivers/STM32F1xx_HAL_Driver/Src/stm32f1xx_hal_exti.o
LOAD ./Drivers/STM32F1xx_HAL_Driver/Src/stm32f1xx_hal_flash.o
LOAD ./Drivers/STM32F1xx_HAL_Driver/Src/stm32f1xx_hal_flash_ex.o
LOAD ./Drivers/STM32F1xx_HAL_Driver/Src/stm32f1xx_hal_gpio.o
LOAD ./Drivers/STM32F1xx_HAL_Driver/Src/stm32f1xx_hal_gpio_ex.o
LOAD ./Drivers/STM32F1xx_HAL_Driver/Src/stm32f1xx_hal_pwr.o
LOAD ./Drivers/STM32F1xx_HAL_Driver/Src/stm32f1xx_hal_rcc.o
LOAD ./Drivers/STM32F1xx_HAL_Driver/Src/stm32f1xx_hal_rcc_ex.o
LOAD ./Drivers/STM32F1xx_HAL_Driver/Src/stm32f1xx_hal_spi.o
LOAD ./Drivers/STM32F1xx_HAL_Driver/Src/stm32f1xx_hal_tim.o
LOAD ./Drivers/STM32F1xx_HAL_Driver/Src/stm32f1xx_hal_tim_ex.o
LOAD ./Drivers/STM32F1xx_HAL_Driver/Src/stm32f1xx_hal_uart.o
START GROUP
LOAD C:/ST/STM32CubeIDE_1.15.0/STM32CubeIDE/plugins/com.st.stm32cube.ide.mcu.externaltools.gnu-tools-for-stm32.12.3.rel1.win32_1.0.100.202403111256/tools/bin/../lib/gcc/arm-none-eabi/12.3.1/../../../../arm-none-eabi/lib/thumb/v7-m/nofp\libc_nano.a
LOAD C:/ST/STM32CubeIDE_1.15.0/STM32CubeIDE/plugins/com.st.stm32cube.ide.mcu.externaltools.gnu-tools-for-stm32.12.3.rel1.win32_1.0.100.202403111256/tools/bin/../lib/gcc/arm-none-eabi/12.3.1/../../../../arm-none-eabi/lib/thumb/v7-m/nofp\libm.a
END GROUP
START GROUP
LOAD C:/ST/STM32CubeIDE_1.15.0/STM32CubeIDE/plugins/com.st.stm32cube.ide.mcu.externaltools.gnu-tools-for-stm32.12.3.rel1.win32_1.0.100.202403111256/tools/bin/../lib/gcc/arm-none-eabi/12.3.1/thumb/v7-m/nofp\libgcc.a
LOAD C:/ST/STM32CubeIDE_1.15.0/STM32CubeIDE/plugins/com.st.stm32cube.ide.mcu.externaltools.gnu-tools-for-stm32.12.3.rel1.win32_1.0.100.202403111256/tools/bin/../lib/gcc/arm-none-eabi/12.3.1/../../../../arm-none-eabi/lib/thumb/v7-m/nofp\libc_nano.a
END GROUP
START GROUP
LOAD C:/ST/STM32CubeIDE_1.15.0/STM32CubeIDE/plugins/com.st.stm32cube.ide.mcu.externaltools.gnu-tools-for-stm32.12.3.rel1.win32_1.0.100.202403111256/tools/bin/../lib/gcc/arm-none-eabi/12.3.1/thumb/v7-m/nofp\libgcc.a
LOAD C:/ST/STM32CubeIDE_1.15.0/STM32CubeIDE/plugins/com.st.stm32cube.ide.mcu.externaltools.gnu-tools-for-stm32.12.3.rel1.win32_1.0.100.202403111256/tools/bin/../lib/gcc/arm-none-eabi/12.3.1/../../../../arm-none-eabi/lib/thumb/v7-m/nofp\libc_nano.a
LOAD C:/ST/STM32CubeIDE_1.15.0/STM32CubeIDE/plugins/com.st.stm32cube.ide.mcu.externaltools.gnu-tools-for-stm32.12.3.rel1.win32_1.0.100.202403111256/tools/bin/../lib/gcc/arm-none-eabi/12.3.1/../../../../arm-none-eabi/lib/thumb/v7-m/nofp\libnosys.a
END GROUP
START GROUP
LOAD C:/ST/STM32CubeIDE_1.15.0/STM32CubeIDE/plugins/com.st.stm32cube.ide.mcu.externaltools.gnu-tools-for-stm32.12.3.rel1.win32_1.0.100.202403111256/tools/bin/../lib/gcc/arm-none-eabi/12.3.1/thumb/v7-m/nofp\libgcc.a
LOAD C:/ST/STM32CubeIDE_1.15.0/STM32CubeIDE/plugins/com.st.stm32cube.ide.mcu.externaltools.gnu-tools-for-stm32.12.3.rel1.win32_1.0.100.202403111256/tools/bin/../lib/gcc/arm-none-eabi/12.3.1/../../../../arm-none-eabi/lib/thumb/v7-m/nofp\libc_nano.a
LOAD C:/ST/STM32CubeIDE_1.15.0/STM32CubeIDE/plugins/com.st.stm32cube.ide.mcu.externaltools.gnu-tools-for-stm32.12.3.rel1.win32_1.0.100.202403111256/tools/bin/../lib/gcc/arm-none-eabi/12.3.1/../../../../arm-none-eabi/lib/thumb/v7-m/nofp\libnosys.a
END GROUP
LOAD C:/ST/STM32CubeIDE_1.15.0/STM32CubeIDE/plugins/com.st.stm32cube.ide.mcu.externaltools.gnu-tools-for-stm32.12.3.rel1.win32_1.0.100.202403111256/tools/bin/../lib/gcc/arm-none-eabi/12.3.1/thumb/v7-m/nofp/crtend.o
LOAD C:/ST/STM32CubeIDE_1.15.0/STM32CubeIDE/plugins/com.st.stm32cube.ide.mcu.externaltools.gnu-tools-for-stm32.12.3.rel1.win32_1.0.100.202403111256/tools/bin/../lib/gcc/arm-none-eabi/12.3.1/thumb/v7-m/nofp/crtn.o
                0x20005000                        _estack = (ORIGIN (RAM) + LENGTH (RAM))
                0x00000200                        _Min_Heap_Size = 0x200
                0x00000400                        _Min_Stack_Size = 0x400

.isr_vector     0x08000000      0x10c
                0x08000000                        . = ALIGN (0x4)
 *(.isr_vector)
 .isr_vector    0x08000000      0x10c ./Core/Startup/startup_stm32f103rbtx.o
                0x08000000                g_pfnVectors
                0x0800010c                        . = ALIGN (0x4)

.text           0x0800010c     0x8f0c
                0x0800010c                        . = ALIGN (0x4)
 *(.text)
 .text          0x0800010c       0x40 C:/ST/STM32CubeIDE_1.15.0/STM32CubeIDE/plugins/com.st.stm32cube.ide.mcu.externaltools.gnu-tools-for-stm32.12.3.rel1.win32_1.0.100.202403111256/tools/bin/../lib/gcc/arm-none-eabi/12.3.1/thumb/v7-m/nofp/crtbegin.o
 .text          0x0800014c       0x10 C:/ST/STM32CubeIDE_1.15.0/STM32CubeIDE/plugins/com.st.stm32cube.ide.mcu.externaltools.gnu-tools-for-stm32.12.3.rel1.win32_1.0.100.202403111256/tools/bin/../lib/gcc/arm-none-eabi/12.3.1/../../../../arm-none-eabi/lib/thumb/v7-m/nofp\libc_nano.a(libc_a-strlen.o)
                0x0800014c                strlen
 *(.text*)
 .text.main     0x0800015c       0x78 ./Core/Src/main.o
                0x0800015c                main
 .text.SystemClock_Config
                0x080001d4       0x82 ./Core/Src/main.o
                0x080001d4                SystemClock_Config
 *fill*         0x08000256        0x2 
 .text.MX_SPI2_Init
                0x08000258       0x6c ./Core/Src/main.o
 .text.MX_USART2_UART_Init
                0x080002c4       0x54 ./Core/Src/main.o
 .text.MX_GPIO_Init
                0x08000318      0x108 ./Core/Src/main.o
 .text.Error_Handler
                0x08000420        0xc ./Core/Src/main.o
                0x08000420                Error_Handler
 .text.GetSTM32UID
                0x0800042c       0x44 ./Core/Src/mqtt_client.o
                0x0800042c                GetSTM32UID
 .text.messageArrived
                0x08000470       0x8c ./Core/Src/mqtt_client.o
                0x08000470                messageArrived
 .text.mqtt_client_init
                0x080004fc      0x110 ./Core/Src/mqtt_client.o
                0x080004fc                mqtt_client_init
 .text.print_network_information
                0x0800060c       0xe0 ./Core/Src/network.o
                0x0800060c                print_network_information
 .text.process_dhcp
                0x080006ec       0x88 ./Core/Src/network.o
                0x080006ec                process_dhcp
 .text.process_dns
                0x08000774       0x88 ./Core/Src/network.o
                0x08000774                process_dns
 .text.initialize_network
                0x080007fc       0xec ./Core/Src/network.o
                0x080007fc                initialize_network
 .text.HAL_MspInit
                0x080008e8       0x64 ./Core/Src/stm32f1xx_hal_msp.o
                0x080008e8                HAL_MspInit
 .text.HAL_SPI_MspInit
                0x0800094c       0x98 ./Core/Src/stm32f1xx_hal_msp.o
                0x0800094c                HAL_SPI_MspInit
 .text.HAL_UART_MspInit
                0x080009e4       0x7c ./Core/Src/stm32f1xx_hal_msp.o
                0x080009e4                HAL_UART_MspInit
 .text.NMI_Handler
                0x08000a60        0x8 ./Core/Src/stm32f1xx_it.o
                0x08000a60                NMI_Handler
 .text.HardFault_Handler
                0x08000a68        0x8 ./Core/Src/stm32f1xx_it.o
                0x08000a68                HardFault_Handler
 .text.MemManage_Handler
                0x08000a70        0x8 ./Core/Src/stm32f1xx_it.o
                0x08000a70                MemManage_Handler
 .text.BusFault_Handler
                0x08000a78        0x8 ./Core/Src/stm32f1xx_it.o
                0x08000a78                BusFault_Handler
 .text.UsageFault_Handler
                0x08000a80        0x8 ./Core/Src/stm32f1xx_it.o
                0x08000a80                UsageFault_Handler
 .text.SVC_Handler
                0x08000a88        0xc ./Core/Src/stm32f1xx_it.o
                0x08000a88                SVC_Handler
 .text.DebugMon_Handler
                0x08000a94        0xc ./Core/Src/stm32f1xx_it.o
                0x08000a94                DebugMon_Handler
 .text.PendSV_Handler
                0x08000aa0        0xc ./Core/Src/stm32f1xx_it.o
                0x08000aa0                PendSV_Handler
 .text.SysTick_Handler
                0x08000aac        0xc ./Core/Src/stm32f1xx_it.o
                0x08000aac                SysTick_Handler
 .text.EXTI15_10_IRQHandler
                0x08000ab8       0x10 ./Core/Src/stm32f1xx_it.o
                0x08000ab8                EXTI15_10_IRQHandler
 .text._read    0x08000ac8       0x3a ./Core/Src/syscalls.o
                0x08000ac8                _read
 .text._close   0x08000b02       0x16 ./Core/Src/syscalls.o
                0x08000b02                _close
 .text._fstat   0x08000b18       0x1e ./Core/Src/syscalls.o
                0x08000b18                _fstat
 .text._isatty  0x08000b36       0x14 ./Core/Src/syscalls.o
                0x08000b36                _isatty
 .text._lseek   0x08000b4a       0x18 ./Core/Src/syscalls.o
                0x08000b4a                _lseek
 *fill*         0x08000b62        0x2 
 .text._sbrk    0x08000b64       0x6c ./Core/Src/sysmem.o
                0x08000b64                _sbrk
 .text.SystemInit
                0x08000bd0        0xc ./Core/Src/system_stm32f1xx.o
                0x08000bd0                SystemInit
 .text._write   0x08000bdc       0x40 ./Core/Src/uart_redirect.o
                0x08000bdc                _write
 .text.WIZCHIPInitialize
                0x08000c1c       0x84 ./Core/Src/wizchip_init.o
                0x08000c1c                WIZCHIPInitialize
 .text.resetAssert
                0x08000ca0       0x18 ./Core/Src/wizchip_init.o
                0x08000ca0                resetAssert
 .text.resetDeassert
                0x08000cb8       0x18 ./Core/Src/wizchip_init.o
                0x08000cb8                resetDeassert
 .text.csEnable
                0x08000cd0       0x18 ./Core/Src/wizchip_init.o
                0x08000cd0                csEnable
 .text.csDisable
                0x08000ce8       0x18 ./Core/Src/wizchip_init.o
                0x08000ce8                csDisable
 .text.spiWriteByte
                0x08000d00       0x28 ./Core/Src/wizchip_init.o
                0x08000d00                spiWriteByte
 .text.spiReadByte
                0x08000d28       0x2c ./Core/Src/wizchip_init.o
                0x08000d28                spiReadByte
 .text.default_ip_assign
                0x08000d54       0x38 ./Core/Src/w5500/DHCP/dhcp.o
                0x08000d54                default_ip_assign
 .text.default_ip_update
                0x08000d8c       0x2c ./Core/Src/w5500/DHCP/dhcp.o
                0x08000d8c                default_ip_update
 .text.default_ip_conflict
                0x08000db8       0x28 ./Core/Src/w5500/DHCP/dhcp.o
                0x08000db8                default_ip_conflict
 .text.makeDHCPMSG
                0x08000de0      0x1ec ./Core/Src/w5500/DHCP/dhcp.o
                0x08000de0                makeDHCPMSG
 .text.send_DHCP_DISCOVER
                0x08000fcc      0x38c ./Core/Src/w5500/DHCP/dhcp.o
                0x08000fcc                send_DHCP_DISCOVER
 .text.send_DHCP_REQUEST
                0x08001358      0x514 ./Core/Src/w5500/DHCP/dhcp.o
                0x08001358                send_DHCP_REQUEST
 .text.send_DHCP_DECLINE
                0x0800186c      0x2a4 ./Core/Src/w5500/DHCP/dhcp.o
                0x0800186c                send_DHCP_DECLINE
 .text.parseDHCPMSG
                0x08001b10      0x43c ./Core/Src/w5500/DHCP/dhcp.o
                0x08001b10                parseDHCPMSG
 .text.DHCP_run
                0x08001f4c      0x234 ./Core/Src/w5500/DHCP/dhcp.o
                0x08001f4c                DHCP_run
 .text.DHCP_stop
                0x08002180       0x20 ./Core/Src/w5500/DHCP/dhcp.o
                0x08002180                DHCP_stop
 .text.check_DHCP_timeout
                0x080021a0       0xc0 ./Core/Src/w5500/DHCP/dhcp.o
                0x080021a0                check_DHCP_timeout
 .text.check_DHCP_leasedIP
                0x08002260       0x7c ./Core/Src/w5500/DHCP/dhcp.o
                0x08002260                check_DHCP_leasedIP
 .text.DHCP_init
                0x080022dc      0x128 ./Core/Src/w5500/DHCP/dhcp.o
                0x080022dc                DHCP_init
 .text.reset_DHCP_timeout
                0x08002404       0x2c ./Core/Src/w5500/DHCP/dhcp.o
                0x08002404                reset_DHCP_timeout
 .text.getDHCPLeasetime
                0x08002430       0x14 ./Core/Src/w5500/DHCP/dhcp.o
                0x08002430                getDHCPLeasetime
 .text.NibbleToHex
                0x08002444       0x30 ./Core/Src/w5500/DHCP/dhcp.o
                0x08002444                NibbleToHex
 .text.get16    0x08002474       0x2c ./Core/Src/w5500/DNS/dns.o
                0x08002474                get16
 .text.put16    0x080024a0       0x34 ./Core/Src/w5500/DNS/dns.o
                0x080024a0                put16
 .text.parse_name
                0x080024d4      0x10c ./Core/Src/w5500/DNS/dns.o
                0x080024d4                parse_name
 .text.dns_question
                0x080025e0       0x4a ./Core/Src/w5500/DNS/dns.o
                0x080025e0                dns_question
 .text.dns_answer
                0x0800262a      0x228 ./Core/Src/w5500/DNS/dns.o
                0x0800262a                dns_answer
 .text.parseDNSMSG
                0x08002852      0x18e ./Core/Src/w5500/DNS/dns.o
                0x08002852                parseDNSMSG
 .text.dns_makequery
                0x080029e0      0x17c ./Core/Src/w5500/DNS/dns.o
                0x080029e0                dns_makequery
 .text.check_DNS_timeout
                0x08002b5c       0x48 ./Core/Src/w5500/DNS/dns.o
                0x08002b5c                check_DNS_timeout
 .text.DNS_init
                0x08002ba4       0x38 ./Core/Src/w5500/DNS/dns.o
                0x08002ba4                DNS_init
 .text.DNS_run  0x08002bdc      0x10c ./Core/Src/w5500/DNS/dns.o
                0x08002bdc                DNS_run
 .text.NewMessageData
                0x08002ce8       0x22 ./Core/Src/w5500/MQTT/MQTTClient.o
 .text.getNextPacketId
                0x08002d0a       0x30 ./Core/Src/w5500/MQTT/MQTTClient.o
 .text.sendPacket
                0x08002d3a       0x92 ./Core/Src/w5500/MQTT/MQTTClient.o
 .text.MQTTClientInit
                0x08002dcc       0x7c ./Core/Src/w5500/MQTT/MQTTClient.o
                0x08002dcc                MQTTClientInit
 .text.decodePacket
                0x08002e48       0x88 ./Core/Src/w5500/MQTT/MQTTClient.o
 .text.readPacket
                0x08002ed0       0xc8 ./Core/Src/w5500/MQTT/MQTTClient.o
 .text.isTopicMatched
                0x08002f98       0xd0 ./Core/Src/w5500/MQTT/MQTTClient.o
 .text.deliverMessage
                0x08003068       0xd6 ./Core/Src/w5500/MQTT/MQTTClient.o
                0x08003068                deliverMessage
 .text.keepalive
                0x0800313e       0x8e ./Core/Src/w5500/MQTT/MQTTClient.o
                0x0800313e                keepalive
 .text.cycle    0x080031cc      0x1c8 ./Core/Src/w5500/MQTT/MQTTClient.o
                0x080031cc                cycle
 .text.MQTTYield
                0x08003394       0x4a ./Core/Src/w5500/MQTT/MQTTClient.o
                0x08003394                MQTTYield
 .text.waitfor  0x080033de       0x3e ./Core/Src/w5500/MQTT/MQTTClient.o
                0x080033de                waitfor
 .text.MQTTConnect
                0x0800341c      0x10c ./Core/Src/w5500/MQTT/MQTTClient.o
                0x0800341c                MQTTConnect
 .text.MQTTSubscribe
                0x08003528      0x152 ./Core/Src/w5500/MQTT/MQTTClient.o
                0x08003528                MQTTSubscribe
 .text.TimerInit
                0x0800367a       0x18 ./Core/Src/w5500/MQTT/mqtt_interface.o
                0x0800367a                TimerInit
 *fill*         0x08003692        0x2 
 .text.TimerIsExpired
                0x08003694       0x28 ./Core/Src/w5500/MQTT/mqtt_interface.o
                0x08003694                TimerIsExpired
 .text.TimerCountdownMS
                0x080036bc       0x24 ./Core/Src/w5500/MQTT/mqtt_interface.o
                0x080036bc                TimerCountdownMS
 .text.TimerCountdown
                0x080036e0       0x2c ./Core/Src/w5500/MQTT/mqtt_interface.o
                0x080036e0                TimerCountdown
 .text.TimerLeftMS
                0x0800370c       0x28 ./Core/Src/w5500/MQTT/mqtt_interface.o
                0x0800370c                TimerLeftMS
 .text.NewNetwork
                0x08003734       0x38 ./Core/Src/w5500/MQTT/mqtt_interface.o
                0x08003734                NewNetwork
 .text.w5x00_read
                0x0800376c       0x5a ./Core/Src/w5500/MQTT/mqtt_interface.o
                0x0800376c                w5x00_read
 .text.w5x00_write
                0x080037c6       0x48 ./Core/Src/w5500/MQTT/mqtt_interface.o
                0x080037c6                w5x00_write
 .text.w5x00_disconnect
                0x0800380e       0x1c ./Core/Src/w5500/MQTT/mqtt_interface.o
                0x0800380e                w5x00_disconnect
 .text.ConnectNetwork
                0x0800382a       0x58 ./Core/Src/w5500/MQTT/mqtt_interface.o
                0x0800382a                ConnectNetwork
 .text.MQTTSerialize_connectLength
                0x08003882       0xc2 ./Core/Src/w5500/MQTT/MQTTPacket/src/MQTTConnectClient.o
                0x08003882                MQTTSerialize_connectLength
 .text.MQTTSerialize_connect
                0x08003944      0x1d8 ./Core/Src/w5500/MQTT/MQTTPacket/src/MQTTConnectClient.o
                0x08003944                MQTTSerialize_connect
 .text.MQTTDeserialize_connack
                0x08003b1c       0xaa ./Core/Src/w5500/MQTT/MQTTPacket/src/MQTTConnectClient.o
                0x08003b1c                MQTTDeserialize_connack
 .text.MQTTSerialize_zero
                0x08003bc6       0x70 ./Core/Src/w5500/MQTT/MQTTPacket/src/MQTTConnectClient.o
                0x08003bc6                MQTTSerialize_zero
 .text.MQTTSerialize_pingreq
                0x08003c36       0x1e ./Core/Src/w5500/MQTT/MQTTPacket/src/MQTTConnectClient.o
                0x08003c36                MQTTSerialize_pingreq
 .text.MQTTDeserialize_publish
                0x08003c54       0xe4 ./Core/Src/w5500/MQTT/MQTTPacket/src/MQTTDeserializePublish.o
                0x08003c54                MQTTDeserialize_publish
 .text.MQTTDeserialize_ack
                0x08003d38       0x96 ./Core/Src/w5500/MQTT/MQTTPacket/src/MQTTDeserializePublish.o
                0x08003d38                MQTTDeserialize_ack
 .text.MQTTPacket_encode
                0x08003dce       0x5c ./Core/Src/w5500/MQTT/MQTTPacket/src/MQTTPacket.o
                0x08003dce                MQTTPacket_encode
 .text.MQTTPacket_decode
                0x08003e2a       0x78 ./Core/Src/w5500/MQTT/MQTTPacket/src/MQTTPacket.o
                0x08003e2a                MQTTPacket_decode
 *fill*         0x08003ea2        0x2 
 .text.MQTTPacket_len
                0x08003ea4       0x54 ./Core/Src/w5500/MQTT/MQTTPacket/src/MQTTPacket.o
                0x08003ea4                MQTTPacket_len
 .text.bufchar  0x08003ef8       0x40 ./Core/Src/w5500/MQTT/MQTTPacket/src/MQTTPacket.o
                0x08003ef8                bufchar
 .text.MQTTPacket_decodeBuf
                0x08003f38       0x2c ./Core/Src/w5500/MQTT/MQTTPacket/src/MQTTPacket.o
                0x08003f38                MQTTPacket_decodeBuf
 .text.readInt  0x08003f64       0x34 ./Core/Src/w5500/MQTT/MQTTPacket/src/MQTTPacket.o
                0x08003f64                readInt
 .text.readChar
                0x08003f98       0x26 ./Core/Src/w5500/MQTT/MQTTPacket/src/MQTTPacket.o
                0x08003f98                readChar
 .text.writeChar
                0x08003fbe       0x28 ./Core/Src/w5500/MQTT/MQTTPacket/src/MQTTPacket.o
                0x08003fbe                writeChar
 .text.writeInt
                0x08003fe6       0x50 ./Core/Src/w5500/MQTT/MQTTPacket/src/MQTTPacket.o
                0x08003fe6                writeInt
 .text.writeCString
                0x08004036       0x3e ./Core/Src/w5500/MQTT/MQTTPacket/src/MQTTPacket.o
                0x08004036                writeCString
 .text.writeMQTTString
                0x08004074       0x5c ./Core/Src/w5500/MQTT/MQTTPacket/src/MQTTPacket.o
                0x08004074                writeMQTTString
 .text.readMQTTLenString
                0x080040d0       0x62 ./Core/Src/w5500/MQTT/MQTTPacket/src/MQTTPacket.o
                0x080040d0                readMQTTLenString
 .text.MQTTstrlen
                0x08004132       0x32 ./Core/Src/w5500/MQTT/MQTTPacket/src/MQTTPacket.o
                0x08004132                MQTTstrlen
 .text.MQTTPacket_equals
                0x08004164       0x6e ./Core/Src/w5500/MQTT/MQTTPacket/src/MQTTPacket.o
                0x08004164                MQTTPacket_equals
 .text.MQTTSerialize_ack
                0x080041d2       0xaa ./Core/Src/w5500/MQTT/MQTTPacket/src/MQTTSerializePublish.o
                0x080041d2                MQTTSerialize_ack
 .text.MQTTSerialize_subscribeLength
                0x0800427c       0x4e ./Core/Src/w5500/MQTT/MQTTPacket/src/MQTTSubscribeClient.o
                0x0800427c                MQTTSerialize_subscribeLength
 .text.MQTTSerialize_subscribe
                0x080042ca       0xf4 ./Core/Src/w5500/MQTT/MQTTPacket/src/MQTTSubscribeClient.o
                0x080042ca                MQTTSerialize_subscribe
 .text.MQTTDeserialize_suback
                0x080043be       0xce ./Core/Src/w5500/MQTT/MQTTPacket/src/MQTTSubscribeClient.o
                0x080043be                MQTTDeserialize_suback
 .text.WIZCHIP_READ
                0x0800448c       0x98 ./Core/Src/w5500/W5500/w5500.o
                0x0800448c                WIZCHIP_READ
 .text.WIZCHIP_WRITE
                0x08004524       0x9c ./Core/Src/w5500/W5500/w5500.o
                0x08004524                WIZCHIP_WRITE
 .text.WIZCHIP_READ_BUF
                0x080045c0       0xc0 ./Core/Src/w5500/W5500/w5500.o
                0x080045c0                WIZCHIP_READ_BUF
 .text.WIZCHIP_WRITE_BUF
                0x08004680       0xc0 ./Core/Src/w5500/W5500/w5500.o
                0x08004680                WIZCHIP_WRITE_BUF
 .text.getSn_TX_FSR
                0x08004740       0x92 ./Core/Src/w5500/W5500/w5500.o
                0x08004740                getSn_TX_FSR
 .text.getSn_RX_RSR
                0x080047d2       0x92 ./Core/Src/w5500/W5500/w5500.o
                0x080047d2                getSn_RX_RSR
 .text.wiz_send_data
                0x08004864       0xb4 ./Core/Src/w5500/W5500/w5500.o
                0x08004864                wiz_send_data
 .text.wiz_recv_data
                0x08004918       0xb4 ./Core/Src/w5500/W5500/w5500.o
                0x08004918                wiz_recv_data
 .text.wiz_recv_ignore
                0x080049cc       0x8c ./Core/Src/w5500/W5500/w5500.o
                0x080049cc                wiz_recv_ignore
 .text.socket   0x08004a58      0x228 ./Core/Src/w5500/socket.o
                0x08004a58                socket
 .text.close    0x08004c80       0xdc ./Core/Src/w5500/socket.o
                0x08004c80                close
 .text.connect  0x08004d5c      0x1b8 ./Core/Src/w5500/socket.o
                0x08004d5c                connect
 .text.disconnect
                0x08004f14       0xec ./Core/Src/w5500/socket.o
                0x08004f14                disconnect
 .text.send     0x08005000      0x1f0 ./Core/Src/w5500/socket.o
                0x08005000                send
 .text.recv     0x080051f0      0x168 ./Core/Src/w5500/socket.o
                0x080051f0                recv
 .text.sendto   0x08005358      0x268 ./Core/Src/w5500/socket.o
                0x08005358                sendto
 .text.recvfrom
                0x080055c0      0x3d8 ./Core/Src/w5500/socket.o
                0x080055c0                recvfrom
 .text.wizchip_cris_enter
                0x08005998        0xc ./Core/Src/w5500/wizchip_conf.o
                0x08005998                wizchip_cris_enter
 .text.wizchip_cris_exit
                0x080059a4        0xc ./Core/Src/w5500/wizchip_conf.o
                0x080059a4                wizchip_cris_exit
 .text.wizchip_cs_select
                0x080059b0        0xc ./Core/Src/w5500/wizchip_conf.o
                0x080059b0                wizchip_cs_select
 .text.wizchip_cs_deselect
                0x080059bc        0xc ./Core/Src/w5500/wizchip_conf.o
                0x080059bc                wizchip_cs_deselect
 .text.wizchip_bus_readdata
                0x080059c8       0x18 ./Core/Src/w5500/wizchip_conf.o
                0x080059c8                wizchip_bus_readdata
 .text.wizchip_bus_writedata
                0x080059e0       0x1c ./Core/Src/w5500/wizchip_conf.o
                0x080059e0                wizchip_bus_writedata
 .text.wizchip_spi_readbyte
                0x080059fc        0xe ./Core/Src/w5500/wizchip_conf.o
                0x080059fc                wizchip_spi_readbyte
 .text.wizchip_spi_writebyte
                0x08005a0a       0x14 ./Core/Src/w5500/wizchip_conf.o
                0x08005a0a                wizchip_spi_writebyte
 *fill*         0x08005a1e        0x2 
 .text.reg_wizchip_cs_cbfunc
                0x08005a20       0x48 ./Core/Src/w5500/wizchip_conf.o
                0x08005a20                reg_wizchip_cs_cbfunc
 .text.reg_wizchip_spi_cbfunc
                0x08005a68       0x58 ./Core/Src/w5500/wizchip_conf.o
                0x08005a68                reg_wizchip_spi_cbfunc
 .text.ctlwizchip
                0x08005ac0      0x1c0 ./Core/Src/w5500/wizchip_conf.o
                0x08005ac0                ctlwizchip
 .text.ctlnetwork
                0x08005c80       0x7c ./Core/Src/w5500/wizchip_conf.o
                0x08005c80                ctlnetwork
 .text.wizchip_sw_reset
                0x08005cfc       0x98 ./Core/Src/w5500/wizchip_conf.o
                0x08005cfc                wizchip_sw_reset
 .text.wizchip_init
                0x08005d94      0x118 ./Core/Src/w5500/wizchip_conf.o
                0x08005d94                wizchip_init
 .text.wizchip_clrinterrupt
                0x08005eac       0x68 ./Core/Src/w5500/wizchip_conf.o
                0x08005eac                wizchip_clrinterrupt
 .text.wizchip_getinterrupt
                0x08005f14       0x4a ./Core/Src/w5500/wizchip_conf.o
                0x08005f14                wizchip_getinterrupt
 .text.wizchip_setinterruptmask
                0x08005f5e       0x36 ./Core/Src/w5500/wizchip_conf.o
                0x08005f5e                wizchip_setinterruptmask
 .text.wizchip_getinterruptmask
                0x08005f94       0x46 ./Core/Src/w5500/wizchip_conf.o
                0x08005f94                wizchip_getinterruptmask
 .text.wizphy_getphylink
                0x08005fda       0x2c ./Core/Src/w5500/wizchip_conf.o
                0x08005fda                wizphy_getphylink
 .text.wizphy_getphypmode
                0x08006006       0x32 ./Core/Src/w5500/wizchip_conf.o
                0x08006006                wizphy_getphypmode
 .text.wizphy_reset
                0x08006038       0x4e ./Core/Src/w5500/wizchip_conf.o
                0x08006038                wizphy_reset
 .text.wizphy_setphyconf
                0x08006086       0x84 ./Core/Src/w5500/wizchip_conf.o
                0x08006086                wizphy_setphyconf
 *fill*         0x0800610a        0x2 
 .text.wizphy_getphyconf
                0x0800610c       0xd4 ./Core/Src/w5500/wizchip_conf.o
                0x0800610c                wizphy_getphyconf
 .text.wizphy_setphypmode
                0x080061e0       0x94 ./Core/Src/w5500/wizchip_conf.o
                0x080061e0                wizphy_setphypmode
 .text.wizchip_setnetinfo
                0x08006274       0x80 ./Core/Src/w5500/wizchip_conf.o
                0x08006274                wizchip_setnetinfo
 .text.wizchip_getnetinfo
                0x080062f4       0x80 ./Core/Src/w5500/wizchip_conf.o
                0x080062f4                wizchip_getnetinfo
 .text.wizchip_setnetmode
                0x08006374       0x44 ./Core/Src/w5500/wizchip_conf.o
                0x08006374                wizchip_setnetmode
 .text.wizchip_getnetmode
                0x080063b8       0x10 ./Core/Src/w5500/wizchip_conf.o
                0x080063b8                wizchip_getnetmode
 .text.wizchip_settimeout
                0x080063c8       0x42 ./Core/Src/w5500/wizchip_conf.o
                0x080063c8                wizchip_settimeout
 .text.wizchip_gettimeout
                0x0800640a       0x40 ./Core/Src/w5500/wizchip_conf.o
                0x0800640a                wizchip_gettimeout
 *fill*         0x0800644a        0x2 
 .text.Reset_Handler
                0x0800644c       0x48 ./Core/Startup/startup_stm32f103rbtx.o
                0x0800644c                Reset_Handler
 .text.Default_Handler
                0x08006494        0x2 ./Core/Startup/startup_stm32f103rbtx.o
                0x08006494                RTC_Alarm_IRQHandler
                0x08006494                EXTI2_IRQHandler
                0x08006494                TIM1_CC_IRQHandler
                0x08006494                PVD_IRQHandler
                0x08006494                EXTI3_IRQHandler
                0x08006494                EXTI0_IRQHandler
                0x08006494                I2C2_EV_IRQHandler
                0x08006494                ADC1_2_IRQHandler
                0x08006494                SPI1_IRQHandler
                0x08006494                TAMPER_IRQHandler
                0x08006494                DMA1_Channel4_IRQHandler
                0x08006494                USART3_IRQHandler
                0x08006494                RTC_IRQHandler
                0x08006494                DMA1_Channel7_IRQHandler
                0x08006494                CAN1_RX1_IRQHandler
                0x08006494                TIM4_IRQHandler
                0x08006494                I2C1_EV_IRQHandler
                0x08006494                DMA1_Channel6_IRQHandler
                0x08006494                TIM3_IRQHandler
                0x08006494                RCC_IRQHandler
                0x08006494                TIM1_TRG_COM_IRQHandler
                0x08006494                DMA1_Channel1_IRQHandler
                0x08006494                Default_Handler
                0x08006494                EXTI9_5_IRQHandler
                0x08006494                SPI2_IRQHandler
                0x08006494                DMA1_Channel5_IRQHandler
                0x08006494                EXTI4_IRQHandler
                0x08006494                USB_LP_CAN1_RX0_IRQHandler
                0x08006494                USB_HP_CAN1_TX_IRQHandler
                0x08006494                DMA1_Channel3_IRQHandler
                0x08006494                TIM1_UP_IRQHandler
                0x08006494                WWDG_IRQHandler
                0x08006494                TIM2_IRQHandler
                0x08006494                TIM1_BRK_IRQHandler
                0x08006494                EXTI1_IRQHandler
                0x08006494                USART2_IRQHandler
                0x08006494                I2C2_ER_IRQHandler
                0x08006494                DMA1_Channel2_IRQHandler
                0x08006494                CAN1_SCE_IRQHandler
                0x08006494                FLASH_IRQHandler
                0x08006494                USART1_IRQHandler
                0x08006494                I2C1_ER_IRQHandler
                0x08006494                USBWakeUp_IRQHandler
 *fill*         0x08006496        0x2 
 .text.HAL_Init
                0x08006498       0x2c ./Drivers/STM32F1xx_HAL_Driver/Src/stm32f1xx_hal.o
                0x08006498                HAL_Init
 .text.HAL_InitTick
                0x080064c4       0x60 ./Drivers/STM32F1xx_HAL_Driver/Src/stm32f1xx_hal.o
                0x080064c4                HAL_InitTick
 .text.HAL_IncTick
                0x08006524       0x24 ./Drivers/STM32F1xx_HAL_Driver/Src/stm32f1xx_hal.o
                0x08006524                HAL_IncTick
 .text.HAL_GetTick
                0x08006548       0x14 ./Drivers/STM32F1xx_HAL_Driver/Src/stm32f1xx_hal.o
                0x08006548                HAL_GetTick
 .text.HAL_Delay
                0x0800655c       0x48 ./Drivers/STM32F1xx_HAL_Driver/Src/stm32f1xx_hal.o
                0x0800655c                HAL_Delay
 .text.__NVIC_SetPriorityGrouping
                0x080065a4       0x48 ./Drivers/STM32F1xx_HAL_Driver/Src/stm32f1xx_hal_cortex.o
 .text.__NVIC_GetPriorityGrouping
                0x080065ec       0x1c ./Drivers/STM32F1xx_HAL_Driver/Src/stm32f1xx_hal_cortex.o
 .text.__NVIC_EnableIRQ
                0x08006608       0x38 ./Drivers/STM32F1xx_HAL_Driver/Src/stm32f1xx_hal_cortex.o
 .text.__NVIC_SetPriority
                0x08006640       0x54 ./Drivers/STM32F1xx_HAL_Driver/Src/stm32f1xx_hal_cortex.o
 .text.NVIC_EncodePriority
                0x08006694       0x64 ./Drivers/STM32F1xx_HAL_Driver/Src/stm32f1xx_hal_cortex.o
 .text.SysTick_Config
                0x080066f8       0x44 ./Drivers/STM32F1xx_HAL_Driver/Src/stm32f1xx_hal_cortex.o
 .text.HAL_NVIC_SetPriorityGrouping
                0x0800673c       0x16 ./Drivers/STM32F1xx_HAL_Driver/Src/stm32f1xx_hal_cortex.o
                0x0800673c                HAL_NVIC_SetPriorityGrouping
 .text.HAL_NVIC_SetPriority
                0x08006752       0x38 ./Drivers/STM32F1xx_HAL_Driver/Src/stm32f1xx_hal_cortex.o
                0x08006752                HAL_NVIC_SetPriority
 .text.HAL_NVIC_EnableIRQ
                0x0800678a       0x1c ./Drivers/STM32F1xx_HAL_Driver/Src/stm32f1xx_hal_cortex.o
                0x0800678a                HAL_NVIC_EnableIRQ
 .text.HAL_SYSTICK_Config
                0x080067a6       0x18 ./Drivers/STM32F1xx_HAL_Driver/Src/stm32f1xx_hal_cortex.o
                0x080067a6                HAL_SYSTICK_Config
 *fill*         0x080067be        0x2 
 .text.HAL_GPIO_Init
                0x080067c0      0x308 ./Drivers/STM32F1xx_HAL_Driver/Src/stm32f1xx_hal_gpio.o
                0x080067c0                HAL_GPIO_Init
 .text.HAL_GPIO_WritePin
                0x08006ac8       0x30 ./Drivers/STM32F1xx_HAL_Driver/Src/stm32f1xx_hal_gpio.o
                0x08006ac8                HAL_GPIO_WritePin
 .text.HAL_GPIO_EXTI_IRQHandler
                0x08006af8       0x30 ./Drivers/STM32F1xx_HAL_Driver/Src/stm32f1xx_hal_gpio.o
                0x08006af8                HAL_GPIO_EXTI_IRQHandler
 .text.HAL_GPIO_EXTI_Callback
                0x08006b28       0x14 ./Drivers/STM32F1xx_HAL_Driver/Src/stm32f1xx_hal_gpio.o
                0x08006b28                HAL_GPIO_EXTI_Callback
 .text.HAL_RCC_OscConfig
                0x08006b3c      0x504 ./Drivers/STM32F1xx_HAL_Driver/Src/stm32f1xx_hal_rcc.o
                0x08006b3c                HAL_RCC_OscConfig
 .text.HAL_RCC_ClockConfig
                0x08007040      0x1d4 ./Drivers/STM32F1xx_HAL_Driver/Src/stm32f1xx_hal_rcc.o
                0x08007040                HAL_RCC_ClockConfig
 .text.HAL_RCC_GetSysClockFreq
                0x08007214       0xa8 ./Drivers/STM32F1xx_HAL_Driver/Src/stm32f1xx_hal_rcc.o
                0x08007214                HAL_RCC_GetSysClockFreq
 .text.HAL_RCC_GetHCLKFreq
                0x080072bc       0x14 ./Drivers/STM32F1xx_HAL_Driver/Src/stm32f1xx_hal_rcc.o
                0x080072bc                HAL_RCC_GetHCLKFreq
 .text.HAL_RCC_GetPCLK1Freq
                0x080072d0       0x28 ./Drivers/STM32F1xx_HAL_Driver/Src/stm32f1xx_hal_rcc.o
                0x080072d0                HAL_RCC_GetPCLK1Freq
 .text.HAL_RCC_GetPCLK2Freq
                0x080072f8       0x28 ./Drivers/STM32F1xx_HAL_Driver/Src/stm32f1xx_hal_rcc.o
                0x080072f8                HAL_RCC_GetPCLK2Freq
 .text.RCC_Delay
                0x08007320       0x3c ./Drivers/STM32F1xx_HAL_Driver/Src/stm32f1xx_hal_rcc.o
 .text.HAL_SPI_Init
                0x0800735c      0x108 ./Drivers/STM32F1xx_HAL_Driver/Src/stm32f1xx_hal_spi.o
                0x0800735c                HAL_SPI_Init
 .text.HAL_SPI_TransmitReceive
                0x08007464      0x360 ./Drivers/STM32F1xx_HAL_Driver/Src/stm32f1xx_hal_spi.o
                0x08007464                HAL_SPI_TransmitReceive
 .text.SPI_WaitFlagStateUntilTimeout
                0x080077c4      0x110 ./Drivers/STM32F1xx_HAL_Driver/Src/stm32f1xx_hal_spi.o
 .text.SPI_EndRxTxTransaction
                0x080078d4       0x3c ./Drivers/STM32F1xx_HAL_Driver/Src/stm32f1xx_hal_spi.o
 .text.HAL_UART_Init
                0x08007910       0xa0 ./Drivers/STM32F1xx_HAL_Driver/Src/stm32f1xx_hal_uart.o
                0x08007910                HAL_UART_Init
 .text.HAL_UART_Transmit
                0x080079b0      0x106 ./Drivers/STM32F1xx_HAL_Driver/Src/stm32f1xx_hal_uart.o
                0x080079b0                HAL_UART_Transmit
 .text.UART_WaitOnFlagUntilTimeout
                0x08007ab6       0xdc ./Drivers/STM32F1xx_HAL_Driver/Src/stm32f1xx_hal_uart.o
 *fill*         0x08007b92        0x2 
 .text.UART_SetConfig
                0x08007b94      0x11c ./Drivers/STM32F1xx_HAL_Driver/Src/stm32f1xx_hal_uart.o
 .text.std      0x08007cb0       0x6c C:/ST/STM32CubeIDE_1.15.0/STM32CubeIDE/plugins/com.st.stm32cube.ide.mcu.externaltools.gnu-tools-for-stm32.12.3.rel1.win32_1.0.100.202403111256/tools/bin/../lib/gcc/arm-none-eabi/12.3.1/../../../../arm-none-eabi/lib/thumb/v7-m/nofp\libc_nano.a(libc_a-findfp.o)
 .text.stdio_exit_handler
                0x08007d1c       0x18 C:/ST/STM32CubeIDE_1.15.0/STM32CubeIDE/plugins/com.st.stm32cube.ide.mcu.externaltools.gnu-tools-for-stm32.12.3.rel1.win32_1.0.100.202403111256/tools/bin/../lib/gcc/arm-none-eabi/12.3.1/../../../../arm-none-eabi/lib/thumb/v7-m/nofp\libc_nano.a(libc_a-findfp.o)
 .text.cleanup_stdio
                0x08007d34       0x40 C:/ST/STM32CubeIDE_1.15.0/STM32CubeIDE/plugins/com.st.stm32cube.ide.mcu.externaltools.gnu-tools-for-stm32.12.3.rel1.win32_1.0.100.202403111256/tools/bin/../lib/gcc/arm-none-eabi/12.3.1/../../../../arm-none-eabi/lib/thumb/v7-m/nofp\libc_nano.a(libc_a-findfp.o)
 .text.global_stdio_init.part.0
                0x08007d74       0x3c C:/ST/STM32CubeIDE_1.15.0/STM32CubeIDE/plugins/com.st.stm32cube.ide.mcu.externaltools.gnu-tools-for-stm32.12.3.rel1.win32_1.0.100.202403111256/tools/bin/../lib/gcc/arm-none-eabi/12.3.1/../../../../arm-none-eabi/lib/thumb/v7-m/nofp\libc_nano.a(libc_a-findfp.o)
 .text.__sfp_lock_acquire
                0x08007db0        0xc C:/ST/STM32CubeIDE_1.15.0/STM32CubeIDE/plugins/com.st.stm32cube.ide.mcu.externaltools.gnu-tools-for-stm32.12.3.rel1.win32_1.0.100.202403111256/tools/bin/../lib/gcc/arm-none-eabi/12.3.1/../../../../arm-none-eabi/lib/thumb/v7-m/nofp\libc_nano.a(libc_a-findfp.o)
                0x08007db0                __sfp_lock_acquire
 .text.__sfp_lock_release
                0x08007dbc        0xc C:/ST/STM32CubeIDE_1.15.0/STM32CubeIDE/plugins/com.st.stm32cube.ide.mcu.externaltools.gnu-tools-for-stm32.12.3.rel1.win32_1.0.100.202403111256/tools/bin/../lib/gcc/arm-none-eabi/12.3.1/../../../../arm-none-eabi/lib/thumb/v7-m/nofp\libc_nano.a(libc_a-findfp.o)
                0x08007dbc                __sfp_lock_release
 .text.__sinit  0x08007dc8       0x30 C:/ST/STM32CubeIDE_1.15.0/STM32CubeIDE/plugins/com.st.stm32cube.ide.mcu.externaltools.gnu-tools-for-stm32.12.3.rel1.win32_1.0.100.202403111256/tools/bin/../lib/gcc/arm-none-eabi/12.3.1/../../../../arm-none-eabi/lib/thumb/v7-m/nofp\libc_nano.a(libc_a-findfp.o)
                0x08007dc8                __sinit
 .text._fwalk_sglue
                0x08007df8       0x3c C:/ST/STM32CubeIDE_1.15.0/STM32CubeIDE/plugins/com.st.stm32cube.ide.mcu.externaltools.gnu-tools-for-stm32.12.3.rel1.win32_1.0.100.202403111256/tools/bin/../lib/gcc/arm-none-eabi/12.3.1/../../../../arm-none-eabi/lib/thumb/v7-m/nofp\libc_nano.a(libc_a-fwalk.o)
                0x08007df8                _fwalk_sglue
 .text.printf   0x08007e34       0x24 C:/ST/STM32CubeIDE_1.15.0/STM32CubeIDE/plugins/com.st.stm32cube.ide.mcu.externaltools.gnu-tools-for-stm32.12.3.rel1.win32_1.0.100.202403111256/tools/bin/../lib/gcc/arm-none-eabi/12.3.1/../../../../arm-none-eabi/lib/thumb/v7-m/nofp\libc_nano.a(libc_a-printf.o)
                0x08007e34                iprintf
                0x08007e34                printf
 .text._puts_r  0x08007e58       0xaa C:/ST/STM32CubeIDE_1.15.0/STM32CubeIDE/plugins/com.st.stm32cube.ide.mcu.externaltools.gnu-tools-for-stm32.12.3.rel1.win32_1.0.100.202403111256/tools/bin/../lib/gcc/arm-none-eabi/12.3.1/../../../../arm-none-eabi/lib/thumb/v7-m/nofp\libc_nano.a(libc_a-puts.o)
                0x08007e58                _puts_r
 *fill*         0x08007f02        0x2 
 .text.puts     0x08007f04       0x10 C:/ST/STM32CubeIDE_1.15.0/STM32CubeIDE/plugins/com.st.stm32cube.ide.mcu.externaltools.gnu-tools-for-stm32.12.3.rel1.win32_1.0.100.202403111256/tools/bin/../lib/gcc/arm-none-eabi/12.3.1/../../../../arm-none-eabi/lib/thumb/v7-m/nofp\libc_nano.a(libc_a-puts.o)
                0x08007f04                puts
 .text.sprintf  0x08007f14       0x40 C:/ST/STM32CubeIDE_1.15.0/STM32CubeIDE/plugins/com.st.stm32cube.ide.mcu.externaltools.gnu-tools-for-stm32.12.3.rel1.win32_1.0.100.202403111256/tools/bin/../lib/gcc/arm-none-eabi/12.3.1/../../../../arm-none-eabi/lib/thumb/v7-m/nofp\libc_nano.a(libc_a-sprintf.o)
                0x08007f14                siprintf
                0x08007f14                sprintf
 .text.__sread  0x08007f54       0x22 C:/ST/STM32CubeIDE_1.15.0/STM32CubeIDE/plugins/com.st.stm32cube.ide.mcu.externaltools.gnu-tools-for-stm32.12.3.rel1.win32_1.0.100.202403111256/tools/bin/../lib/gcc/arm-none-eabi/12.3.1/../../../../arm-none-eabi/lib/thumb/v7-m/nofp\libc_nano.a(libc_a-stdio.o)
                0x08007f54                __sread
 .text.__swrite
                0x08007f76       0x38 C:/ST/STM32CubeIDE_1.15.0/STM32CubeIDE/plugins/com.st.stm32cube.ide.mcu.externaltools.gnu-tools-for-stm32.12.3.rel1.win32_1.0.100.202403111256/tools/bin/../lib/gcc/arm-none-eabi/12.3.1/../../../../arm-none-eabi/lib/thumb/v7-m/nofp\libc_nano.a(libc_a-stdio.o)
                0x08007f76                __swrite
 .text.__sseek  0x08007fae       0x24 C:/ST/STM32CubeIDE_1.15.0/STM32CubeIDE/plugins/com.st.stm32cube.ide.mcu.externaltools.gnu-tools-for-stm32.12.3.rel1.win32_1.0.100.202403111256/tools/bin/../lib/gcc/arm-none-eabi/12.3.1/../../../../arm-none-eabi/lib/thumb/v7-m/nofp\libc_nano.a(libc_a-stdio.o)
                0x08007fae                __sseek
 .text.__sclose
                0x08007fd2        0x8 C:/ST/STM32CubeIDE_1.15.0/STM32CubeIDE/plugins/com.st.stm32cube.ide.mcu.externaltools.gnu-tools-for-stm32.12.3.rel1.win32_1.0.100.202403111256/tools/bin/../lib/gcc/arm-none-eabi/12.3.1/../../../../arm-none-eabi/lib/thumb/v7-m/nofp\libc_nano.a(libc_a-stdio.o)
                0x08007fd2                __sclose
 .text.__swbuf_r
                0x08007fda       0x7c C:/ST/STM32CubeIDE_1.15.0/STM32CubeIDE/plugins/com.st.stm32cube.ide.mcu.externaltools.gnu-tools-for-stm32.12.3.rel1.win32_1.0.100.202403111256/tools/bin/../lib/gcc/arm-none-eabi/12.3.1/../../../../arm-none-eabi/lib/thumb/v7-m/nofp\libc_nano.a(libc_a-wbuf.o)
                0x08007fda                __swbuf_r
 *fill*         0x08008056        0x2 
 .text.__swsetup_r
                0x08008058       0xac C:/ST/STM32CubeIDE_1.15.0/STM32CubeIDE/plugins/com.st.stm32cube.ide.mcu.externaltools.gnu-tools-for-stm32.12.3.rel1.win32_1.0.100.202403111256/tools/bin/../lib/gcc/arm-none-eabi/12.3.1/../../../../arm-none-eabi/lib/thumb/v7-m/nofp\libc_nano.a(libc_a-wsetup.o)
                0x08008058                __swsetup_r
 .text.memset   0x08008104       0x10 C:/ST/STM32CubeIDE_1.15.0/STM32CubeIDE/plugins/com.st.stm32cube.ide.mcu.externaltools.gnu-tools-for-stm32.12.3.rel1.win32_1.0.100.202403111256/tools/bin/../lib/gcc/arm-none-eabi/12.3.1/../../../../arm-none-eabi/lib/thumb/v7-m/nofp\libc_nano.a(libc_a-memset.o)
                0x08008104                memset
 .text.strchr   0x08008114       0x1a C:/ST/STM32CubeIDE_1.15.0/STM32CubeIDE/plugins/com.st.stm32cube.ide.mcu.externaltools.gnu-tools-for-stm32.12.3.rel1.win32_1.0.100.202403111256/tools/bin/../lib/gcc/arm-none-eabi/12.3.1/../../../../arm-none-eabi/lib/thumb/v7-m/nofp\libc_nano.a(libc_a-strchr.o)
                0x08008114                strchr
 .text.strncmp  0x0800812e       0x24 C:/ST/STM32CubeIDE_1.15.0/STM32CubeIDE/plugins/com.st.stm32cube.ide.mcu.externaltools.gnu-tools-for-stm32.12.3.rel1.win32_1.0.100.202403111256/tools/bin/../lib/gcc/arm-none-eabi/12.3.1/../../../../arm-none-eabi/lib/thumb/v7-m/nofp\libc_nano.a(libc_a-strncmp.o)
                0x0800812e                strncmp
 .text.strncpy  0x08008152       0x26 C:/ST/STM32CubeIDE_1.15.0/STM32CubeIDE/plugins/com.st.stm32cube.ide.mcu.externaltools.gnu-tools-for-stm32.12.3.rel1.win32_1.0.100.202403111256/tools/bin/../lib/gcc/arm-none-eabi/12.3.1/../../../../arm-none-eabi/lib/thumb/v7-m/nofp\libc_nano.a(libc_a-strncpy.o)
                0x08008152                strncpy
 .text._close_r
                0x08008178       0x20 C:/ST/STM32CubeIDE_1.15.0/STM32CubeIDE/plugins/com.st.stm32cube.ide.mcu.externaltools.gnu-tools-for-stm32.12.3.rel1.win32_1.0.100.202403111256/tools/bin/../lib/gcc/arm-none-eabi/12.3.1/../../../../arm-none-eabi/lib/thumb/v7-m/nofp\libc_nano.a(libc_a-closer.o)
                0x08008178                _close_r
 .text._lseek_r
                0x08008198       0x24 C:/ST/STM32CubeIDE_1.15.0/STM32CubeIDE/plugins/com.st.stm32cube.ide.mcu.externaltools.gnu-tools-for-stm32.12.3.rel1.win32_1.0.100.202403111256/tools/bin/../lib/gcc/arm-none-eabi/12.3.1/../../../../arm-none-eabi/lib/thumb/v7-m/nofp\libc_nano.a(libc_a-lseekr.o)
                0x08008198                _lseek_r
 .text._read_r  0x080081bc       0x24 C:/ST/STM32CubeIDE_1.15.0/STM32CubeIDE/plugins/com.st.stm32cube.ide.mcu.externaltools.gnu-tools-for-stm32.12.3.rel1.win32_1.0.100.202403111256/tools/bin/../lib/gcc/arm-none-eabi/12.3.1/../../../../arm-none-eabi/lib/thumb/v7-m/nofp\libc_nano.a(libc_a-readr.o)
                0x080081bc                _read_r
 .text._write_r
                0x080081e0       0x24 C:/ST/STM32CubeIDE_1.15.0/STM32CubeIDE/plugins/com.st.stm32cube.ide.mcu.externaltools.gnu-tools-for-stm32.12.3.rel1.win32_1.0.100.202403111256/tools/bin/../lib/gcc/arm-none-eabi/12.3.1/../../../../arm-none-eabi/lib/thumb/v7-m/nofp\libc_nano.a(libc_a-writer.o)
                0x080081e0                _write_r
 .text.__errno  0x08008204        0xc C:/ST/STM32CubeIDE_1.15.0/STM32CubeIDE/plugins/com.st.stm32cube.ide.mcu.externaltools.gnu-tools-for-stm32.12.3.rel1.win32_1.0.100.202403111256/tools/bin/../lib/gcc/arm-none-eabi/12.3.1/../../../../arm-none-eabi/lib/thumb/v7-m/nofp\libc_nano.a(libc_a-errno.o)
                0x08008204                __errno
 .text.__libc_init_array
                0x08008210       0x48 C:/ST/STM32CubeIDE_1.15.0/STM32CubeIDE/plugins/com.st.stm32cube.ide.mcu.externaltools.gnu-tools-for-stm32.12.3.rel1.win32_1.0.100.202403111256/tools/bin/../lib/gcc/arm-none-eabi/12.3.1/../../../../arm-none-eabi/lib/thumb/v7-m/nofp\libc_nano.a(libc_a-init.o)
                0x08008210                __libc_init_array
 .text.__retarget_lock_init_recursive
                0x08008258        0x2 C:/ST/STM32CubeIDE_1.15.0/STM32CubeIDE/plugins/com.st.stm32cube.ide.mcu.externaltools.gnu-tools-for-stm32.12.3.rel1.win32_1.0.100.202403111256/tools/bin/../lib/gcc/arm-none-eabi/12.3.1/../../../../arm-none-eabi/lib/thumb/v7-m/nofp\libc_nano.a(libc_a-lock.o)
                0x08008258                __retarget_lock_init_recursive
 .text.__retarget_lock_acquire_recursive
                0x0800825a        0x2 C:/ST/STM32CubeIDE_1.15.0/STM32CubeIDE/plugins/com.st.stm32cube.ide.mcu.externaltools.gnu-tools-for-stm32.12.3.rel1.win32_1.0.100.202403111256/tools/bin/../lib/gcc/arm-none-eabi/12.3.1/../../../../arm-none-eabi/lib/thumb/v7-m/nofp\libc_nano.a(libc_a-lock.o)
                0x0800825a                __retarget_lock_acquire_recursive
 .text.__retarget_lock_release_recursive
                0x0800825c        0x2 C:/ST/STM32CubeIDE_1.15.0/STM32CubeIDE/plugins/com.st.stm32cube.ide.mcu.externaltools.gnu-tools-for-stm32.12.3.rel1.win32_1.0.100.202403111256/tools/bin/../lib/gcc/arm-none-eabi/12.3.1/../../../../arm-none-eabi/lib/thumb/v7-m/nofp\libc_nano.a(libc_a-lock.o)
                0x0800825c                __retarget_lock_release_recursive
 .text.strcpy   0x0800825e       0x10 C:/ST/STM32CubeIDE_1.15.0/STM32CubeIDE/plugins/com.st.stm32cube.ide.mcu.externaltools.gnu-tools-for-stm32.12.3.rel1.win32_1.0.100.202403111256/tools/bin/../lib/gcc/arm-none-eabi/12.3.1/../../../../arm-none-eabi/lib/thumb/v7-m/nofp\libc_nano.a(libc_a-strcpy.o)
                0x0800825e                strcpy
 .text.memcpy   0x0800826e       0x1c C:/ST/STM32CubeIDE_1.15.0/STM32CubeIDE/plugins/com.st.stm32cube.ide.mcu.externaltools.gnu-tools-for-stm32.12.3.rel1.win32_1.0.100.202403111256/tools/bin/../lib/gcc/arm-none-eabi/12.3.1/../../../../arm-none-eabi/lib/thumb/v7-m/nofp\libc_nano.a(libc_a-memcpy-stub.o)
                0x0800826e                memcpy
 *fill*         0x0800828a        0x2 
 .text._free_r  0x0800828c       0x90 C:/ST/STM32CubeIDE_1.15.0/STM32CubeIDE/plugins/com.st.stm32cube.ide.mcu.externaltools.gnu-tools-for-stm32.12.3.rel1.win32_1.0.100.202403111256/tools/bin/../lib/gcc/arm-none-eabi/12.3.1/../../../../arm-none-eabi/lib/thumb/v7-m/nofp\libc_nano.a(libc_a-freer.o)
                0x0800828c                _free_r
 .text.sbrk_aligned
                0x0800831c       0x44 C:/ST/STM32CubeIDE_1.15.0/STM32CubeIDE/plugins/com.st.stm32cube.ide.mcu.externaltools.gnu-tools-for-stm32.12.3.rel1.win32_1.0.100.202403111256/tools/bin/../lib/gcc/arm-none-eabi/12.3.1/../../../../arm-none-eabi/lib/thumb/v7-m/nofp\libc_nano.a(libc_a-mallocr.o)
 .text._malloc_r
                0x08008360      0x100 C:/ST/STM32CubeIDE_1.15.0/STM32CubeIDE/plugins/com.st.stm32cube.ide.mcu.externaltools.gnu-tools-for-stm32.12.3.rel1.win32_1.0.100.202403111256/tools/bin/../lib/gcc/arm-none-eabi/12.3.1/../../../../arm-none-eabi/lib/thumb/v7-m/nofp\libc_nano.a(libc_a-mallocr.o)
                0x08008360                _malloc_r
 .text.__malloc_lock
                0x08008460        0xc C:/ST/STM32CubeIDE_1.15.0/STM32CubeIDE/plugins/com.st.stm32cube.ide.mcu.externaltools.gnu-tools-for-stm32.12.3.rel1.win32_1.0.100.202403111256/tools/bin/../lib/gcc/arm-none-eabi/12.3.1/../../../../arm-none-eabi/lib/thumb/v7-m/nofp\libc_nano.a(libc_a-mlock.o)
                0x08008460                __malloc_lock
 .text.__malloc_unlock
                0x0800846c        0xc C:/ST/STM32CubeIDE_1.15.0/STM32CubeIDE/plugins/com.st.stm32cube.ide.mcu.externaltools.gnu-tools-for-stm32.12.3.rel1.win32_1.0.100.202403111256/tools/bin/../lib/gcc/arm-none-eabi/12.3.1/../../../../arm-none-eabi/lib/thumb/v7-m/nofp\libc_nano.a(libc_a-mlock.o)
                0x0800846c                __malloc_unlock
 .text.__ssputs_r
                0x08008478       0xb6 C:/ST/STM32CubeIDE_1.15.0/STM32CubeIDE/plugins/com.st.stm32cube.ide.mcu.externaltools.gnu-tools-for-stm32.12.3.rel1.win32_1.0.100.202403111256/tools/bin/../lib/gcc/arm-none-eabi/12.3.1/../../../../arm-none-eabi/lib/thumb/v7-m/nofp\libc_nano.a(libc_a-nano-svfprintf.o)
                0x08008478                __ssputs_r
 *fill*         0x0800852e        0x2 
 .text._svfprintf_r
                0x08008530      0x1f8 C:/ST/STM32CubeIDE_1.15.0/STM32CubeIDE/plugins/com.st.stm32cube.ide.mcu.externaltools.gnu-tools-for-stm32.12.3.rel1.win32_1.0.100.202403111256/tools/bin/../lib/gcc/arm-none-eabi/12.3.1/../../../../arm-none-eabi/lib/thumb/v7-m/nofp\libc_nano.a(libc_a-nano-svfprintf.o)
                0x08008530                _svfiprintf_r
                0x08008530                _svfprintf_r
 .text.__sfputc_r
                0x08008728       0x2a C:/ST/STM32CubeIDE_1.15.0/STM32CubeIDE/plugins/com.st.stm32cube.ide.mcu.externaltools.gnu-tools-for-stm32.12.3.rel1.win32_1.0.100.202403111256/tools/bin/../lib/gcc/arm-none-eabi/12.3.1/../../../../arm-none-eabi/lib/thumb/v7-m/nofp\libc_nano.a(libc_a-nano-vfprintf.o)
 .text.__sfputs_r
                0x08008752       0x24 C:/ST/STM32CubeIDE_1.15.0/STM32CubeIDE/plugins/com.st.stm32cube.ide.mcu.externaltools.gnu-tools-for-stm32.12.3.rel1.win32_1.0.100.202403111256/tools/bin/../lib/gcc/arm-none-eabi/12.3.1/../../../../arm-none-eabi/lib/thumb/v7-m/nofp\libc_nano.a(libc_a-nano-vfprintf.o)
                0x08008752                __sfputs_r
 *fill*         0x08008776        0x2 
 .text._vfprintf_r
                0x08008778      0x230 C:/ST/STM32CubeIDE_1.15.0/STM32CubeIDE/plugins/com.st.stm32cube.ide.mcu.externaltools.gnu-tools-for-stm32.12.3.rel1.win32_1.0.100.202403111256/tools/bin/../lib/gcc/arm-none-eabi/12.3.1/../../../../arm-none-eabi/lib/thumb/v7-m/nofp\libc_nano.a(libc_a-nano-vfprintf.o)
                0x08008778                _vfprintf_r
                0x08008778                _vfiprintf_r
 .text._printf_common
                0x080089a8       0xe4 C:/ST/STM32CubeIDE_1.15.0/STM32CubeIDE/plugins/com.st.stm32cube.ide.mcu.externaltools.gnu-tools-for-stm32.12.3.rel1.win32_1.0.100.202403111256/tools/bin/../lib/gcc/arm-none-eabi/12.3.1/../../../../arm-none-eabi/lib/thumb/v7-m/nofp\libc_nano.a(libc_a-nano-vfprintf_i.o)
                0x080089a8                _printf_common
 .text._printf_i
                0x08008a8c      0x240 C:/ST/STM32CubeIDE_1.15.0/STM32CubeIDE/plugins/com.st.stm32cube.ide.mcu.externaltools.gnu-tools-for-stm32.12.3.rel1.win32_1.0.100.202403111256/tools/bin/../lib/gcc/arm-none-eabi/12.3.1/../../../../arm-none-eabi/lib/thumb/v7-m/nofp\libc_nano.a(libc_a-nano-vfprintf_i.o)
                0x08008a8c                _printf_i
 .text.__sflush_r
                0x08008ccc      0x100 C:/ST/STM32CubeIDE_1.15.0/STM32CubeIDE/plugins/com.st.stm32cube.ide.mcu.externaltools.gnu-tools-for-stm32.12.3.rel1.win32_1.0.100.202403111256/tools/bin/../lib/gcc/arm-none-eabi/12.3.1/../../../../arm-none-eabi/lib/thumb/v7-m/nofp\libc_nano.a(libc_a-fflush.o)
                0x08008ccc                __sflush_r
 .text._fflush_r
                0x08008dcc       0x50 C:/ST/STM32CubeIDE_1.15.0/STM32CubeIDE/plugins/com.st.stm32cube.ide.mcu.externaltools.gnu-tools-for-stm32.12.3.rel1.win32_1.0.100.202403111256/tools/bin/../lib/gcc/arm-none-eabi/12.3.1/../../../../arm-none-eabi/lib/thumb/v7-m/nofp\libc_nano.a(libc_a-fflush.o)
                0x08008dcc                _fflush_r
 .text.__swhatbuf_r
                0x08008e1c       0x4a C:/ST/STM32CubeIDE_1.15.0/STM32CubeIDE/plugins/com.st.stm32cube.ide.mcu.externaltools.gnu-tools-for-stm32.12.3.rel1.win32_1.0.100.202403111256/tools/bin/../lib/gcc/arm-none-eabi/12.3.1/../../../../arm-none-eabi/lib/thumb/v7-m/nofp\libc_nano.a(libc_a-makebuf.o)
                0x08008e1c                __swhatbuf_r
 .text.__smakebuf_r
                0x08008e66       0x78 C:/ST/STM32CubeIDE_1.15.0/STM32CubeIDE/plugins/com.st.stm32cube.ide.mcu.externaltools.gnu-tools-for-stm32.12.3.rel1.win32_1.0.100.202403111256/tools/bin/../lib/gcc/arm-none-eabi/12.3.1/../../../../arm-none-eabi/lib/thumb/v7-m/nofp\libc_nano.a(libc_a-makebuf.o)
                0x08008e66                __smakebuf_r
 .text.memmove  0x08008ede       0x34 C:/ST/STM32CubeIDE_1.15.0/STM32CubeIDE/plugins/com.st.stm32cube.ide.mcu.externaltools.gnu-tools-for-stm32.12.3.rel1.win32_1.0.100.202403111256/tools/bin/../lib/gcc/arm-none-eabi/12.3.1/../../../../arm-none-eabi/lib/thumb/v7-m/nofp\libc_nano.a(libc_a-memmove.o)
                0x08008ede                memmove
 *fill*         0x08008f12        0x2 
 .text._fstat_r
                0x08008f14       0x24 C:/ST/STM32CubeIDE_1.15.0/STM32CubeIDE/plugins/com.st.stm32cube.ide.mcu.externaltools.gnu-tools-for-stm32.12.3.rel1.win32_1.0.100.202403111256/tools/bin/../lib/gcc/arm-none-eabi/12.3.1/../../../../arm-none-eabi/lib/thumb/v7-m/nofp\libc_nano.a(libc_a-fstatr.o)
                0x08008f14                _fstat_r
 .text._isatty_r
                0x08008f38       0x20 C:/ST/STM32CubeIDE_1.15.0/STM32CubeIDE/plugins/com.st.stm32cube.ide.mcu.externaltools.gnu-tools-for-stm32.12.3.rel1.win32_1.0.100.202403111256/tools/bin/../lib/gcc/arm-none-eabi/12.3.1/../../../../arm-none-eabi/lib/thumb/v7-m/nofp\libc_nano.a(libc_a-isattyr.o)
                0x08008f38                _isatty_r
 .text._sbrk_r  0x08008f58       0x20 C:/ST/STM32CubeIDE_1.15.0/STM32CubeIDE/plugins/com.st.stm32cube.ide.mcu.externaltools.gnu-tools-for-stm32.12.3.rel1.win32_1.0.100.202403111256/tools/bin/../lib/gcc/arm-none-eabi/12.3.1/../../../../arm-none-eabi/lib/thumb/v7-m/nofp\libc_nano.a(libc_a-sbrkr.o)
                0x08008f58                _sbrk_r
 .text.memchr   0x08008f78       0x1c C:/ST/STM32CubeIDE_1.15.0/STM32CubeIDE/plugins/com.st.stm32cube.ide.mcu.externaltools.gnu-tools-for-stm32.12.3.rel1.win32_1.0.100.202403111256/tools/bin/../lib/gcc/arm-none-eabi/12.3.1/../../../../arm-none-eabi/lib/thumb/v7-m/nofp\libc_nano.a(libc_a-memchr-stub.o)
                0x08008f78                memchr
 .text._realloc_r
                0x08008f94       0x5c C:/ST/STM32CubeIDE_1.15.0/STM32CubeIDE/plugins/com.st.stm32cube.ide.mcu.externaltools.gnu-tools-for-stm32.12.3.rel1.win32_1.0.100.202403111256/tools/bin/../lib/gcc/arm-none-eabi/12.3.1/../../../../arm-none-eabi/lib/thumb/v7-m/nofp\libc_nano.a(libc_a-reallocr.o)
                0x08008f94                _realloc_r
 .text._malloc_usable_size_r
                0x08008ff0       0x10 C:/ST/STM32CubeIDE_1.15.0/STM32CubeIDE/plugins/com.st.stm32cube.ide.mcu.externaltools.gnu-tools-for-stm32.12.3.rel1.win32_1.0.100.202403111256/tools/bin/../lib/gcc/arm-none-eabi/12.3.1/../../../../arm-none-eabi/lib/thumb/v7-m/nofp\libc_nano.a(libc_a-msizer.o)
                0x08008ff0                _malloc_usable_size_r
 *(.glue_7)
 .glue_7        0x08009000        0x0 linker stubs
 *(.glue_7t)
 .glue_7t       0x08009000        0x0 linker stubs
 *(.eh_frame)
 .eh_frame      0x08009000        0x0 C:/ST/STM32CubeIDE_1.15.0/STM32CubeIDE/plugins/com.st.stm32cube.ide.mcu.externaltools.gnu-tools-for-stm32.12.3.rel1.win32_1.0.100.202403111256/tools/bin/../lib/gcc/arm-none-eabi/12.3.1/thumb/v7-m/nofp/crtbegin.o
 *(.init)
 .init          0x08009000        0x4 C:/ST/STM32CubeIDE_1.15.0/STM32CubeIDE/plugins/com.st.stm32cube.ide.mcu.externaltools.gnu-tools-for-stm32.12.3.rel1.win32_1.0.100.202403111256/tools/bin/../lib/gcc/arm-none-eabi/12.3.1/thumb/v7-m/nofp/crti.o
                0x08009000                _init
 .init          0x08009004        0x8 C:/ST/STM32CubeIDE_1.15.0/STM32CubeIDE/plugins/com.st.stm32cube.ide.mcu.externaltools.gnu-tools-for-stm32.12.3.rel1.win32_1.0.100.202403111256/tools/bin/../lib/gcc/arm-none-eabi/12.3.1/thumb/v7-m/nofp/crtn.o
 *(.fini)
 .fini          0x0800900c        0x4 C:/ST/STM32CubeIDE_1.15.0/STM32CubeIDE/plugins/com.st.stm32cube.ide.mcu.externaltools.gnu-tools-for-stm32.12.3.rel1.win32_1.0.100.202403111256/tools/bin/../lib/gcc/arm-none-eabi/12.3.1/thumb/v7-m/nofp/crti.o
                0x0800900c                _fini
 .fini          0x08009010        0x8 C:/ST/STM32CubeIDE_1.15.0/STM32CubeIDE/plugins/com.st.stm32cube.ide.mcu.externaltools.gnu-tools-for-stm32.12.3.rel1.win32_1.0.100.202403111256/tools/bin/../lib/gcc/arm-none-eabi/12.3.1/thumb/v7-m/nofp/crtn.o
                0x08009018                        . = ALIGN (0x4)
                0x08009018                        _etext = .

.vfp11_veneer   0x08009018        0x0
 .vfp11_veneer  0x08009018        0x0 linker stubs

.v4_bx          0x08009018        0x0
 .v4_bx         0x08009018        0x0 linker stubs

.iplt           0x08009018        0x0
 .iplt          0x08009018        0x0 C:/ST/STM32CubeIDE_1.15.0/STM32CubeIDE/plugins/com.st.stm32cube.ide.mcu.externaltools.gnu-tools-for-stm32.12.3.rel1.win32_1.0.100.202403111256/tools/bin/../lib/gcc/arm-none-eabi/12.3.1/thumb/v7-m/nofp/crtbegin.o

.rodata         0x08009018      0x488
                0x08009018                        . = ALIGN (0x4)
 *(.rodata)
 .rodata        0x08009018       0x2e ./Core/Src/main.o
 *fill*         0x08009046        0x2 
 .rodata        0x08009048       0xf8 ./Core/Src/mqtt_client.o
 .rodata        0x08009140      0x23b ./Core/Src/network.o
 *fill*         0x0800937b        0x1 
 .rodata        0x0800937c       0x48 ./Core/Src/wizchip_init.o
 .rodata        0x080093c4       0x12 ./Core/Src/w5500/DHCP/dhcp.o
 *fill*         0x080093d6        0x2 
 .rodata        0x080093d8       0x58 ./Core/Src/w5500/MQTT/MQTTClient.o
 .rodata        0x08009430        0xf ./Core/Src/w5500/MQTT/MQTTPacket/src/MQTTConnectClient.o
 *(.rodata*)
 *fill*         0x0800943f        0x1 
 .rodata.AHBPrescTable
                0x08009440       0x10 ./Core/Src/system_stm32f1xx.o
                0x08009440                AHBPrescTable
 .rodata.APBPrescTable
                0x08009450        0x8 ./Core/Src/system_stm32f1xx.o
                0x08009450                APBPrescTable
 .rodata.aPLLMULFactorTable.1
                0x08009458       0x10 ./Drivers/STM32F1xx_HAL_Driver/Src/stm32f1xx_hal_rcc.o
 .rodata.aPredivFactorTable.0
                0x08009468        0x2 ./Drivers/STM32F1xx_HAL_Driver/Src/stm32f1xx_hal_rcc.o
 .rodata._svfprintf_r.str1.1
                0x0800946a       0x11 C:/ST/STM32CubeIDE_1.15.0/STM32CubeIDE/plugins/com.st.stm32cube.ide.mcu.externaltools.gnu-tools-for-stm32.12.3.rel1.win32_1.0.100.202403111256/tools/bin/../lib/gcc/arm-none-eabi/12.3.1/../../../../arm-none-eabi/lib/thumb/v7-m/nofp\libc_nano.a(libc_a-nano-svfprintf.o)
 .rodata._vfprintf_r.str1.1
                0x0800947b       0x11 C:/ST/STM32CubeIDE_1.15.0/STM32CubeIDE/plugins/com.st.stm32cube.ide.mcu.externaltools.gnu-tools-for-stm32.12.3.rel1.win32_1.0.100.202403111256/tools/bin/../lib/gcc/arm-none-eabi/12.3.1/../../../../arm-none-eabi/lib/thumb/v7-m/nofp\libc_nano.a(libc_a-nano-vfprintf.o)
 .rodata._printf_i.str1.1
                0x0800947b       0x22 C:/ST/STM32CubeIDE_1.15.0/STM32CubeIDE/plugins/com.st.stm32cube.ide.mcu.externaltools.gnu-tools-for-stm32.12.3.rel1.win32_1.0.100.202403111256/tools/bin/../lib/gcc/arm-none-eabi/12.3.1/../../../../arm-none-eabi/lib/thumb/v7-m/nofp\libc_nano.a(libc_a-nano-vfprintf_i.o)
                0x080094a0                        . = ALIGN (0x4)
 *fill*         0x0800949d        0x3 

.ARM.extab      0x080094a0        0x0
                0x080094a0                        . = ALIGN (0x4)
 *(.ARM.extab* .gnu.linkonce.armextab.*)
                0x080094a0                        . = ALIGN (0x4)

.ARM            0x080094a0        0x8
                0x080094a0                        . = ALIGN (0x4)
                0x080094a0                        __exidx_start = .
 *(.ARM.exidx*)
 .ARM.exidx     0x080094a0        0x8 C:/ST/STM32CubeIDE_1.15.0/STM32CubeIDE/plugins/com.st.stm32cube.ide.mcu.externaltools.gnu-tools-for-stm32.12.3.rel1.win32_1.0.100.202403111256/tools/bin/../lib/gcc/arm-none-eabi/12.3.1/../../../../arm-none-eabi/lib/thumb/v7-m/nofp\libc_nano.a(libc_a-strlen.o)
                0x080094a8                        __exidx_end = .
                0x080094a8                        . = ALIGN (0x4)

.preinit_array  0x080094a8        0x0
                0x080094a8                        . = ALIGN (0x4)
                0x080094a8                        PROVIDE (__preinit_array_start = .)
 *(.preinit_array*)
                0x080094a8                        PROVIDE (__preinit_array_end = .)
                0x080094a8                        . = ALIGN (0x4)

.init_array     0x080094a8        0x4
                0x080094a8                        . = ALIGN (0x4)
                0x080094a8                        PROVIDE (__init_array_start = .)
 *(SORT_BY_NAME(.init_array.*))
 *(.init_array*)
 .init_array    0x080094a8        0x4 C:/ST/STM32CubeIDE_1.15.0/STM32CubeIDE/plugins/com.st.stm32cube.ide.mcu.externaltools.gnu-tools-for-stm32.12.3.rel1.win32_1.0.100.202403111256/tools/bin/../lib/gcc/arm-none-eabi/12.3.1/thumb/v7-m/nofp/crtbegin.o
                0x080094ac                        PROVIDE (__init_array_end = .)
                0x080094ac                        . = ALIGN (0x4)

.fini_array     0x080094ac        0x4
                0x080094ac                        . = ALIGN (0x4)
                [!provide]                        PROVIDE (__fini_array_start = .)
 *(SORT_BY_NAME(.fini_array.*))
 *(.fini_array*)
 .fini_array    0x080094ac        0x4 C:/ST/STM32CubeIDE_1.15.0/STM32CubeIDE/plugins/com.st.stm32cube.ide.mcu.externaltools.gnu-tools-for-stm32.12.3.rel1.win32_1.0.100.202403111256/tools/bin/../lib/gcc/arm-none-eabi/12.3.1/thumb/v7-m/nofp/crtbegin.o
                [!provide]                        PROVIDE (__fini_array_end = .)
                0x080094b0                        . = ALIGN (0x4)
                0x080094b0                        _sidata = LOADADDR (.data)

.rel.dyn        0x080094b0        0x0
 .rel.iplt      0x080094b0        0x0 C:/ST/STM32CubeIDE_1.15.0/STM32CubeIDE/plugins/com.st.stm32cube.ide.mcu.externaltools.gnu-tools-for-stm32.12.3.rel1.win32_1.0.100.202403111256/tools/bin/../lib/gcc/arm-none-eabi/12.3.1/thumb/v7-m/nofp/crtbegin.o

.data           0x20000000      0x10c load address 0x080094b0
                0x20000000                        . = ALIGN (0x4)
                0x20000000                        _sdata = .
 *(.data)
 *(.data*)
 .data.targetIP
                0x20000000        0x4 ./Core/Src/main.o
                0x20000000                targetIP
 .data.targetPort
                0x20000004        0x4 ./Core/Src/main.o
                0x20000004                targetPort
 .data.opts     0x20000008       0x24 ./Core/Src/mqtt_client.o
                0x20000008                opts
 .data.defaultNetInfo
                0x2000002c       0x17 ./Core/Src/network.o
                0x2000002c                defaultNetInfo
 *fill*         0x20000043        0x1 
 .data.dns_server
                0x20000044        0x4 ./Core/Src/network.o
                0x20000044                dns_server
 .data.Domain_name
                0x20000048        0xf ./Core/Src/network.o
                0x20000048                Domain_name
 *fill*         0x20000057        0x1 
 .data.SystemCoreClock
                0x20000058        0x4 ./Core/Src/system_stm32f1xx.o
                0x20000058                SystemCoreClock
 .data.dhcp_lease_time
                0x2000005c        0x4 ./Core/Src/w5500/DHCP/dhcp.o
                0x2000005c                dhcp_lease_time
 .data.dhcp_tick_next
                0x20000060        0x4 ./Core/Src/w5500/DHCP/dhcp.o
                0x20000060                dhcp_tick_next
 .data.HOST_NAME
                0x20000064        0x8 ./Core/Src/w5500/DHCP/dhcp.o
                0x20000064                HOST_NAME
 .data.dhcp_ip_assign
                0x2000006c        0x4 ./Core/Src/w5500/DHCP/dhcp.o
                0x2000006c                dhcp_ip_assign
 .data.dhcp_ip_update
                0x20000070        0x4 ./Core/Src/w5500/DHCP/dhcp.o
                0x20000070                dhcp_ip_update
 .data.dhcp_ip_conflict
                0x20000074        0x4 ./Core/Src/w5500/DHCP/dhcp.o
                0x20000074                dhcp_ip_conflict
 .data.sock_any_port
                0x20000078        0x2 ./Core/Src/w5500/socket.o
 *fill*         0x2000007a        0x2 
 .data.WIZCHIP  0x2000007c       0x2c ./Core/Src/w5500/wizchip_conf.o
                0x2000007c                WIZCHIP
 .data.uwTickPrio
                0x200000a8        0x4 ./Drivers/STM32F1xx_HAL_Driver/Src/stm32f1xx_hal.o
                0x200000a8                uwTickPrio
 .data.uwTickFreq
                0x200000ac        0x1 ./Drivers/STM32F1xx_HAL_Driver/Src/stm32f1xx_hal.o
                0x200000ac                uwTickFreq
 *fill*         0x200000ad        0x3 
 .data.__sglue  0x200000b0        0xc C:/ST/STM32CubeIDE_1.15.0/STM32CubeIDE/plugins/com.st.stm32cube.ide.mcu.externaltools.gnu-tools-for-stm32.12.3.rel1.win32_1.0.100.202403111256/tools/bin/../lib/gcc/arm-none-eabi/12.3.1/../../../../arm-none-eabi/lib/thumb/v7-m/nofp\libc_nano.a(libc_a-findfp.o)
                0x200000b0                __sglue
 .data._impure_ptr
                0x200000bc        0x4 C:/ST/STM32CubeIDE_1.15.0/STM32CubeIDE/plugins/com.st.stm32cube.ide.mcu.externaltools.gnu-tools-for-stm32.12.3.rel1.win32_1.0.100.202403111256/tools/bin/../lib/gcc/arm-none-eabi/12.3.1/../../../../arm-none-eabi/lib/thumb/v7-m/nofp\libc_nano.a(libc_a-impure.o)
                0x200000bc                _impure_ptr
 .data._impure_data
                0x200000c0       0x4c C:/ST/STM32CubeIDE_1.15.0/STM32CubeIDE/plugins/com.st.stm32cube.ide.mcu.externaltools.gnu-tools-for-stm32.12.3.rel1.win32_1.0.100.202403111256/tools/bin/../lib/gcc/arm-none-eabi/12.3.1/../../../../arm-none-eabi/lib/thumb/v7-m/nofp\libc_nano.a(libc_a-impure.o)
                0x200000c0                _impure_data
 *(.RamFunc)
 *(.RamFunc*)
                0x2000010c                        . = ALIGN (0x4)
                0x2000010c                        _edata = .

.igot.plt       0x2000010c        0x0 load address 0x080095bc
 .igot.plt      0x2000010c        0x0 C:/ST/STM32CubeIDE_1.15.0/STM32CubeIDE/plugins/com.st.stm32cube.ide.mcu.externaltools.gnu-tools-for-stm32.12.3.rel1.win32_1.0.100.202403111256/tools/bin/../lib/gcc/arm-none-eabi/12.3.1/thumb/v7-m/nofp/crtbegin.o
                0x2000010c                        . = ALIGN (0x4)

.bss            0x2000010c     0x128c load address 0x080095bc
                0x2000010c                        _sbss = .
                0x2000010c                        __bss_start__ = _sbss
 *(.bss)
 .bss           0x2000010c       0x1c C:/ST/STM32CubeIDE_1.15.0/STM32CubeIDE/plugins/com.st.stm32cube.ide.mcu.externaltools.gnu-tools-for-stm32.12.3.rel1.win32_1.0.100.202403111256/tools/bin/../lib/gcc/arm-none-eabi/12.3.1/thumb/v7-m/nofp/crtbegin.o
 *(.bss*)
 .bss.hspi2     0x20000128       0x58 ./Core/Src/main.o
                0x20000128                hspi2
 .bss.huart2    0x20000180       0x48 ./Core/Src/main.o
                0x20000180                huart2
 .bss.tempBuffer
                0x200001c8      0x800 ./Core/Src/mqtt_client.o
                0x200001c8                tempBuffer
 .bss.data_buf  0x200009c8      0x800 ./Core/Src/network.o
                0x200009c8                data_buf
 .bss.Domain_IP
                0x200011c8        0x4 ./Core/Src/network.o
                0x200011c8                Domain_IP
 .bss.flag_process_dhcp_success
                0x200011cc        0x1 ./Core/Src/network.o
                0x200011cc                flag_process_dhcp_success
 .bss.flag_process_dns_success
                0x200011cd        0x1 ./Core/Src/network.o
                0x200011cd                flag_process_dns_success
 *fill*         0x200011ce        0x2 
 .bss.__sbrk_heap_end
                0x200011d0        0x4 ./Core/Src/sysmem.o
 .bss.DHCP_SOCKET
                0x200011d4        0x1 ./Core/Src/w5500/DHCP/dhcp.o
                0x200011d4                DHCP_SOCKET
 *fill*         0x200011d5        0x3 
 .bss.DHCP_SIP  0x200011d8        0x4 ./Core/Src/w5500/DHCP/dhcp.o
                0x200011d8                DHCP_SIP
 .bss.DHCP_REAL_SIP
                0x200011dc        0x4 ./Core/Src/w5500/DHCP/dhcp.o
                0x200011dc                DHCP_REAL_SIP
 .bss.OLD_allocated_ip
                0x200011e0        0x4 ./Core/Src/w5500/DHCP/dhcp.o
                0x200011e0                OLD_allocated_ip
 .bss.DHCP_allocated_ip
                0x200011e4        0x4 ./Core/Src/w5500/DHCP/dhcp.o
                0x200011e4                DHCP_allocated_ip
 .bss.DHCP_allocated_gw
                0x200011e8        0x4 ./Core/Src/w5500/DHCP/dhcp.o
                0x200011e8                DHCP_allocated_gw
 .bss.DHCP_allocated_sn
                0x200011ec        0x4 ./Core/Src/w5500/DHCP/dhcp.o
                0x200011ec                DHCP_allocated_sn
 .bss.DHCP_allocated_dns
                0x200011f0        0x4 ./Core/Src/w5500/DHCP/dhcp.o
                0x200011f0                DHCP_allocated_dns
 .bss.dhcp_state
                0x200011f4        0x1 ./Core/Src/w5500/DHCP/dhcp.o
                0x200011f4                dhcp_state
 .bss.dhcp_retry_count
                0x200011f5        0x1 ./Core/Src/w5500/DHCP/dhcp.o
                0x200011f5                dhcp_retry_count
 *fill*         0x200011f6        0x2 
 .bss.dhcp_tick_1s
                0x200011f8        0x4 ./Core/Src/w5500/DHCP/dhcp.o
                0x200011f8                dhcp_tick_1s
 .bss.DHCP_XID  0x200011fc        0x4 ./Core/Src/w5500/DHCP/dhcp.o
                0x200011fc                DHCP_XID
 .bss.pDHCPMSG  0x20001200        0x4 ./Core/Src/w5500/DHCP/dhcp.o
                0x20001200                pDHCPMSG
 .bss.DHCP_CHADDR
                0x20001204        0x6 ./Core/Src/w5500/DHCP/dhcp.o
                0x20001204                DHCP_CHADDR
 *fill*         0x2000120a        0x2 
 .bss.pDNSMSG   0x2000120c        0x4 ./Core/Src/w5500/DNS/dns.o
                0x2000120c                pDNSMSG
 .bss.DNS_SOCKET
                0x20001210        0x1 ./Core/Src/w5500/DNS/dns.o
                0x20001210                DNS_SOCKET
 *fill*         0x20001211        0x1 
 .bss.DNS_MSGID
                0x20001212        0x2 ./Core/Src/w5500/DNS/dns.o
                0x20001212                DNS_MSGID
 .bss.dns_1s_tick
                0x20001214        0x4 ./Core/Src/w5500/DNS/dns.o
                0x20001214                dns_1s_tick
 .bss.retry_count
                0x20001218        0x1 ./Core/Src/w5500/DNS/dns.o
 *fill*         0x20001219        0x3 
 .bss.MilliTimer
                0x2000121c        0x4 ./Core/Src/w5500/MQTT/mqtt_interface.o
                0x2000121c                MilliTimer
 .bss.bufptr    0x20001220        0x4 ./Core/Src/w5500/MQTT/MQTTPacket/src/MQTTPacket.o
 .bss.sock_io_mode
                0x20001224        0x2 ./Core/Src/w5500/socket.o
 .bss.sock_is_sending
                0x20001226        0x2 ./Core/Src/w5500/socket.o
 .bss.sock_remained_size
                0x20001228       0x10 ./Core/Src/w5500/socket.o
 .bss.sock_pack_info
                0x20001238        0x8 ./Core/Src/w5500/socket.o
                0x20001238                sock_pack_info
 .bss._DNS_     0x20001240        0x4 ./Core/Src/w5500/wizchip_conf.o
 .bss._DHCP_    0x20001244        0x1 ./Core/Src/w5500/wizchip_conf.o
 *fill*         0x20001245        0x3 
 .bss.uwTick    0x20001248        0x4 ./Drivers/STM32F1xx_HAL_Driver/Src/stm32f1xx_hal.o
                0x20001248                uwTick
 .bss.__sf      0x2000124c      0x138 C:/ST/STM32CubeIDE_1.15.0/STM32CubeIDE/plugins/com.st.stm32cube.ide.mcu.externaltools.gnu-tools-for-stm32.12.3.rel1.win32_1.0.100.202403111256/tools/bin/../lib/gcc/arm-none-eabi/12.3.1/../../../../arm-none-eabi/lib/thumb/v7-m/nofp\libc_nano.a(libc_a-findfp.o)
                0x2000124c                __sf
 .bss.__stdio_exit_handler
                0x20001384        0x4 C:/ST/STM32CubeIDE_1.15.0/STM32CubeIDE/plugins/com.st.stm32cube.ide.mcu.externaltools.gnu-tools-for-stm32.12.3.rel1.win32_1.0.100.202403111256/tools/bin/../lib/gcc/arm-none-eabi/12.3.1/../../../../arm-none-eabi/lib/thumb/v7-m/nofp\libc_nano.a(libc_a-findfp.o)
                0x20001384                __stdio_exit_handler
 .bss.errno     0x20001388        0x4 C:/ST/STM32CubeIDE_1.15.0/STM32CubeIDE/plugins/com.st.stm32cube.ide.mcu.externaltools.gnu-tools-for-stm32.12.3.rel1.win32_1.0.100.202403111256/tools/bin/../lib/gcc/arm-none-eabi/12.3.1/../../../../arm-none-eabi/lib/thumb/v7-m/nofp\libc_nano.a(libc_a-reent.o)
                0x20001388                errno
 .bss.__lock___malloc_recursive_mutex
                0x2000138c        0x1 C:/ST/STM32CubeIDE_1.15.0/STM32CubeIDE/plugins/com.st.stm32cube.ide.mcu.externaltools.gnu-tools-for-stm32.12.3.rel1.win32_1.0.100.202403111256/tools/bin/../lib/gcc/arm-none-eabi/12.3.1/../../../../arm-none-eabi/lib/thumb/v7-m/nofp\libc_nano.a(libc_a-lock.o)
                0x2000138c                __lock___malloc_recursive_mutex
 .bss.__lock___sfp_recursive_mutex
                0x2000138d        0x1 C:/ST/STM32CubeIDE_1.15.0/STM32CubeIDE/plugins/com.st.stm32cube.ide.mcu.externaltools.gnu-tools-for-stm32.12.3.rel1.win32_1.0.100.202403111256/tools/bin/../lib/gcc/arm-none-eabi/12.3.1/../../../../arm-none-eabi/lib/thumb/v7-m/nofp\libc_nano.a(libc_a-lock.o)
                0x2000138d                __lock___sfp_recursive_mutex
 *fill*         0x2000138e        0x2 
 .bss.__malloc_sbrk_start
                0x20001390        0x4 C:/ST/STM32CubeIDE_1.15.0/STM32CubeIDE/plugins/com.st.stm32cube.ide.mcu.externaltools.gnu-tools-for-stm32.12.3.rel1.win32_1.0.100.202403111256/tools/bin/../lib/gcc/arm-none-eabi/12.3.1/../../../../arm-none-eabi/lib/thumb/v7-m/nofp\libc_nano.a(libc_a-mallocr.o)
                0x20001390                __malloc_sbrk_start
 .bss.__malloc_free_list
                0x20001394        0x4 C:/ST/STM32CubeIDE_1.15.0/STM32CubeIDE/plugins/com.st.stm32cube.ide.mcu.externaltools.gnu-tools-for-stm32.12.3.rel1.win32_1.0.100.202403111256/tools/bin/../lib/gcc/arm-none-eabi/12.3.1/../../../../arm-none-eabi/lib/thumb/v7-m/nofp\libc_nano.a(libc_a-mallocr.o)
                0x20001394                __malloc_free_list
 *(COMMON)
                0x20001398                        . = ALIGN (0x4)
                0x20001398                        _ebss = .
                0x20001398                        __bss_end__ = _ebss

._user_heap_stack
                0x20001398      0x600 load address 0x080095bc
                0x20001398                        . = ALIGN (0x8)
                [!provide]                        PROVIDE (end = .)
                0x20001398                        PROVIDE (_end = .)
                0x20001598                        . = (. + _Min_Heap_Size)
 *fill*         0x20001398      0x200 
                0x20001998                        . = (. + _Min_Stack_Size)
 *fill*         0x20001598      0x400 
                0x20001998                        . = ALIGN (0x8)

/DISCARD/
 libc.a(*)
 libm.a(*)
 libgcc.a(*)

.ARM.attributes
                0x00000000       0x29
 *(.ARM.attributes)
 .ARM.attributes
                0x00000000       0x1d C:/ST/STM32CubeIDE_1.15.0/STM32CubeIDE/plugins/com.st.stm32cube.ide.mcu.externaltools.gnu-tools-for-stm32.12.3.rel1.win32_1.0.100.202403111256/tools/bin/../lib/gcc/arm-none-eabi/12.3.1/thumb/v7-m/nofp/crti.o
 .ARM.attributes
                0x0000001d       0x2d C:/ST/STM32CubeIDE_1.15.0/STM32CubeIDE/plugins/com.st.stm32cube.ide.mcu.externaltools.gnu-tools-for-stm32.12.3.rel1.win32_1.0.100.202403111256/tools/bin/../lib/gcc/arm-none-eabi/12.3.1/thumb/v7-m/nofp/crtbegin.o
 .ARM.attributes
                0x0000004a       0x2d ./Core/Src/main.o
 .ARM.attributes
                0x00000077       0x2d ./Core/Src/mqtt_client.o
 .ARM.attributes
                0x000000a4       0x2d ./Core/Src/network.o
 .ARM.attributes
                0x000000d1       0x2d ./Core/Src/stm32f1xx_hal_msp.o
 .ARM.attributes
                0x000000fe       0x2d ./Core/Src/stm32f1xx_it.o
 .ARM.attributes
                0x0000012b       0x2d ./Core/Src/syscalls.o
 .ARM.attributes
                0x00000158       0x2d ./Core/Src/sysmem.o
 .ARM.attributes
                0x00000185       0x2d ./Core/Src/system_stm32f1xx.o
 .ARM.attributes
                0x000001b2       0x2d ./Core/Src/uart_redirect.o
 .ARM.attributes
                0x000001df       0x2d ./Core/Src/wizchip_init.o
 .ARM.attributes
                0x0000020c       0x2d ./Core/Src/w5500/DHCP/dhcp.o
 .ARM.attributes
                0x00000239       0x2d ./Core/Src/w5500/DNS/dns.o
 .ARM.attributes
                0x00000266       0x2d ./Core/Src/w5500/MQTT/MQTTClient.o
 .ARM.attributes
                0x00000293       0x2d ./Core/Src/w5500/MQTT/mqtt_interface.o
 .ARM.attributes
                0x000002c0       0x2d ./Core/Src/w5500/MQTT/MQTTPacket/src/MQTTConnectClient.o
 .ARM.attributes
                0x000002ed       0x2d ./Core/Src/w5500/MQTT/MQTTPacket/src/MQTTDeserializePublish.o
 .ARM.attributes
                0x0000031a       0x2d ./Core/Src/w5500/MQTT/MQTTPacket/src/MQTTPacket.o
 .ARM.attributes
                0x00000347       0x2d ./Core/Src/w5500/MQTT/MQTTPacket/src/MQTTSerializePublish.o
 .ARM.attributes
                0x00000374       0x2d ./Core/Src/w5500/MQTT/MQTTPacket/src/MQTTSubscribeClient.o
 .ARM.attributes
                0x000003a1       0x2d ./Core/Src/w5500/W5500/w5500.o
 .ARM.attributes
                0x000003ce       0x2d ./Core/Src/w5500/socket.o
 .ARM.attributes
                0x000003fb       0x2d ./Core/Src/w5500/wizchip_conf.o
 .ARM.attributes
                0x00000428       0x21 ./Core/Startup/startup_stm32f103rbtx.o
 .ARM.attributes
                0x00000449       0x2d ./Drivers/STM32F1xx_HAL_Driver/Src/stm32f1xx_hal.o
 .ARM.attributes
                0x00000476       0x2d ./Drivers/STM32F1xx_HAL_Driver/Src/stm32f1xx_hal_cortex.o
 .ARM.attributes
                0x000004a3       0x2d ./Drivers/STM32F1xx_HAL_Driver/Src/stm32f1xx_hal_gpio.o
 .ARM.attributes
                0x000004d0       0x2d ./Drivers/STM32F1xx_HAL_Driver/Src/stm32f1xx_hal_rcc.o
 .ARM.attributes
                0x000004fd       0x2d ./Drivers/STM32F1xx_HAL_Driver/Src/stm32f1xx_hal_spi.o
 .ARM.attributes
                0x0000052a       0x2d ./Drivers/STM32F1xx_HAL_Driver/Src/stm32f1xx_hal_uart.o
 .ARM.attributes
                0x00000557       0x2d C:/ST/STM32CubeIDE_1.15.0/STM32CubeIDE/plugins/com.st.stm32cube.ide.mcu.externaltools.gnu-tools-for-stm32.12.3.rel1.win32_1.0.100.202403111256/tools/bin/../lib/gcc/arm-none-eabi/12.3.1/../../../../arm-none-eabi/lib/thumb/v7-m/nofp\libc_nano.a(libc_a-findfp.o)
 .ARM.attributes
                0x00000584       0x2d C:/ST/STM32CubeIDE_1.15.0/STM32CubeIDE/plugins/com.st.stm32cube.ide.mcu.externaltools.gnu-tools-for-stm32.12.3.rel1.win32_1.0.100.202403111256/tools/bin/../lib/gcc/arm-none-eabi/12.3.1/../../../../arm-none-eabi/lib/thumb/v7-m/nofp\libc_nano.a(libc_a-fwalk.o)
 .ARM.attributes
                0x000005b1       0x2d C:/ST/STM32CubeIDE_1.15.0/STM32CubeIDE/plugins/com.st.stm32cube.ide.mcu.externaltools.gnu-tools-for-stm32.12.3.rel1.win32_1.0.100.202403111256/tools/bin/../lib/gcc/arm-none-eabi/12.3.1/../../../../arm-none-eabi/lib/thumb/v7-m/nofp\libc_nano.a(libc_a-printf.o)
 .ARM.attributes
                0x000005de       0x2d C:/ST/STM32CubeIDE_1.15.0/STM32CubeIDE/plugins/com.st.stm32cube.ide.mcu.externaltools.gnu-tools-for-stm32.12.3.rel1.win32_1.0.100.202403111256/tools/bin/../lib/gcc/arm-none-eabi/12.3.1/../../../../arm-none-eabi/lib/thumb/v7-m/nofp\libc_nano.a(libc_a-puts.o)
 .ARM.attributes
                0x0000060b       0x2d C:/ST/STM32CubeIDE_1.15.0/STM32CubeIDE/plugins/com.st.stm32cube.ide.mcu.externaltools.gnu-tools-for-stm32.12.3.rel1.win32_1.0.100.202403111256/tools/bin/../lib/gcc/arm-none-eabi/12.3.1/../../../../arm-none-eabi/lib/thumb/v7-m/nofp\libc_nano.a(libc_a-sprintf.o)
 .ARM.attributes
                0x00000638       0x2d C:/ST/STM32CubeIDE_1.15.0/STM32CubeIDE/plugins/com.st.stm32cube.ide.mcu.externaltools.gnu-tools-for-stm32.12.3.rel1.win32_1.0.100.202403111256/tools/bin/../lib/gcc/arm-none-eabi/12.3.1/../../../../arm-none-eabi/lib/thumb/v7-m/nofp\libc_nano.a(libc_a-stdio.o)
 .ARM.attributes
                0x00000665       0x2d C:/ST/STM32CubeIDE_1.15.0/STM32CubeIDE/plugins/com.st.stm32cube.ide.mcu.externaltools.gnu-tools-for-stm32.12.3.rel1.win32_1.0.100.202403111256/tools/bin/../lib/gcc/arm-none-eabi/12.3.1/../../../../arm-none-eabi/lib/thumb/v7-m/nofp\libc_nano.a(libc_a-wbuf.o)
 .ARM.attributes
                0x00000692       0x2d C:/ST/STM32CubeIDE_1.15.0/STM32CubeIDE/plugins/com.st.stm32cube.ide.mcu.externaltools.gnu-tools-for-stm32.12.3.rel1.win32_1.0.100.202403111256/tools/bin/../lib/gcc/arm-none-eabi/12.3.1/../../../../arm-none-eabi/lib/thumb/v7-m/nofp\libc_nano.a(libc_a-wsetup.o)
 .ARM.attributes
                0x000006bf       0x2d C:/ST/STM32CubeIDE_1.15.0/STM32CubeIDE/plugins/com.st.stm32cube.ide.mcu.externaltools.gnu-tools-for-stm32.12.3.rel1.win32_1.0.100.202403111256/tools/bin/../lib/gcc/arm-none-eabi/12.3.1/../../../../arm-none-eabi/lib/thumb/v7-m/nofp\libc_nano.a(libc_a-memset.o)
 .ARM.attributes
                0x000006ec       0x2d C:/ST/STM32CubeIDE_1.15.0/STM32CubeIDE/plugins/com.st.stm32cube.ide.mcu.externaltools.gnu-tools-for-stm32.12.3.rel1.win32_1.0.100.202403111256/tools/bin/../lib/gcc/arm-none-eabi/12.3.1/../../../../arm-none-eabi/lib/thumb/v7-m/nofp\libc_nano.a(libc_a-strchr.o)
 .ARM.attributes
                0x00000719       0x2d C:/ST/STM32CubeIDE_1.15.0/STM32CubeIDE/plugins/com.st.stm32cube.ide.mcu.externaltools.gnu-tools-for-stm32.12.3.rel1.win32_1.0.100.202403111256/tools/bin/../lib/gcc/arm-none-eabi/12.3.1/../../../../arm-none-eabi/lib/thumb/v7-m/nofp\libc_nano.a(libc_a-strncmp.o)
 .ARM.attributes
                0x00000746       0x2d C:/ST/STM32CubeIDE_1.15.0/STM32CubeIDE/plugins/com.st.stm32cube.ide.mcu.externaltools.gnu-tools-for-stm32.12.3.rel1.win32_1.0.100.202403111256/tools/bin/../lib/gcc/arm-none-eabi/12.3.1/../../../../arm-none-eabi/lib/thumb/v7-m/nofp\libc_nano.a(libc_a-strncpy.o)
 .ARM.attributes
                0x00000773       0x2d C:/ST/STM32CubeIDE_1.15.0/STM32CubeIDE/plugins/com.st.stm32cube.ide.mcu.externaltools.gnu-tools-for-stm32.12.3.rel1.win32_1.0.100.202403111256/tools/bin/../lib/gcc/arm-none-eabi/12.3.1/../../../../arm-none-eabi/lib/thumb/v7-m/nofp\libc_nano.a(libc_a-closer.o)
 .ARM.attributes
                0x000007a0       0x2d C:/ST/STM32CubeIDE_1.15.0/STM32CubeIDE/plugins/com.st.stm32cube.ide.mcu.externaltools.gnu-tools-for-stm32.12.3.rel1.win32_1.0.100.202403111256/tools/bin/../lib/gcc/arm-none-eabi/12.3.1/../../../../arm-none-eabi/lib/thumb/v7-m/nofp\libc_nano.a(libc_a-reent.o)
 .ARM.attributes
                0x000007cd       0x2d C:/ST/STM32CubeIDE_1.15.0/STM32CubeIDE/plugins/com.st.stm32cube.ide.mcu.externaltools.gnu-tools-for-stm32.12.3.rel1.win32_1.0.100.202403111256/tools/bin/../lib/gcc/arm-none-eabi/12.3.1/../../../../arm-none-eabi/lib/thumb/v7-m/nofp\libc_nano.a(libc_a-impure.o)
 .ARM.attributes
                0x000007fa       0x2d C:/ST/STM32CubeIDE_1.15.0/STM32CubeIDE/plugins/com.st.stm32cube.ide.mcu.externaltools.gnu-tools-for-stm32.12.3.rel1.win32_1.0.100.202403111256/tools/bin/../lib/gcc/arm-none-eabi/12.3.1/../../../../arm-none-eabi/lib/thumb/v7-m/nofp\libc_nano.a(libc_a-lseekr.o)
 .ARM.attributes
                0x00000827       0x2d C:/ST/STM32CubeIDE_1.15.0/STM32CubeIDE/plugins/com.st.stm32cube.ide.mcu.externaltools.gnu-tools-for-stm32.12.3.rel1.win32_1.0.100.202403111256/tools/bin/../lib/gcc/arm-none-eabi/12.3.1/../../../../arm-none-eabi/lib/thumb/v7-m/nofp\libc_nano.a(libc_a-readr.o)
 .ARM.attributes
                0x00000854       0x2d C:/ST/STM32CubeIDE_1.15.0/STM32CubeIDE/plugins/com.st.stm32cube.ide.mcu.externaltools.gnu-tools-for-stm32.12.3.rel1.win32_1.0.100.202403111256/tools/bin/../lib/gcc/arm-none-eabi/12.3.1/../../../../arm-none-eabi/lib/thumb/v7-m/nofp\libc_nano.a(libc_a-writer.o)
 .ARM.attributes
                0x00000881       0x2d C:/ST/STM32CubeIDE_1.15.0/STM32CubeIDE/plugins/com.st.stm32cube.ide.mcu.externaltools.gnu-tools-for-stm32.12.3.rel1.win32_1.0.100.202403111256/tools/bin/../lib/gcc/arm-none-eabi/12.3.1/../../../../arm-none-eabi/lib/thumb/v7-m/nofp\libc_nano.a(libc_a-errno.o)
 .ARM.attributes
                0x000008ae       0x2d C:/ST/STM32CubeIDE_1.15.0/STM32CubeIDE/plugins/com.st.stm32cube.ide.mcu.externaltools.gnu-tools-for-stm32.12.3.rel1.win32_1.0.100.202403111256/tools/bin/../lib/gcc/arm-none-eabi/12.3.1/../../../../arm-none-eabi/lib/thumb/v7-m/nofp\libc_nano.a(libc_a-init.o)
 .ARM.attributes
                0x000008db       0x2d C:/ST/STM32CubeIDE_1.15.0/STM32CubeIDE/plugins/com.st.stm32cube.ide.mcu.externaltools.gnu-tools-for-stm32.12.3.rel1.win32_1.0.100.202403111256/tools/bin/../lib/gcc/arm-none-eabi/12.3.1/../../../../arm-none-eabi/lib/thumb/v7-m/nofp\libc_nano.a(libc_a-lock.o)
 .ARM.attributes
                0x00000908       0x2d C:/ST/STM32CubeIDE_1.15.0/STM32CubeIDE/plugins/com.st.stm32cube.ide.mcu.externaltools.gnu-tools-for-stm32.12.3.rel1.win32_1.0.100.202403111256/tools/bin/../lib/gcc/arm-none-eabi/12.3.1/../../../../arm-none-eabi/lib/thumb/v7-m/nofp\libc_nano.a(libc_a-strcpy.o)
 .ARM.attributes
                0x00000935       0x2d C:/ST/STM32CubeIDE_1.15.0/STM32CubeIDE/plugins/com.st.stm32cube.ide.mcu.externaltools.gnu-tools-for-stm32.12.3.rel1.win32_1.0.100.202403111256/tools/bin/../lib/gcc/arm-none-eabi/12.3.1/../../../../arm-none-eabi/lib/thumb/v7-m/nofp\libc_nano.a(libc_a-memcpy-stub.o)
 .ARM.attributes
                0x00000962       0x17 C:/ST/STM32CubeIDE_1.15.0/STM32CubeIDE/plugins/com.st.stm32cube.ide.mcu.externaltools.gnu-tools-for-stm32.12.3.rel1.win32_1.0.100.202403111256/tools/bin/../lib/gcc/arm-none-eabi/12.3.1/../../../../arm-none-eabi/lib/thumb/v7-m/nofp\libc_nano.a(libc_a-strlen.o)
 .ARM.attributes
                0x00000979       0x2d C:/ST/STM32CubeIDE_1.15.0/STM32CubeIDE/plugins/com.st.stm32cube.ide.mcu.externaltools.gnu-tools-for-stm32.12.3.rel1.win32_1.0.100.202403111256/tools/bin/../lib/gcc/arm-none-eabi/12.3.1/../../../../arm-none-eabi/lib/thumb/v7-m/nofp\libc_nano.a(libc_a-freer.o)
 .ARM.attributes
                0x000009a6       0x2d C:/ST/STM32CubeIDE_1.15.0/STM32CubeIDE/plugins/com.st.stm32cube.ide.mcu.externaltools.gnu-tools-for-stm32.12.3.rel1.win32_1.0.100.202403111256/tools/bin/../lib/gcc/arm-none-eabi/12.3.1/../../../../arm-none-eabi/lib/thumb/v7-m/nofp\libc_nano.a(libc_a-mallocr.o)
 .ARM.attributes
                0x000009d3       0x2d C:/ST/STM32CubeIDE_1.15.0/STM32CubeIDE/plugins/com.st.stm32cube.ide.mcu.externaltools.gnu-tools-for-stm32.12.3.rel1.win32_1.0.100.202403111256/tools/bin/../lib/gcc/arm-none-eabi/12.3.1/../../../../arm-none-eabi/lib/thumb/v7-m/nofp\libc_nano.a(libc_a-mlock.o)
 .ARM.attributes
                0x00000a00       0x2d C:/ST/STM32CubeIDE_1.15.0/STM32CubeIDE/plugins/com.st.stm32cube.ide.mcu.externaltools.gnu-tools-for-stm32.12.3.rel1.win32_1.0.100.202403111256/tools/bin/../lib/gcc/arm-none-eabi/12.3.1/../../../../arm-none-eabi/lib/thumb/v7-m/nofp\libc_nano.a(libc_a-nano-svfprintf.o)
 .ARM.attributes
                0x00000a2d       0x2d C:/ST/STM32CubeIDE_1.15.0/STM32CubeIDE/plugins/com.st.stm32cube.ide.mcu.externaltools.gnu-tools-for-stm32.12.3.rel1.win32_1.0.100.202403111256/tools/bin/../lib/gcc/arm-none-eabi/12.3.1/../../../../arm-none-eabi/lib/thumb/v7-m/nofp\libc_nano.a(libc_a-nano-vfprintf.o)
 .ARM.attributes
                0x00000a5a       0x2d C:/ST/STM32CubeIDE_1.15.0/STM32CubeIDE/plugins/com.st.stm32cube.ide.mcu.externaltools.gnu-tools-for-stm32.12.3.rel1.win32_1.0.100.202403111256/tools/bin/../lib/gcc/arm-none-eabi/12.3.1/../../../../arm-none-eabi/lib/thumb/v7-m/nofp\libc_nano.a(libc_a-nano-vfprintf_i.o)
 .ARM.attributes
                0x00000a87       0x2d C:/ST/STM32CubeIDE_1.15.0/STM32CubeIDE/plugins/com.st.stm32cube.ide.mcu.externaltools.gnu-tools-for-stm32.12.3.rel1.win32_1.0.100.202403111256/tools/bin/../lib/gcc/arm-none-eabi/12.3.1/../../../../arm-none-eabi/lib/thumb/v7-m/nofp\libc_nano.a(libc_a-fflush.o)
 .ARM.attributes
                0x00000ab4       0x2d C:/ST/STM32CubeIDE_1.15.0/STM32CubeIDE/plugins/com.st.stm32cube.ide.mcu.externaltools.gnu-tools-for-stm32.12.3.rel1.win32_1.0.100.202403111256/tools/bin/../lib/gcc/arm-none-eabi/12.3.1/../../../../arm-none-eabi/lib/thumb/v7-m/nofp\libc_nano.a(libc_a-makebuf.o)
 .ARM.attributes
                0x00000ae1       0x2d C:/ST/STM32CubeIDE_1.15.0/STM32CubeIDE/plugins/com.st.stm32cube.ide.mcu.externaltools.gnu-tools-for-stm32.12.3.rel1.win32_1.0.100.202403111256/tools/bin/../lib/gcc/arm-none-eabi/12.3.1/../../../../arm-none-eabi/lib/thumb/v7-m/nofp\libc_nano.a(libc_a-memmove.o)
 .ARM.attributes
                0x00000b0e       0x2d C:/ST/STM32CubeIDE_1.15.0/STM32CubeIDE/plugins/com.st.stm32cube.ide.mcu.externaltools.gnu-tools-for-stm32.12.3.rel1.win32_1.0.100.202403111256/tools/bin/../lib/gcc/arm-none-eabi/12.3.1/../../../../arm-none-eabi/lib/thumb/v7-m/nofp\libc_nano.a(libc_a-fstatr.o)
 .ARM.attributes
                0x00000b3b       0x2d C:/ST/STM32CubeIDE_1.15.0/STM32CubeIDE/plugins/com.st.stm32cube.ide.mcu.externaltools.gnu-tools-for-stm32.12.3.rel1.win32_1.0.100.202403111256/tools/bin/../lib/gcc/arm-none-eabi/12.3.1/../../../../arm-none-eabi/lib/thumb/v7-m/nofp\libc_nano.a(libc_a-isattyr.o)