11:43:31 **** Incremental Build of configuration Debug for project STM32F4_GrowController ****
make -j12 all 
arm-none-eabi-gcc "../Core/Src/main.c" -mcpu=cortex-m4 -std=gnu11 -g3 -DDEBUG -DUSE_HAL_DRIVER -DSTM32F407xx -c -I../Core/Inc -I../LWIP/App -I../LWIP/Target -I../Middlewares/Third_Party/LwIP/src/include -I../Middlewares/Third_Party/LwIP/system -I../Drivers/STM32F4xx_HAL_Driver/Inc -I../Drivers/STM32F4xx_HAL_Driver/Inc/Legacy -I../Drivers/BSP/Components/dp83848 -I../Middlewares/Third_Party/LwIP/src/include/netif/ppp -I../Drivers/CMSIS/Device/ST/STM32F4xx/Include -I../Middlewares/Third_Party/LwIP/src/include/lwip -I../Middlewares/Third_Party/LwIP/src/include/lwip/apps -I../Middlewares/Third_Party/LwIP/src/include/lwip/priv -I../Middlewares/Third_Party/LwIP/src/include/lwip/prot -I../Middlewares/Third_Party/LwIP/src/include/netif -I../Middlewares/Third_Party/LwIP/src/include/compat/posix -I../Middlewares/Third_Party/LwIP/src/include/compat/posix/arpa -I../Middlewares/Third_Party/LwIP/src/include/compat/posix/net -I../Middlewares/Third_Party/LwIP/src/include/compat/posix/sys -I../Middlewares/Third_Party/LwIP/src/include/compat/stdc -I../Middlewares/Third_Party/LwIP/system/arch -I../Drivers/CMSIS/Include -O0 -ffunction-sections -fdata-sections -Wall -fstack-usage -fcyclomatic-complexity -MMD -MP -MF"Core/Src/main.d" -MT"Core/Src/main.o" --specs=nano.specs -mfpu=fpv4-sp-d16 -mfloat-abi=hard -mthumb -o "Core/Src/main.o"
arm-none-eabi-g++ -o "STM32F4_GrowController.elf" @"objects.list"   -mcpu=cortex-m4 -T"D:\git\GrowBox_NG\growbox-controller\STM32_GrowController\STM32F4_GrowController\STM32F407VETX_FLASH.ld" --specs=nosys.specs -Wl,-Map="STM32F4_GrowController.map" -Wl,--gc-sections -static --specs=nano.specs -mfpu=fpv4-sp-d16 -mfloat-abi=hard -mthumb -Wl,--start-group -lc -lm -lstdc++ -lsupc++ -Wl,--end-group
Finished building target: STM32F4_GrowController.elf
 
arm-none-eabi-size  STM32F4_GrowController.elf 
arm-none-eabi-objdump -h -S STM32F4_GrowController.elf  > "STM32F4_GrowController.list"
   text	   data	    bss	    dec	    hex	filename
  93032	    140	  37132	 130304	  1fd00	STM32F4_GrowController.elf
arm-none-eabi-objcopy  -O ihex STM32F4_GrowController.elf  "STM32F4_GrowController.hex"
Finished building: default.size.stdout
 
Finished building: STM32F4_GrowController.hex
 
Finished building: STM32F4_GrowController.list
 

11:43:33 Build Finished. 0 errors, 0 warnings. (took 1s.960ms)

