../Core/Src/main.c:93:5:_write	32	static
../Core/Src/main.c:113:5:main	16	static
../Core/Src/main.c:217:6:SystemClock_Config	72	static
../Core/Src/main.c:256:13:MX_SPI2_Init	8	static
../Core/Src/main.c:292:13:MX_USART2_UART_Init	8	static
../Core/Src/main.c:323:13:MX_GPIO_Init	40	static
../Core/Src/main.c:370:6:print_network_information	32	static
../Core/Src/main.c:380:8:process_dhcp	16	static
../Core/Src/main.c:421:8:process_dns	16	static
../Core/Src/main.c:468:6:Error_Handler	4	static,ignoring_inline_asm
